[0.136s] DEBUG:colcon:Command line arguments: ['/usr/bin/colcon', 'build', '--packages-select', 'lio_sam']
[0.137s] DEBUG:colcon:Parsed command line arguments: Namespace(log_base=None, log_level=None, verb_name='build', build_base='build', install_base='install', merge_install=False, symlink_install=False, test_result_base=None, continue_on_error=False, executor='parallel', parallel_workers=8, event_handlers=None, ignore_user_meta=False, metas=['./colcon.meta'], base_paths=['.'], packages_ignore=None, packages_ignore_regex=None, paths=None, packages_up_to=None, packages_up_to_regex=None, packages_above=None, packages_above_and_dependencies=None, packages_above_depth=None, packages_select_by_dep=None, packages_skip_by_dep=None, packages_skip_up_to=None, packages_select_build_failed=False, packages_skip_build_finished=False, packages_select_test_failures=False, packages_skip_test_passed=False, packages_select=['lio_sam'], packages_skip=None, packages_select_regex=None, packages_skip_regex=None, packages_start=None, packages_end=None, allow_overriding=[], cmake_args=None, cmake_target=None, cmake_target_skip_unavailable=False, cmake_clean_cache=False, cmake_clean_first=False, cmake_force_configure=False, ament_cmake_args=None, catkin_cmake_args=None, catkin_skip_building_tests=False, mixin_files=None, mixin=None, verb_parser=<colcon_mixin.mixin.mixin_argument.MixinArgumentDecorator object at 0x74db630b3110>, verb_extension=<colcon_core.verb.build.BuildVerb object at 0x74db630b2e70>, main=<bound method BuildVerb.main of <colcon_core.verb.build.BuildVerb object at 0x74db630b2e70>>, mixin_verb=('build',))
[0.179s] Level 1:colcon.colcon_core.package_discovery:discover_packages(colcon_meta) check parameters
[0.179s] Level 1:colcon.colcon_core.package_discovery:discover_packages(recursive) check parameters
[0.179s] Level 1:colcon.colcon_core.package_discovery:discover_packages(ignore) check parameters
[0.179s] Level 1:colcon.colcon_core.package_discovery:discover_packages(path) check parameters
[0.179s] Level 1:colcon.colcon_core.package_discovery:discover_packages(colcon_meta) discover
[0.179s] Level 1:colcon.colcon_core.package_discovery:discover_packages(recursive) discover
[0.179s] INFO:colcon.colcon_core.package_discovery:Crawling recursively for packages in '/home/robot/jackal_nav2_ws'
[0.179s] Level 1:colcon.colcon_core.package_identification:_identify(.) by extensions ['ignore', 'ignore_ament_install']
[0.179s] Level 1:colcon.colcon_core.package_identification:_identify(.) by extension 'ignore'
[0.179s] Level 1:colcon.colcon_core.package_identification:_identify(.) by extension 'ignore_ament_install'
[0.179s] Level 1:colcon.colcon_core.package_identification:_identify(.) by extensions ['colcon_pkg']
[0.179s] Level 1:colcon.colcon_core.package_identification:_identify(.) by extension 'colcon_pkg'
[0.179s] Level 1:colcon.colcon_core.package_identification:_identify(.) by extensions ['colcon_meta']
[0.179s] Level 1:colcon.colcon_core.package_identification:_identify(.) by extension 'colcon_meta'
[0.179s] Level 1:colcon.colcon_core.package_identification:_identify(.) by extensions ['ros']
[0.179s] Level 1:colcon.colcon_core.package_identification:_identify(.) by extension 'ros'
[0.209s] Level 1:colcon.colcon_core.package_identification:_identify(.) by extensions ['cmake', 'python']
[0.209s] Level 1:colcon.colcon_core.package_identification:_identify(.) by extension 'cmake'
[0.209s] Level 1:colcon.colcon_core.package_identification:_identify(.) by extension 'python'
[0.209s] Level 1:colcon.colcon_core.package_identification:_identify(.) by extensions ['python_setup_py']
[0.210s] Level 1:colcon.colcon_core.package_identification:_identify(.) by extension 'python_setup_py'
[0.210s] Level 1:colcon.colcon_core.package_identification:_identify(build) by extensions ['ignore', 'ignore_ament_install']
[0.210s] Level 1:colcon.colcon_core.package_identification:_identify(build) by extension 'ignore'
[0.210s] Level 1:colcon.colcon_core.package_identification:_identify(build) ignored
[0.210s] Level 1:colcon.colcon_core.package_identification:_identify(install) by extensions ['ignore', 'ignore_ament_install']
[0.210s] Level 1:colcon.colcon_core.package_identification:_identify(install) by extension 'ignore'
[0.210s] Level 1:colcon.colcon_core.package_identification:_identify(install) ignored
[0.210s] Level 1:colcon.colcon_core.package_identification:_identify(log) by extensions ['ignore', 'ignore_ament_install']
[0.210s] Level 1:colcon.colcon_core.package_identification:_identify(log) by extension 'ignore'
[0.211s] Level 1:colcon.colcon_core.package_identification:_identify(log) ignored
[0.211s] Level 1:colcon.colcon_core.package_identification:_identify(rosbag2_2025_10_31-20_02_28) by extensions ['ignore', 'ignore_ament_install']
[0.211s] Level 1:colcon.colcon_core.package_identification:_identify(rosbag2_2025_10_31-20_02_28) by extension 'ignore'
[0.211s] Level 1:colcon.colcon_core.package_identification:_identify(rosbag2_2025_10_31-20_02_28) by extension 'ignore_ament_install'
[0.211s] Level 1:colcon.colcon_core.package_identification:_identify(rosbag2_2025_10_31-20_02_28) by extensions ['colcon_pkg']
[0.211s] Level 1:colcon.colcon_core.package_identification:_identify(rosbag2_2025_10_31-20_02_28) by extension 'colcon_pkg'
[0.211s] Level 1:colcon.colcon_core.package_identification:_identify(rosbag2_2025_10_31-20_02_28) by extensions ['colcon_meta']
[0.211s] Level 1:colcon.colcon_core.package_identification:_identify(rosbag2_2025_10_31-20_02_28) by extension 'colcon_meta'
[0.211s] Level 1:colcon.colcon_core.package_identification:_identify(rosbag2_2025_10_31-20_02_28) by extensions ['ros']
[0.211s] Level 1:colcon.colcon_core.package_identification:_identify(rosbag2_2025_10_31-20_02_28) by extension 'ros'
[0.211s] Level 1:colcon.colcon_core.package_identification:_identify(rosbag2_2025_10_31-20_02_28) by extensions ['cmake', 'python']
[0.211s] Level 1:colcon.colcon_core.package_identification:_identify(rosbag2_2025_10_31-20_02_28) by extension 'cmake'
[0.211s] Level 1:colcon.colcon_core.package_identification:_identify(rosbag2_2025_10_31-20_02_28) by extension 'python'
[0.211s] Level 1:colcon.colcon_core.package_identification:_identify(rosbag2_2025_10_31-20_02_28) by extensions ['python_setup_py']
[0.211s] Level 1:colcon.colcon_core.package_identification:_identify(rosbag2_2025_10_31-20_02_28) by extension 'python_setup_py'
[0.212s] Level 1:colcon.colcon_core.package_identification:_identify(src) by extensions ['ignore', 'ignore_ament_install']
[0.212s] Level 1:colcon.colcon_core.package_identification:_identify(src) by extension 'ignore'
[0.212s] Level 1:colcon.colcon_core.package_identification:_identify(src) by extension 'ignore_ament_install'
[0.212s] Level 1:colcon.colcon_core.package_identification:_identify(src) by extensions ['colcon_pkg']
[0.212s] Level 1:colcon.colcon_core.package_identification:_identify(src) by extension 'colcon_pkg'
[0.212s] Level 1:colcon.colcon_core.package_identification:_identify(src) by extensions ['colcon_meta']
[0.212s] Level 1:colcon.colcon_core.package_identification:_identify(src) by extension 'colcon_meta'
[0.212s] Level 1:colcon.colcon_core.package_identification:_identify(src) by extensions ['ros']
[0.212s] Level 1:colcon.colcon_core.package_identification:_identify(src) by extension 'ros'
[0.212s] Level 1:colcon.colcon_core.package_identification:_identify(src) by extensions ['cmake', 'python']
[0.212s] Level 1:colcon.colcon_core.package_identification:_identify(src) by extension 'cmake'
[0.212s] Level 1:colcon.colcon_core.package_identification:_identify(src) by extension 'python'
[0.212s] Level 1:colcon.colcon_core.package_identification:_identify(src) by extensions ['python_setup_py']
[0.212s] Level 1:colcon.colcon_core.package_identification:_identify(src) by extension 'python_setup_py'
[0.212s] Level 1:colcon.colcon_core.package_identification:_identify(src/LIO-SAM) by extensions ['ignore', 'ignore_ament_install']
[0.213s] Level 1:colcon.colcon_core.package_identification:_identify(src/LIO-SAM) by extension 'ignore'
[0.213s] Level 1:colcon.colcon_core.package_identification:_identify(src/LIO-SAM) by extension 'ignore_ament_install'
[0.213s] Level 1:colcon.colcon_core.package_identification:_identify(src/LIO-SAM) by extensions ['colcon_pkg']
[0.213s] Level 1:colcon.colcon_core.package_identification:_identify(src/LIO-SAM) by extension 'colcon_pkg'
[0.213s] Level 1:colcon.colcon_core.package_identification:_identify(src/LIO-SAM) by extensions ['colcon_meta']
[0.213s] Level 1:colcon.colcon_core.package_identification:_identify(src/LIO-SAM) by extension 'colcon_meta'
[0.213s] Level 1:colcon.colcon_core.package_identification:_identify(src/LIO-SAM) by extensions ['ros']
[0.213s] Level 1:colcon.colcon_core.package_identification:_identify(src/LIO-SAM) by extension 'ros'
[0.216s] DEBUG:colcon.colcon_core.package_identification:Package 'src/LIO-SAM' with type 'ros.ament_cmake' and name 'lio_sam'
[0.216s] Level 1:colcon.colcon_core.package_identification:_identify(src/build) by extensions ['ignore', 'ignore_ament_install']
[0.216s] Level 1:colcon.colcon_core.package_identification:_identify(src/build) by extension 'ignore'
[0.216s] Level 1:colcon.colcon_core.package_identification:_identify(src/build) ignored
[0.216s] Level 1:colcon.colcon_core.package_identification:_identify(src/install) by extensions ['ignore', 'ignore_ament_install']
[0.216s] Level 1:colcon.colcon_core.package_identification:_identify(src/install) by extension 'ignore'
[0.217s] Level 1:colcon.colcon_core.package_identification:_identify(src/install) ignored
[0.217s] Level 1:colcon.colcon_core.package_identification:_identify(src/jackal_nav2) by extensions ['ignore', 'ignore_ament_install']
[0.217s] Level 1:colcon.colcon_core.package_identification:_identify(src/jackal_nav2) by extension 'ignore'
[0.217s] Level 1:colcon.colcon_core.package_identification:_identify(src/jackal_nav2) by extension 'ignore_ament_install'
[0.217s] Level 1:colcon.colcon_core.package_identification:_identify(src/jackal_nav2) by extensions ['colcon_pkg']
[0.217s] Level 1:colcon.colcon_core.package_identification:_identify(src/jackal_nav2) by extension 'colcon_pkg'
[0.217s] Level 1:colcon.colcon_core.package_identification:_identify(src/jackal_nav2) by extensions ['colcon_meta']
[0.217s] Level 1:colcon.colcon_core.package_identification:_identify(src/jackal_nav2) by extension 'colcon_meta'
[0.217s] Level 1:colcon.colcon_core.package_identification:_identify(src/jackal_nav2) by extensions ['ros']
[0.217s] Level 1:colcon.colcon_core.package_identification:_identify(src/jackal_nav2) by extension 'ros'
[0.218s] DEBUG:colcon.colcon_core.package_identification:Package 'src/jackal_nav2' with type 'ros.ament_cmake' and name 'jackal_nav2'
[0.218s] Level 1:colcon.colcon_core.package_identification:_identify(src/log) by extensions ['ignore', 'ignore_ament_install']
[0.218s] Level 1:colcon.colcon_core.package_identification:_identify(src/log) by extension 'ignore'
[0.218s] Level 1:colcon.colcon_core.package_identification:_identify(src/log) ignored
[0.218s] Level 1:colcon.colcon_core.package_discovery:discover_packages(recursive) using defaults
[0.218s] Level 1:colcon.colcon_core.package_discovery:discover_packages(ignore) discover
[0.218s] Level 1:colcon.colcon_core.package_discovery:discover_packages(ignore) using defaults
[0.219s] Level 1:colcon.colcon_core.package_discovery:discover_packages(path) discover
[0.219s] Level 1:colcon.colcon_core.package_discovery:discover_packages(path) using defaults
[0.238s] INFO:colcon.colcon_core.package_selection:Skipping not selected package 'jackal_nav2' in 'src/jackal_nav2'
[0.238s] Level 1:colcon.colcon_core.package_discovery:discover_packages(prefix_path) check parameters
[0.239s] Level 1:colcon.colcon_core.package_discovery:discover_packages(prefix_path) discover
[0.241s] DEBUG:colcon.colcon_installed_package_information.package_discovery:Found 2 installed packages in /home/robot/jackal_nav2_ws/install
[0.241s] DEBUG:colcon.colcon_installed_package_information.package_discovery:Found 1 installed packages in /home/robot/jackal_nav2_ws/src/install
[0.244s] DEBUG:colcon.colcon_installed_package_information.package_discovery:Found 518 installed packages in /opt/ros/jazzy
[0.246s] Level 1:colcon.colcon_core.package_discovery:discover_packages(prefix_path) using defaults
[0.335s] Level 5:colcon.colcon_core.verb:set package 'lio_sam' build argument 'cmake_args' from command line to 'None'
[0.336s] Level 5:colcon.colcon_core.verb:set package 'lio_sam' build argument 'cmake_target' from command line to 'None'
[0.336s] Level 5:colcon.colcon_core.verb:set package 'lio_sam' build argument 'cmake_target_skip_unavailable' from command line to 'False'
[0.336s] Level 5:colcon.colcon_core.verb:set package 'lio_sam' build argument 'cmake_clean_cache' from command line to 'False'
[0.336s] Level 5:colcon.colcon_core.verb:set package 'lio_sam' build argument 'cmake_clean_first' from command line to 'False'
[0.336s] Level 5:colcon.colcon_core.verb:set package 'lio_sam' build argument 'cmake_force_configure' from command line to 'False'
[0.336s] Level 5:colcon.colcon_core.verb:set package 'lio_sam' build argument 'ament_cmake_args' from command line to 'None'
[0.336s] Level 5:colcon.colcon_core.verb:set package 'lio_sam' build argument 'catkin_cmake_args' from command line to 'None'
[0.336s] Level 5:colcon.colcon_core.verb:set package 'lio_sam' build argument 'catkin_skip_building_tests' from command line to 'False'
[0.336s] DEBUG:colcon.colcon_core.verb:Building package 'lio_sam' with the following arguments: {'ament_cmake_args': None, 'build_base': '/home/robot/jackal_nav2_ws/build/lio_sam', 'catkin_cmake_args': None, 'catkin_skip_building_tests': False, 'cmake_args': None, 'cmake_clean_cache': False, 'cmake_clean_first': False, 'cmake_force_configure': False, 'cmake_target': None, 'cmake_target_skip_unavailable': False, 'install_base': '/home/robot/jackal_nav2_ws/install/lio_sam', 'merge_install': False, 'path': '/home/robot/jackal_nav2_ws/src/LIO-SAM', 'symlink_install': False, 'test_result_base': None}
[0.336s] INFO:colcon.colcon_core.executor:Executing jobs using 'parallel' executor
[0.337s] DEBUG:colcon.colcon_parallel_executor.executor.parallel:run_until_complete
[0.337s] INFO:colcon.colcon_ros.task.ament_cmake.build:Building ROS package in '/home/robot/jackal_nav2_ws/src/LIO-SAM' with build type 'ament_cmake'
[0.338s] INFO:colcon.colcon_cmake.task.cmake.build:Building CMake package in '/home/robot/jackal_nav2_ws/src/LIO-SAM'
[0.340s] INFO:colcon.colcon_core.plugin_system:Skipping extension 'colcon_core.shell.bat': Not used on non-Windows systems
[0.340s] INFO:colcon.colcon_core.shell:Skip shell extension 'powershell' for command environment: Not usable outside of PowerShell
[0.340s] DEBUG:colcon.colcon_core.shell:Skip shell extension 'dsv' for command environment
[0.353s] DEBUG:colcon.colcon_core.event_handler.log_command:Invoking command in '/home/robot/jackal_nav2_ws/build/lio_sam': CMAKE_PREFIX_PATH=${CMAKE_PREFIX_PATH}:/opt/ros/jazzy DEBUGINFOD_URLS=https://debuginfod.ubuntu.com NX_CONNECTION=10.147.78.120 34510 10.159.67.249 4000 /usr/bin/cmake /home/robot/jackal_nav2_ws/src/LIO-SAM -DCMAKE_INSTALL_PREFIX=/home/robot/jackal_nav2_ws/install/lio_sam
[5.765s] DEBUG:colcon.colcon_core.event_handler.log_command:Invoked command in '/home/robot/jackal_nav2_ws/build/lio_sam' returned '0': CMAKE_PREFIX_PATH=${CMAKE_PREFIX_PATH}:/opt/ros/jazzy DEBUGINFOD_URLS=https://debuginfod.ubuntu.com NX_CONNECTION=10.147.78.120 34510 10.159.67.249 4000 /usr/bin/cmake /home/robot/jackal_nav2_ws/src/LIO-SAM -DCMAKE_INSTALL_PREFIX=/home/robot/jackal_nav2_ws/install/lio_sam
[5.766s] DEBUG:colcon.colcon_core.event_handler.log_command:Invoking command in '/home/robot/jackal_nav2_ws/build/lio_sam': CMAKE_PREFIX_PATH=${CMAKE_PREFIX_PATH}:/opt/ros/jazzy DEBUGINFOD_URLS=https://debuginfod.ubuntu.com NX_CONNECTION=10.147.78.120 34510 10.159.67.249 4000 /usr/bin/cmake --build /home/robot/jackal_nav2_ws/build/lio_sam -- -j8 -l8
[6.337s] DEBUG:colcon.colcon_core.event_handler.log_command:Invoked command in '/home/robot/jackal_nav2_ws/build/lio_sam' returned '0': CMAKE_PREFIX_PATH=${CMAKE_PREFIX_PATH}:/opt/ros/jazzy DEBUGINFOD_URLS=https://debuginfod.ubuntu.com NX_CONNECTION=10.147.78.120 34510 10.159.67.249 4000 /usr/bin/cmake --build /home/robot/jackal_nav2_ws/build/lio_sam -- -j8 -l8
[6.348s] DEBUG:colcon.colcon_core.event_handler.log_command:Invoking command in '/home/robot/jackal_nav2_ws/build/lio_sam': CMAKE_PREFIX_PATH=${CMAKE_PREFIX_PATH}:/opt/ros/jazzy DEBUGINFOD_URLS=https://debuginfod.ubuntu.com NX_CONNECTION=10.147.78.120 34510 10.159.67.249 4000 /usr/bin/cmake --install /home/robot/jackal_nav2_ws/build/lio_sam
[6.446s] Level 1:colcon.colcon_core.environment:create_environment_scripts_only(lio_sam)
[6.447s] DEBUG:colcon.colcon_core.event_handler.log_command:Invoked command in '/home/robot/jackal_nav2_ws/build/lio_sam' returned '0': CMAKE_PREFIX_PATH=${CMAKE_PREFIX_PATH}:/opt/ros/jazzy DEBUGINFOD_URLS=https://debuginfod.ubuntu.com NX_CONNECTION=10.147.78.120 34510 10.159.67.249 4000 /usr/bin/cmake --install /home/robot/jackal_nav2_ws/build/lio_sam
[6.449s] Level 1:colcon.colcon_core.environment:checking '/home/robot/jackal_nav2_ws/install/lio_sam' for CMake module files
[6.450s] Level 1:colcon.colcon_core.environment:checking '/home/robot/jackal_nav2_ws/install/lio_sam' for CMake config files
[6.450s] Level 1:colcon.colcon_core.shell:create_environment_hook('lio_sam', 'cmake_prefix_path')
[6.450s] INFO:colcon.colcon_core.shell:Creating environment hook '/home/robot/jackal_nav2_ws/install/lio_sam/share/lio_sam/hook/cmake_prefix_path.ps1'
[6.451s] INFO:colcon.colcon_core.shell:Creating environment descriptor '/home/robot/jackal_nav2_ws/install/lio_sam/share/lio_sam/hook/cmake_prefix_path.dsv'
[6.451s] INFO:colcon.colcon_core.shell:Creating environment hook '/home/robot/jackal_nav2_ws/install/lio_sam/share/lio_sam/hook/cmake_prefix_path.sh'
[6.452s] Level 1:colcon.colcon_core.environment:checking '/home/robot/jackal_nav2_ws/install/lio_sam/lib'
[6.452s] Level 1:colcon.colcon_core.shell:create_environment_hook('lio_sam', 'ld_library_path_lib')
[6.453s] INFO:colcon.colcon_core.shell:Creating environment hook '/home/robot/jackal_nav2_ws/install/lio_sam/share/lio_sam/hook/ld_library_path_lib.ps1'
[6.453s] INFO:colcon.colcon_core.shell:Creating environment descriptor '/home/robot/jackal_nav2_ws/install/lio_sam/share/lio_sam/hook/ld_library_path_lib.dsv'
[6.453s] INFO:colcon.colcon_core.shell:Creating environment hook '/home/robot/jackal_nav2_ws/install/lio_sam/share/lio_sam/hook/ld_library_path_lib.sh'
[6.454s] Level 1:colcon.colcon_core.environment:checking '/home/robot/jackal_nav2_ws/install/lio_sam/bin'
[6.454s] Level 1:colcon.colcon_core.environment:checking '/home/robot/jackal_nav2_ws/install/lio_sam/lib/pkgconfig/lio_sam.pc'
[6.454s] Level 1:colcon.colcon_core.environment:checking '/home/robot/jackal_nav2_ws/install/lio_sam/lib/python3.12/site-packages'
[6.454s] Level 1:colcon.colcon_core.shell:create_environment_hook('lio_sam', 'pythonpath')
[6.454s] INFO:colcon.colcon_core.shell:Creating environment hook '/home/robot/jackal_nav2_ws/install/lio_sam/share/lio_sam/hook/pythonpath.ps1'
[6.455s] INFO:colcon.colcon_core.shell:Creating environment descriptor '/home/robot/jackal_nav2_ws/install/lio_sam/share/lio_sam/hook/pythonpath.dsv'
[6.455s] INFO:colcon.colcon_core.shell:Creating environment hook '/home/robot/jackal_nav2_ws/install/lio_sam/share/lio_sam/hook/pythonpath.sh'
[6.456s] Level 1:colcon.colcon_core.environment:checking '/home/robot/jackal_nav2_ws/install/lio_sam/bin'
[6.456s] INFO:colcon.colcon_core.shell:Creating package script '/home/robot/jackal_nav2_ws/install/lio_sam/share/lio_sam/package.ps1'
[6.457s] INFO:colcon.colcon_core.shell:Creating package descriptor '/home/robot/jackal_nav2_ws/install/lio_sam/share/lio_sam/package.dsv'
[6.458s] INFO:colcon.colcon_core.shell:Creating package script '/home/robot/jackal_nav2_ws/install/lio_sam/share/lio_sam/package.sh'
[6.459s] INFO:colcon.colcon_core.shell:Creating package script '/home/robot/jackal_nav2_ws/install/lio_sam/share/lio_sam/package.bash'
[6.460s] INFO:colcon.colcon_core.shell:Creating package script '/home/robot/jackal_nav2_ws/install/lio_sam/share/lio_sam/package.zsh'
[6.460s] Level 1:colcon.colcon_core.environment:create_file_with_runtime_dependencies(/home/robot/jackal_nav2_ws/install/lio_sam/share/colcon-core/packages/lio_sam)
[6.461s] Level 1:colcon.colcon_core.environment:create_environment_scripts_only(lio_sam)
[6.461s] Level 1:colcon.colcon_core.environment:checking '/home/robot/jackal_nav2_ws/install/lio_sam' for CMake module files
[6.462s] Level 1:colcon.colcon_core.environment:checking '/home/robot/jackal_nav2_ws/install/lio_sam' for CMake config files
[6.462s] Level 1:colcon.colcon_core.shell:create_environment_hook('lio_sam', 'cmake_prefix_path')
[6.462s] INFO:colcon.colcon_core.shell:Creating environment hook '/home/robot/jackal_nav2_ws/install/lio_sam/share/lio_sam/hook/cmake_prefix_path.ps1'
[6.463s] INFO:colcon.colcon_core.shell:Creating environment descriptor '/home/robot/jackal_nav2_ws/install/lio_sam/share/lio_sam/hook/cmake_prefix_path.dsv'
[6.463s] INFO:colcon.colcon_core.shell:Creating environment hook '/home/robot/jackal_nav2_ws/install/lio_sam/share/lio_sam/hook/cmake_prefix_path.sh'
[6.464s] Level 1:colcon.colcon_core.environment:checking '/home/robot/jackal_nav2_ws/install/lio_sam/lib'
[6.464s] Level 1:colcon.colcon_core.shell:create_environment_hook('lio_sam', 'ld_library_path_lib')
[6.464s] INFO:colcon.colcon_core.shell:Creating environment hook '/home/robot/jackal_nav2_ws/install/lio_sam/share/lio_sam/hook/ld_library_path_lib.ps1'
[6.464s] INFO:colcon.colcon_core.shell:Creating environment descriptor '/home/robot/jackal_nav2_ws/install/lio_sam/share/lio_sam/hook/ld_library_path_lib.dsv'
[6.465s] INFO:colcon.colcon_core.shell:Creating environment hook '/home/robot/jackal_nav2_ws/install/lio_sam/share/lio_sam/hook/ld_library_path_lib.sh'
[6.465s] Level 1:colcon.colcon_core.environment:checking '/home/robot/jackal_nav2_ws/install/lio_sam/bin'
[6.465s] Level 1:colcon.colcon_core.environment:checking '/home/robot/jackal_nav2_ws/install/lio_sam/lib/pkgconfig/lio_sam.pc'
[6.465s] Level 1:colcon.colcon_core.environment:checking '/home/robot/jackal_nav2_ws/install/lio_sam/lib/python3.12/site-packages'
[6.466s] Level 1:colcon.colcon_core.shell:create_environment_hook('lio_sam', 'pythonpath')
[6.466s] INFO:colcon.colcon_core.shell:Creating environment hook '/home/robot/jackal_nav2_ws/install/lio_sam/share/lio_sam/hook/pythonpath.ps1'
[6.466s] INFO:colcon.colcon_core.shell:Creating environment descriptor '/home/robot/jackal_nav2_ws/install/lio_sam/share/lio_sam/hook/pythonpath.dsv'
[6.467s] INFO:colcon.colcon_core.shell:Creating environment hook '/home/robot/jackal_nav2_ws/install/lio_sam/share/lio_sam/hook/pythonpath.sh'
[6.468s] Level 1:colcon.colcon_core.environment:checking '/home/robot/jackal_nav2_ws/install/lio_sam/bin'
[6.468s] INFO:colcon.colcon_core.shell:Creating package script '/home/robot/jackal_nav2_ws/install/lio_sam/share/lio_sam/package.ps1'
[6.469s] INFO:colcon.colcon_core.shell:Creating package descriptor '/home/robot/jackal_nav2_ws/install/lio_sam/share/lio_sam/package.dsv'
[6.470s] INFO:colcon.colcon_core.shell:Creating package script '/home/robot/jackal_nav2_ws/install/lio_sam/share/lio_sam/package.sh'
[6.470s] INFO:colcon.colcon_core.shell:Creating package script '/home/robot/jackal_nav2_ws/install/lio_sam/share/lio_sam/package.bash'
[6.471s] INFO:colcon.colcon_core.shell:Creating package script '/home/robot/jackal_nav2_ws/install/lio_sam/share/lio_sam/package.zsh'
[6.471s] Level 1:colcon.colcon_core.environment:create_file_with_runtime_dependencies(/home/robot/jackal_nav2_ws/install/lio_sam/share/colcon-core/packages/lio_sam)
[6.471s] DEBUG:colcon.colcon_parallel_executor.executor.parallel:closing loop
[6.471s] DEBUG:colcon.colcon_parallel_executor.executor.parallel:loop closed
[6.471s] DEBUG:colcon.colcon_parallel_executor.executor.parallel:run_until_complete finished with '0'
[6.472s] DEBUG:colcon.colcon_core.event_reactor:joining thread
[6.478s] INFO:colcon.colcon_core.plugin_system:Skipping extension 'colcon_notification.desktop_notification.terminal_notifier': Not used on non-Darwin systems
[6.478s] INFO:colcon.colcon_core.plugin_system:Skipping extension 'colcon_notification.desktop_notification.win32': Not used on non-Windows systems
[6.478s] INFO:colcon.colcon_notification.desktop_notification:Sending desktop notification using 'notify2'
[6.492s] DEBUG:colcon.colcon_core.event_reactor:joined thread
[6.493s] INFO:colcon.colcon_core.shell:Creating prefix script '/home/robot/jackal_nav2_ws/install/local_setup.ps1'
[6.494s] INFO:colcon.colcon_core.shell:Creating prefix util module '/home/robot/jackal_nav2_ws/install/_local_setup_util_ps1.py'
[6.495s] INFO:colcon.colcon_core.shell:Creating prefix chain script '/home/robot/jackal_nav2_ws/install/setup.ps1'
[6.496s] INFO:colcon.colcon_core.shell:Creating prefix script '/home/robot/jackal_nav2_ws/install/local_setup.sh'
[6.497s] INFO:colcon.colcon_core.shell:Creating prefix util module '/home/robot/jackal_nav2_ws/install/_local_setup_util_sh.py'
[6.497s] INFO:colcon.colcon_core.shell:Creating prefix chain script '/home/robot/jackal_nav2_ws/install/setup.sh'
[6.499s] INFO:colcon.colcon_core.shell:Creating prefix script '/home/robot/jackal_nav2_ws/install/local_setup.bash'
[6.499s] INFO:colcon.colcon_core.shell:Creating prefix chain script '/home/robot/jackal_nav2_ws/install/setup.bash'
[6.501s] INFO:colcon.colcon_core.shell:Creating prefix script '/home/robot/jackal_nav2_ws/install/local_setup.zsh'
[6.501s] INFO:colcon.colcon_core.shell:Creating prefix chain script '/home/robot/jackal_nav2_ws/install/setup.zsh'
