[0.014s] Invoking command in '/home/robot/jackal_nav2_ws/build/lio_sam': CMAKE_PREFIX_PATH=${CMAKE_PREFIX_PATH}:/opt/ros/jazzy DEBUGINFOD_URLS=https://debuginfod.ubuntu.com /usr/bin/cmake /home/robot/jackal_nav2_ws/src/LIO-SAM -DCMAKE_INSTALL_PREFIX=/home/robot/jackal_nav2_ws/install/lio_sam
[0.083s] -- Found ament_cmake: 2.5.4 (/opt/ros/jazzy/share/ament_cmake/cmake)
[0.117s] -- Found Python3: /usr/bin/python3 (found version "3.12.3") found components: Interpreter 
[0.208s] -- Override CMake install command with custom implementation using symlinks instead of copying resources
[0.231s] -- Found rosidl_default_generators: 1.6.0 (/opt/ros/jazzy/share/rosidl_default_generators/cmake)
[0.236s] -- Using all available rosidl_typesupport_c: rosidl_typesupport_fastrtps_c;rosidl_typesupport_introspection_c
[0.296s] -- Using all available rosidl_typesupport_cpp: rosidl_typesupport_fastrtps_cpp;rosidl_typesupport_introspection_cpp
[0.347s] -- Found rosidl_adapter: 4.6.6 (/opt/ros/jazzy/share/rosidl_adapter/cmake)
[0.351s] -- Found rclcpp: 28.1.12 (/opt/ros/jazzy/share/rclcpp/cmake)
[0.469s] -- Found rmw_implementation_cmake: 7.3.2 (/opt/ros/jazzy/share/rmw_implementation_cmake/cmake)
[0.472s] -- Found rmw_cyclonedds_cpp: 2.2.3 (/opt/ros/jazzy/share/rmw_cyclonedds_cpp/cmake)
[0.515s] -- Using RMW implementation 'rmw_cyclonedds_cpp' as default
[0.627s] -- Found rclpy: 7.1.5 (/opt/ros/jazzy/share/rclpy/cmake)
[0.627s] -- Found cv_bridge: 4.1.0 (/opt/ros/jazzy/share/cv_bridge/cmake)
[0.741s] -- Found nav_msgs: 5.3.6 (/opt/ros/jazzy/share/nav_msgs/cmake)
[0.781s] -- Found visualization_msgs: 5.3.6 (/opt/ros/jazzy/share/visualization_msgs/cmake)
[0.824s] -- Found pcl_conversions: 2.6.2 (/opt/ros/jazzy/share/pcl_conversions/cmake)
[0.912s] [33mCMake Warning (dev) at /usr/lib/x86_64-linux-gnu/cmake/pcl/Modules/FindFLANN.cmake:45 (find_package):
[0.912s]   Policy CMP0144 is not set: find_package uses upper-case <PACKAGENAME>_ROOT
[0.912s]   variables.  Run "cmake --help-policy CMP0144" for policy details.  Use the
[0.912s]   cmake_policy command to set the policy and suppress this warning.
[0.912s] 
[0.912s]   CMake variable FLANN_ROOT is set to:
[0.912s] 
[0.912s]     /usr
[0.912s] 
[0.912s]   For compatibility, find_package is ignoring the variable, but code in a
[0.913s]   .cmake module might still use it.
[0.913s] Call Stack (most recent call first):
[0.913s]   /usr/lib/x86_64-linux-gnu/cmake/pcl/PCLConfig.cmake:261 (find_package)
[0.913s]   /usr/lib/x86_64-linux-gnu/cmake/pcl/PCLConfig.cmake:306 (find_flann)
[0.913s]   /usr/lib/x86_64-linux-gnu/cmake/pcl/PCLConfig.cmake:570 (find_external_library)
[0.913s]   /opt/ros/jazzy/share/pcl_conversions/cmake/ament_cmake_export_dependencies-extras.cmake:21 (find_package)
[0.913s]   /opt/ros/jazzy/share/pcl_conversions/cmake/pcl_conversionsConfig.cmake:41 (include)
[0.913s]   CMakeLists.txt:20 (find_package)
[0.913s] This warning is for project developers.  Use -Wno-dev to suppress it.
[0.913s] [0m
[0.914s] -- Found flann version 1.9.2
[0.917s] -- Found OpenMP: TRUE (found version "4.5") found components: CXX 
[1.710s] -- OpenNI found (version: 1.5.4.0, include: /usr/include/ni, lib: /usr/lib/libOpenNI.so;libusb::libusb)
[1.716s] -- OpenNI2 found (version: 2.2.0.33, include: /usr/include/openni2, lib: /usr/lib/x86_64-linux-gnu/libOpenNI2.so;libusb::libusb)
[2.243s] -- OpenNI found (version: 1.5.4.0, include: /usr/include/ni, lib: /usr/lib/libOpenNI.so;libusb::libusb)
[2.249s] -- OpenNI2 found (version: 2.2.0.33, include: /usr/include/openni2, lib: /usr/lib/x86_64-linux-gnu/libOpenNI2.so;libusb::libusb)
[2.709s] -- Found Qhull version 8.0.2
[3.195s] -- OpenNI found (version: 1.5.4.0, include: /usr/include/ni, lib: /usr/lib/libOpenNI.so;libusb::libusb)
[3.671s] -- Found tf2: 0.36.14 (/opt/ros/jazzy/share/tf2/cmake)
[3.677s] -- Found tf2_geometry_msgs: 0.36.14 (/opt/ros/jazzy/share/tf2_geometry_msgs/cmake)
[3.685s] -- Found eigen3_cmake_module: 0.3.0 (/opt/ros/jazzy/share/eigen3_cmake_module/cmake)
[3.687s] -- Ensuring Eigen3 include directory is part of orocos-kdl CMake target
[3.857s] -- Found tf2_sensor_msgs: 0.36.14 (/opt/ros/jazzy/share/tf2_sensor_msgs/cmake)
[3.864s] -- Found tf2_eigen: 0.36.14 (/opt/ros/jazzy/share/tf2_eigen/cmake)
[3.873s] [33mCMake Warning (dev) at CMakeLists.txt:29 (find_package):
[3.874s]   Policy CMP0074 is not set: find_package uses <PackageName>_ROOT variables.
[3.874s]   Run "cmake --help-policy CMP0074" for policy details.  Use the cmake_policy
[3.874s]   command to set the policy and suppress this warning.
[3.874s] 
[3.874s]   CMake variable PCL_ROOT is set to:
[3.874s] 
[3.874s]     /usr
[3.874s] 
[3.874s]   For compatibility, CMake is ignoring the variable.
[3.874s] This warning is for project developers.  Use -Wno-dev to suppress it.
[3.874s] [0m
[3.906s] -- GTSAM include directory:  /usr/local/lib/cmake/GTSAM/../../../include
[3.910s] -- Found OpenMP: TRUE (found version "4.5")  
[4.297s] -- Found ament_cmake_ros: 0.12.0 (/opt/ros/jazzy/share/ament_cmake_ros/cmake)
[4.546s] -- Using all available rosidl_typesupport_c: rosidl_typesupport_fastrtps_c;rosidl_typesupport_introspection_c
[4.872s] -- Using all available rosidl_typesupport_cpp: rosidl_typesupport_fastrtps_cpp;rosidl_typesupport_introspection_cpp
[4.874s] -- Found python_cmake_module: 0.11.1 (/opt/ros/jazzy/share/python_cmake_module/cmake)
[5.157s] -- Found Python3: /usr/bin/python3 (found version "3.12.3") found components: Interpreter Development NumPy Development.Module Development.Embed 
[5.403s] -- Found ament_lint_auto: 0.17.3 (/opt/ros/jazzy/share/ament_lint_auto/cmake)
[5.432s] -- Added test 'copyright' to check source files copyright and LICENSE
[5.437s] -- Added test 'cppcheck' to perform static code analysis on C / C++ code
[5.440s] -- Configured cppcheck include dirs: /home/robot/jackal_nav2_ws/src/LIO-SAM/include/lio_sam
[5.440s] -- Configured cppcheck exclude dirs and/or files: 
[5.445s] -- Added test 'cpplint' to check C / C++ code against the Google style
[5.445s] -- Configured cpplint exclude dirs and/or files: 
[5.446s] -- Added test 'flake8' to check Python code syntax and style conventions
[5.446s] -- Configured 'flake8' exclude dirs and/or files: 
[5.447s] -- Added test 'lint_cmake' to check CMake code style
[5.448s] -- Added test 'pep257' to check Python code against some of the docstring style conventions in PEP 257
[5.453s] -- Added test 'uncrustify' to check C / C++ code style
[5.453s] -- Configured uncrustify additional arguments: 
[5.454s] -- Added test 'xmllint' to check XML markup files
[5.460s] -- Configuring done (5.4s)
[5.738s] -- Generating done (0.2s)
[5.773s] -- Build files have been written to: /home/robot/jackal_nav2_ws/build/lio_sam
[5.797s] Invoked command in '/home/robot/jackal_nav2_ws/build/lio_sam' returned '0': CMAKE_PREFIX_PATH=${CMAKE_PREFIX_PATH}:/opt/ros/jazzy DEBUGINFOD_URLS=https://debuginfod.ubuntu.com /usr/bin/cmake /home/robot/jackal_nav2_ws/src/LIO-SAM -DCMAKE_INSTALL_PREFIX=/home/robot/jackal_nav2_ws/install/lio_sam
[5.798s] Invoking command in '/home/robot/jackal_nav2_ws/build/lio_sam': CMAKE_PREFIX_PATH=${CMAKE_PREFIX_PATH}:/opt/ros/jazzy DEBUGINFOD_URLS=https://debuginfod.ubuntu.com /usr/bin/cmake --build /home/robot/jackal_nav2_ws/build/lio_sam -- -j8 -l8
[5.856s] [  1%] Built target lio_sam__rosidl_generator_type_description
[5.866s] [  1%] Built target ament_cmake_python_symlink_lio_sam
[5.879s] [  3%] Built target lio_sam__cpp
[5.888s] [ 19%] Built target lio_sam__rosidl_generator_c
[5.921s] [ 32%] Built target lio_sam__rosidl_typesupport_introspection_c
[5.921s] [ 34%] Built target lio_sam__rosidl_typesupport_c
[5.925s] [ 50%] Built target lio_sam__rosidl_typesupport_fastrtps_c
[5.925s] [ 50%] Built target lio_sam__rosidl_typesupport_cpp
[5.928s] [ 61%] Built target lio_sam__rosidl_typesupport_introspection_cpp
[5.928s] [ 65%] Built target lio_sam__rosidl_typesupport_fastrtps_cpp
[5.951s] [ 65%] Built target lio_sam
[5.978s] [ 67%] Built target lio_sam__py
[6.008s] [ 73%] Built target lio_sam__rosidl_generator_py
[6.035s] [ 82%] Built target lio_sam_s__rosidl_typesupport_introspection_c
[6.035s] [ 82%] Built target lio_sam_s__rosidl_typesupport_c
[6.035s] [ 84%] Built target lio_sam_s__rosidl_typesupport_fastrtps_c
[6.067s] [ 92%] Built target lio_sam_featureExtraction
[6.067s] [ 92%] Built target lio_sam_imageProjection
[6.070s] [ 96%] Built target lio_sam_imuPreintegration
[6.070s] [100%] Built target lio_sam_mapOptimization
[6.181s] running egg_info
[6.212s] writing lio_sam.egg-info/PKG-INFO
[6.213s] writing dependency_links to lio_sam.egg-info/dependency_links.txt
[6.213s] writing top-level names to lio_sam.egg-info/top_level.txt
[6.306s] reading manifest file 'lio_sam.egg-info/SOURCES.txt'
[6.307s] writing manifest file 'lio_sam.egg-info/SOURCES.txt'
[6.335s] [100%] Built target ament_cmake_python_build_lio_sam_egg
[6.346s] Invoked command in '/home/robot/jackal_nav2_ws/build/lio_sam' returned '0': CMAKE_PREFIX_PATH=${CMAKE_PREFIX_PATH}:/opt/ros/jazzy DEBUGINFOD_URLS=https://debuginfod.ubuntu.com /usr/bin/cmake --build /home/robot/jackal_nav2_ws/build/lio_sam -- -j8 -l8
[6.348s] Invoking command in '/home/robot/jackal_nav2_ws/build/lio_sam': CMAKE_PREFIX_PATH=${CMAKE_PREFIX_PATH}:/opt/ros/jazzy DEBUGINFOD_URLS=https://debuginfod.ubuntu.com /usr/bin/cmake --install /home/robot/jackal_nav2_ws/build/lio_sam
[6.357s] -- Install configuration: "Release"
[6.357s] -- Execute custom install script
[6.357s] -- Up-to-date symlink: /home/robot/jackal_nav2_ws/install/lio_sam/share/ament_index/resource_index/rosidl_interfaces/lio_sam
[6.358s] -- Up-to-date symlink: /home/robot/jackal_nav2_ws/install/lio_sam/share/lio_sam/msg/CloudInfo.json
[6.358s] -- Up-to-date symlink: /home/robot/jackal_nav2_ws/install/lio_sam/share/lio_sam/srv/SaveMap.json
[6.358s] -- Up-to-date symlink: /home/robot/jackal_nav2_ws/install/lio_sam/include/lio_sam/lio_sam/msg/cloud_info.h
[6.358s] -- Up-to-date symlink: /home/robot/jackal_nav2_ws/install/lio_sam/include/lio_sam/lio_sam/msg/detail/cloud_info__functions.h
[6.358s] -- Up-to-date symlink: /home/robot/jackal_nav2_ws/install/lio_sam/include/lio_sam/lio_sam/msg/detail/cloud_info__struct.h
[6.359s] -- Up-to-date symlink: /home/robot/jackal_nav2_ws/install/lio_sam/include/lio_sam/lio_sam/msg/detail/cloud_info__type_support.h
[6.359s] -- Up-to-date symlink: /home/robot/jackal_nav2_ws/install/lio_sam/include/lio_sam/lio_sam/msg/rosidl_generator_c__visibility_control.h
[6.359s] -- Up-to-date symlink: /home/robot/jackal_nav2_ws/install/lio_sam/include/lio_sam/lio_sam/srv/detail/save_map__functions.h
[6.359s] -- Up-to-date symlink: /home/robot/jackal_nav2_ws/install/lio_sam/include/lio_sam/lio_sam/srv/detail/save_map__struct.h
[6.359s] -- Up-to-date symlink: /home/robot/jackal_nav2_ws/install/lio_sam/include/lio_sam/lio_sam/srv/detail/save_map__type_support.h
[6.359s] -- Up-to-date symlink: /home/robot/jackal_nav2_ws/install/lio_sam/include/lio_sam/lio_sam/srv/save_map.h
[6.359s] -- Up-to-date symlink: /home/robot/jackal_nav2_ws/install/lio_sam/share/lio_sam/environment/library_path.sh
[6.359s] -- Up-to-date symlink: /home/robot/jackal_nav2_ws/install/lio_sam/share/lio_sam/environment/library_path.dsv
[6.360s] -- Up-to-date symlink: /home/robot/jackal_nav2_ws/install/lio_sam/include/lio_sam/lio_sam/msg/detail/cloud_info__rosidl_typesupport_fastrtps_c.h
[6.360s] -- Up-to-date symlink: /home/robot/jackal_nav2_ws/install/lio_sam/include/lio_sam/lio_sam/msg/rosidl_typesupport_fastrtps_c__visibility_control.h
[6.360s] -- Up-to-date symlink: /home/robot/jackal_nav2_ws/install/lio_sam/include/lio_sam/lio_sam/srv/detail/save_map__rosidl_typesupport_fastrtps_c.h
[6.361s] -- Up-to-date symlink: /home/robot/jackal_nav2_ws/install/lio_sam/include/lio_sam/lio_sam/msg/detail/cloud_info__rosidl_typesupport_introspection_c.h
[6.361s] -- Up-to-date symlink: /home/robot/jackal_nav2_ws/install/lio_sam/include/lio_sam/lio_sam/msg/rosidl_typesupport_introspection_c__visibility_control.h
[6.361s] -- Up-to-date symlink: /home/robot/jackal_nav2_ws/install/lio_sam/include/lio_sam/lio_sam/srv/detail/save_map__rosidl_typesupport_introspection_c.h
[6.361s] -- Up-to-date symlink: /home/robot/jackal_nav2_ws/install/lio_sam/include/lio_sam/lio_sam/msg/cloud_info.hpp
[6.361s] -- Up-to-date symlink: /home/robot/jackal_nav2_ws/install/lio_sam/include/lio_sam/lio_sam/msg/detail/cloud_info__builder.hpp
[6.362s] -- Up-to-date symlink: /home/robot/jackal_nav2_ws/install/lio_sam/include/lio_sam/lio_sam/msg/detail/cloud_info__struct.hpp
[6.362s] -- Up-to-date symlink: /home/robot/jackal_nav2_ws/install/lio_sam/include/lio_sam/lio_sam/msg/detail/cloud_info__traits.hpp
[6.362s] -- Up-to-date symlink: /home/robot/jackal_nav2_ws/install/lio_sam/include/lio_sam/lio_sam/msg/detail/cloud_info__type_support.hpp
[6.362s] -- Up-to-date symlink: /home/robot/jackal_nav2_ws/install/lio_sam/include/lio_sam/lio_sam/msg/rosidl_generator_cpp__visibility_control.hpp
[6.362s] -- Up-to-date symlink: /home/robot/jackal_nav2_ws/install/lio_sam/include/lio_sam/lio_sam/srv/detail/save_map__builder.hpp
[6.362s] -- Up-to-date symlink: /home/robot/jackal_nav2_ws/install/lio_sam/include/lio_sam/lio_sam/srv/detail/save_map__struct.hpp
[6.362s] -- Up-to-date symlink: /home/robot/jackal_nav2_ws/install/lio_sam/include/lio_sam/lio_sam/srv/detail/save_map__traits.hpp
[6.362s] -- Up-to-date symlink: /home/robot/jackal_nav2_ws/install/lio_sam/include/lio_sam/lio_sam/srv/detail/save_map__type_support.hpp
[6.362s] -- Up-to-date symlink: /home/robot/jackal_nav2_ws/install/lio_sam/include/lio_sam/lio_sam/srv/save_map.hpp
[6.363s] -- Up-to-date symlink: /home/robot/jackal_nav2_ws/install/lio_sam/include/lio_sam/lio_sam/msg/detail/cloud_info__rosidl_typesupport_fastrtps_cpp.hpp
[6.363s] -- Up-to-date symlink: /home/robot/jackal_nav2_ws/install/lio_sam/include/lio_sam/lio_sam/msg/rosidl_typesupport_fastrtps_cpp__visibility_control.h
[6.363s] -- Up-to-date symlink: /home/robot/jackal_nav2_ws/install/lio_sam/include/lio_sam/lio_sam/srv/detail/save_map__rosidl_typesupport_fastrtps_cpp.hpp
[6.364s] -- Up-to-date symlink: /home/robot/jackal_nav2_ws/install/lio_sam/include/lio_sam/lio_sam/msg/detail/cloud_info__rosidl_typesupport_introspection_cpp.hpp
[6.364s] -- Up-to-date symlink: /home/robot/jackal_nav2_ws/install/lio_sam/include/lio_sam/lio_sam/srv/detail/save_map__rosidl_typesupport_introspection_cpp.hpp
[6.364s] -- Up-to-date symlink: /home/robot/jackal_nav2_ws/install/lio_sam/share/lio_sam/environment/pythonpath.sh
[6.364s] -- Up-to-date symlink: /home/robot/jackal_nav2_ws/install/lio_sam/share/lio_sam/environment/pythonpath.dsv
[6.365s] -- Up-to-date symlink: /home/robot/jackal_nav2_ws/install/lio_sam/lib/python3.12/site-packages/lio_sam-1.0.0-py3.12.egg-info/PKG-INFO
[6.365s] -- Up-to-date symlink: /home/robot/jackal_nav2_ws/install/lio_sam/lib/python3.12/site-packages/lio_sam-1.0.0-py3.12.egg-info/SOURCES.txt
[6.365s] -- Up-to-date symlink: /home/robot/jackal_nav2_ws/install/lio_sam/lib/python3.12/site-packages/lio_sam-1.0.0-py3.12.egg-info/dependency_links.txt
[6.365s] -- Up-to-date symlink: /home/robot/jackal_nav2_ws/install/lio_sam/lib/python3.12/site-packages/lio_sam-1.0.0-py3.12.egg-info/top_level.txt
[6.366s] -- Up-to-date symlink: /home/robot/jackal_nav2_ws/install/lio_sam/lib/python3.12/site-packages/lio_sam/__init__.py
[6.366s] -- Up-to-date symlink: /home/robot/jackal_nav2_ws/install/lio_sam/lib/python3.12/site-packages/lio_sam/_lio_sam_s.ep.rosidl_typesupport_c.c
[6.366s] -- Up-to-date symlink: /home/robot/jackal_nav2_ws/install/lio_sam/lib/python3.12/site-packages/lio_sam/_lio_sam_s.ep.rosidl_typesupport_fastrtps_c.c
[6.366s] -- Up-to-date symlink: /home/robot/jackal_nav2_ws/install/lio_sam/lib/python3.12/site-packages/lio_sam/_lio_sam_s.ep.rosidl_typesupport_introspection_c.c
[6.366s] -- Up-to-date symlink: /home/robot/jackal_nav2_ws/install/lio_sam/lib/python3.12/site-packages/lio_sam/lio_sam_s__rosidl_typesupport_c.so
[6.366s] -- Up-to-date symlink: /home/robot/jackal_nav2_ws/install/lio_sam/lib/python3.12/site-packages/lio_sam/lio_sam_s__rosidl_typesupport_fastrtps_c.so
[6.366s] -- Up-to-date symlink: /home/robot/jackal_nav2_ws/install/lio_sam/lib/python3.12/site-packages/lio_sam/lio_sam_s__rosidl_typesupport_introspection_c.so
[6.366s] -- Up-to-date symlink: /home/robot/jackal_nav2_ws/install/lio_sam/lib/python3.12/site-packages/lio_sam/msg/__init__.py
[6.367s] -- Up-to-date symlink: /home/robot/jackal_nav2_ws/install/lio_sam/lib/python3.12/site-packages/lio_sam/msg/_cloud_info.py
[6.367s] -- Up-to-date symlink: /home/robot/jackal_nav2_ws/install/lio_sam/lib/python3.12/site-packages/lio_sam/msg/_cloud_info_s.c
[6.367s] -- Up-to-date symlink: /home/robot/jackal_nav2_ws/install/lio_sam/lib/python3.12/site-packages/lio_sam/srv/__init__.py
[6.367s] -- Up-to-date symlink: /home/robot/jackal_nav2_ws/install/lio_sam/lib/python3.12/site-packages/lio_sam/srv/_save_map.py
[6.367s] -- Up-to-date symlink: /home/robot/jackal_nav2_ws/install/lio_sam/lib/python3.12/site-packages/lio_sam/srv/_save_map_s.c
[6.367s] -- Up-to-date symlink: /home/robot/jackal_nav2_ws/install/lio_sam/lib/python3.12/site-packages/lio_sam/lio_sam_s__rosidl_typesupport_fastrtps_c.so
[6.367s] -- Up-to-date symlink: /home/robot/jackal_nav2_ws/install/lio_sam/lib/python3.12/site-packages/lio_sam/lio_sam_s__rosidl_typesupport_introspection_c.so
[6.368s] -- Up-to-date symlink: /home/robot/jackal_nav2_ws/install/lio_sam/lib/python3.12/site-packages/lio_sam/lio_sam_s__rosidl_typesupport_c.so
[6.368s] -- Up-to-date symlink: /home/robot/jackal_nav2_ws/install/lio_sam/share/lio_sam/msg/CloudInfo.idl
[6.368s] -- Up-to-date symlink: /home/robot/jackal_nav2_ws/install/lio_sam/share/lio_sam/srv/SaveMap.idl
[6.368s] -- Up-to-date symlink: /home/robot/jackal_nav2_ws/install/lio_sam/share/lio_sam/msg/CloudInfo.msg
[6.368s] -- Up-to-date symlink: /home/robot/jackal_nav2_ws/install/lio_sam/share/lio_sam/srv/SaveMap.srv
[6.369s] -- Up-to-date symlink: /home/robot/jackal_nav2_ws/install/lio_sam/share/lio_sam//launch/lio_map_projection.launch.py
[6.369s] -- Up-to-date symlink: /home/robot/jackal_nav2_ws/install/lio_sam/share/lio_sam//launch/run.launch.py
[6.369s] [33mCMake Warning (dev) at ament_cmake_symlink_install/ament_cmake_symlink_install.cmake:62 (file):
[6.370s]   Policy CMP0009 is not set: FILE GLOB_RECURSE calls should not follow
[6.370s]   symlinks by default.  Run "cmake --help-policy CMP0009" for policy details.
[6.370s]   Use the cmake_policy command to set the policy and suppress this warning.
[6.370s] Call Stack (most recent call first):
[6.370s]   ament_cmake_symlink_install/ament_cmake_symlink_install.cmake:383 (ament_cmake_symlink_install_directory)
[6.370s]   cmake_install.cmake:46 (include)
[6.370s] This warning is for project developers.  Use -Wno-dev to suppress it.
[6.370s] [0m
[6.370s] -- Up-to-date symlink: /home/robot/jackal_nav2_ws/install/lio_sam/share/lio_sam//config/build/.built_by
[6.370s] -- Up-to-date symlink: /home/robot/jackal_nav2_ws/install/lio_sam/share/lio_sam//config/build/COLCON_IGNORE
[6.371s] -- Up-to-date symlink: /home/robot/jackal_nav2_ws/install/lio_sam/share/lio_sam//config/doc/demo.gif
[6.371s] -- Up-to-date symlink: /home/robot/jackal_nav2_ws/install/lio_sam/share/lio_sam//config/doc/device-boat.png
[6.371s] -- Up-to-date symlink: /home/robot/jackal_nav2_ws/install/lio_sam/share/lio_sam//config/doc/device-hand-2.png
[6.371s] -- Up-to-date symlink: /home/robot/jackal_nav2_ws/install/lio_sam/share/lio_sam//config/doc/device-hand.png
[6.371s] -- Up-to-date symlink: /home/robot/jackal_nav2_ws/install/lio_sam/share/lio_sam//config/doc/device-jackal.png
[6.371s] -- Up-to-date symlink: /home/robot/jackal_nav2_ws/install/lio_sam/share/lio_sam//config/doc/gps-demo.gif
[6.371s] -- Up-to-date symlink: /home/robot/jackal_nav2_ws/install/lio_sam/share/lio_sam//config/doc/imu-debug.gif
[6.371s] -- Up-to-date symlink: /home/robot/jackal_nav2_ws/install/lio_sam/share/lio_sam//config/doc/imu-transform.png
[6.371s] -- Up-to-date symlink: /home/robot/jackal_nav2_ws/install/lio_sam/share/lio_sam//config/doc/kitti-demo.gif
[6.371s] -- Up-to-date symlink: /home/robot/jackal_nav2_ws/install/lio_sam/share/lio_sam//config/doc/kitti-map.png
[6.372s] -- Up-to-date symlink: /home/robot/jackal_nav2_ws/install/lio_sam/share/lio_sam//config/doc/kitti2bag/README.md
[6.372s] -- Up-to-date symlink: /home/robot/jackal_nav2_ws/install/lio_sam/share/lio_sam//config/doc/kitti2bag/kitti2bag.py
[6.372s] -- Up-to-date symlink: /home/robot/jackal_nav2_ws/install/lio_sam/share/lio_sam//config/doc/loop-closure-2.gif
[6.372s] -- Up-to-date symlink: /home/robot/jackal_nav2_ws/install/lio_sam/share/lio_sam//config/doc/loop-closure.gif
[6.372s] -- Up-to-date symlink: /home/robot/jackal_nav2_ws/install/lio_sam/share/lio_sam//config/doc/ouster-demo.gif
[6.372s] -- Up-to-date symlink: /home/robot/jackal_nav2_ws/install/lio_sam/share/lio_sam//config/doc/ouster-device.jpg
[6.372s] -- Up-to-date symlink: /home/robot/jackal_nav2_ws/install/lio_sam/share/lio_sam//config/doc/paper.pdf
[6.372s] -- Up-to-date symlink: /home/robot/jackal_nav2_ws/install/lio_sam/share/lio_sam//config/doc/system.png
[6.372s] -- Up-to-date symlink: /home/robot/jackal_nav2_ws/install/lio_sam/share/lio_sam//config/install/.colcon_install_layout
[6.372s] -- Up-to-date symlink: /home/robot/jackal_nav2_ws/install/lio_sam/share/lio_sam//config/install/COLCON_IGNORE
[6.372s] -- Up-to-date symlink: /home/robot/jackal_nav2_ws/install/lio_sam/share/lio_sam//config/install/_local_setup_util_ps1.py
[6.373s] -- Up-to-date symlink: /home/robot/jackal_nav2_ws/install/lio_sam/share/lio_sam//config/install/_local_setup_util_sh.py
[6.373s] -- Up-to-date symlink: /home/robot/jackal_nav2_ws/install/lio_sam/share/lio_sam//config/install/local_setup.bash
[6.373s] -- Up-to-date symlink: /home/robot/jackal_nav2_ws/install/lio_sam/share/lio_sam//config/install/local_setup.ps1
[6.373s] -- Up-to-date symlink: /home/robot/jackal_nav2_ws/install/lio_sam/share/lio_sam//config/install/local_setup.sh
[6.373s] -- Up-to-date symlink: /home/robot/jackal_nav2_ws/install/lio_sam/share/lio_sam//config/install/local_setup.zsh
[6.373s] -- Up-to-date symlink: /home/robot/jackal_nav2_ws/install/lio_sam/share/lio_sam//config/install/setup.bash
[6.373s] -- Up-to-date symlink: /home/robot/jackal_nav2_ws/install/lio_sam/share/lio_sam//config/install/setup.ps1
[6.374s] -- Up-to-date symlink: /home/robot/jackal_nav2_ws/install/lio_sam/share/lio_sam//config/install/setup.sh
[6.374s] -- Up-to-date symlink: /home/robot/jackal_nav2_ws/install/lio_sam/share/lio_sam//config/install/setup.zsh
[6.374s] -- Up-to-date symlink: /home/robot/jackal_nav2_ws/install/lio_sam/share/lio_sam//config/log/COLCON_IGNORE
[6.374s] -- Up-to-date symlink: /home/robot/jackal_nav2_ws/install/lio_sam/share/lio_sam//config/log/build_2025-10-31_17-14-19/events.log
[6.374s] -- Up-to-date symlink: /home/robot/jackal_nav2_ws/install/lio_sam/share/lio_sam//config/log/build_2025-10-31_17-14-19/logger_all.log
[6.374s] -- Up-to-date symlink: /home/robot/jackal_nav2_ws/install/lio_sam/share/lio_sam//config/log/build_2025-10-31_18-34-24/events.log
[6.374s] -- Up-to-date symlink: /home/robot/jackal_nav2_ws/install/lio_sam/share/lio_sam//config/log/build_2025-10-31_18-34-24/logger_all.log
[6.374s] -- Up-to-date symlink: /home/robot/jackal_nav2_ws/install/lio_sam/share/lio_sam//config/log/latest/events.log
[6.374s] -- Up-to-date symlink: /home/robot/jackal_nav2_ws/install/lio_sam/share/lio_sam//config/log/latest/logger_all.log
[6.374s] -- Up-to-date symlink: /home/robot/jackal_nav2_ws/install/lio_sam/share/lio_sam//config/log/latest_build/events.log
[6.375s] -- Up-to-date symlink: /home/robot/jackal_nav2_ws/install/lio_sam/share/lio_sam//config/log/latest_build/logger_all.log
[6.375s] -- Up-to-date symlink: /home/robot/jackal_nav2_ws/install/lio_sam/share/lio_sam//config/params.yaml
[6.375s] -- Up-to-date symlink: /home/robot/jackal_nav2_ws/install/lio_sam/share/lio_sam//config/robot.urdf.xacro
[6.375s] -- Up-to-date symlink: /home/robot/jackal_nav2_ws/install/lio_sam/share/lio_sam//config/rviz2.rviz
[6.375s] -- Up-to-date symlink: /home/robot/jackal_nav2_ws/install/lio_sam/lib/lio_sam/lio_sam_imageProjection
[6.375s] -- Up-to-date symlink: /home/robot/jackal_nav2_ws/install/lio_sam/lib/lio_sam/lio_sam_imuPreintegration
[6.375s] -- Up-to-date symlink: /home/robot/jackal_nav2_ws/install/lio_sam/lib/lio_sam/lio_sam_featureExtraction
[6.375s] -- Up-to-date symlink: /home/robot/jackal_nav2_ws/install/lio_sam/lib/lio_sam/lio_sam_mapOptimization
[6.376s] -- Up-to-date symlink: /home/robot/jackal_nav2_ws/install/lio_sam/include/lio_sam/utility.hpp
[6.376s] -- Up-to-date symlink: /home/robot/jackal_nav2_ws/install/lio_sam/share/ament_index/resource_index/package_run_dependencies/lio_sam
[6.376s] -- Up-to-date symlink: /home/robot/jackal_nav2_ws/install/lio_sam/share/ament_index/resource_index/parent_prefix_path/lio_sam
[6.376s] -- Up-to-date symlink: /home/robot/jackal_nav2_ws/install/lio_sam/share/lio_sam/environment/ament_prefix_path.sh
[6.376s] -- Up-to-date symlink: /home/robot/jackal_nav2_ws/install/lio_sam/share/lio_sam/environment/ament_prefix_path.dsv
[6.377s] -- Up-to-date symlink: /home/robot/jackal_nav2_ws/install/lio_sam/share/lio_sam/environment/path.sh
[6.377s] -- Up-to-date symlink: /home/robot/jackal_nav2_ws/install/lio_sam/share/lio_sam/environment/path.dsv
[6.377s] -- Up-to-date symlink: /home/robot/jackal_nav2_ws/install/lio_sam/share/lio_sam/local_setup.bash
[6.377s] -- Up-to-date symlink: /home/robot/jackal_nav2_ws/install/lio_sam/share/lio_sam/local_setup.sh
[6.377s] -- Up-to-date symlink: /home/robot/jackal_nav2_ws/install/lio_sam/share/lio_sam/local_setup.zsh
[6.377s] -- Up-to-date symlink: /home/robot/jackal_nav2_ws/install/lio_sam/share/lio_sam/local_setup.dsv
[6.377s] -- Symlinking: /home/robot/jackal_nav2_ws/install/lio_sam/share/lio_sam/package.dsv
[6.387s] -- Up-to-date symlink: /home/robot/jackal_nav2_ws/install/lio_sam/share/ament_index/resource_index/packages/lio_sam
[6.387s] -- Up-to-date symlink: /home/robot/jackal_nav2_ws/install/lio_sam/share/lio_sam/cmake/rosidl_cmake-extras.cmake
[6.388s] -- Up-to-date symlink: /home/robot/jackal_nav2_ws/install/lio_sam/share/lio_sam/cmake/ament_cmake_export_dependencies-extras.cmake
[6.388s] -- Up-to-date symlink: /home/robot/jackal_nav2_ws/install/lio_sam/share/lio_sam/cmake/ament_cmake_export_include_directories-extras.cmake
[6.388s] -- Up-to-date symlink: /home/robot/jackal_nav2_ws/install/lio_sam/share/lio_sam/cmake/ament_cmake_export_libraries-extras.cmake
[6.388s] -- Up-to-date symlink: /home/robot/jackal_nav2_ws/install/lio_sam/share/lio_sam/cmake/ament_cmake_export_targets-extras.cmake
[6.388s] -- Up-to-date symlink: /home/robot/jackal_nav2_ws/install/lio_sam/share/lio_sam/cmake/rosidl_cmake_export_typesupport_targets-extras.cmake
[6.388s] -- Up-to-date symlink: /home/robot/jackal_nav2_ws/install/lio_sam/share/lio_sam/cmake/rosidl_cmake_export_typesupport_libraries-extras.cmake
[6.388s] -- Up-to-date symlink: /home/robot/jackal_nav2_ws/install/lio_sam/share/lio_sam/cmake/lio_samConfig.cmake
[6.388s] -- Up-to-date symlink: /home/robot/jackal_nav2_ws/install/lio_sam/share/lio_sam/cmake/lio_samConfig-version.cmake
[6.389s] -- Up-to-date symlink: /home/robot/jackal_nav2_ws/install/lio_sam/share/lio_sam/package.xml
[6.390s] -- Up-to-date: /home/robot/jackal_nav2_ws/install/lio_sam/lib/liblio_sam__rosidl_generator_c.so
[6.391s] -- Up-to-date: /home/robot/jackal_nav2_ws/install/lio_sam/lib/liblio_sam__rosidl_typesupport_fastrtps_c.so
[6.392s] -- Up-to-date: /home/robot/jackal_nav2_ws/install/lio_sam/lib/liblio_sam__rosidl_typesupport_introspection_c.so
[6.393s] -- Up-to-date: /home/robot/jackal_nav2_ws/install/lio_sam/lib/liblio_sam__rosidl_typesupport_c.so
[6.394s] -- Up-to-date: /home/robot/jackal_nav2_ws/install/lio_sam/lib/liblio_sam__rosidl_typesupport_fastrtps_cpp.so
[6.394s] -- Up-to-date: /home/robot/jackal_nav2_ws/install/lio_sam/lib/liblio_sam__rosidl_typesupport_introspection_cpp.so
[6.395s] -- Up-to-date: /home/robot/jackal_nav2_ws/install/lio_sam/lib/liblio_sam__rosidl_typesupport_cpp.so
[6.437s] Listing '/home/robot/jackal_nav2_ws/install/lio_sam/lib/python3.12/site-packages/lio_sam'...
[6.437s] Compiling '/home/robot/jackal_nav2_ws/install/lio_sam/lib/python3.12/site-packages/lio_sam/__init__.py'...
[6.437s] Listing '/home/robot/jackal_nav2_ws/install/lio_sam/lib/python3.12/site-packages/lio_sam/msg'...
[6.437s] Listing '/home/robot/jackal_nav2_ws/install/lio_sam/lib/python3.12/site-packages/lio_sam/srv'...
[6.443s] -- Up-to-date: /home/robot/jackal_nav2_ws/install/lio_sam/lib/liblio_sam__rosidl_generator_py.so
[6.444s] -- Up-to-date: /home/robot/jackal_nav2_ws/install/lio_sam/share/lio_sam/cmake/export_lio_sam__rosidl_generator_cExport.cmake
[6.444s] -- Up-to-date: /home/robot/jackal_nav2_ws/install/lio_sam/share/lio_sam/cmake/export_lio_sam__rosidl_generator_cExport-release.cmake
[6.444s] -- Up-to-date: /home/robot/jackal_nav2_ws/install/lio_sam/share/lio_sam/cmake/export_lio_sam__rosidl_typesupport_fastrtps_cExport.cmake
[6.444s] -- Up-to-date: /home/robot/jackal_nav2_ws/install/lio_sam/share/lio_sam/cmake/export_lio_sam__rosidl_typesupport_fastrtps_cExport-release.cmake
[6.445s] -- Up-to-date: /home/robot/jackal_nav2_ws/install/lio_sam/share/lio_sam/cmake/lio_sam__rosidl_typesupport_introspection_cExport.cmake
[6.445s] -- Up-to-date: /home/robot/jackal_nav2_ws/install/lio_sam/share/lio_sam/cmake/lio_sam__rosidl_typesupport_introspection_cExport-release.cmake
[6.445s] -- Up-to-date: /home/robot/jackal_nav2_ws/install/lio_sam/share/lio_sam/cmake/lio_sam__rosidl_typesupport_cExport.cmake
[6.445s] -- Up-to-date: /home/robot/jackal_nav2_ws/install/lio_sam/share/lio_sam/cmake/lio_sam__rosidl_typesupport_cExport-release.cmake
[6.446s] -- Up-to-date: /home/robot/jackal_nav2_ws/install/lio_sam/share/lio_sam/cmake/export_lio_sam__rosidl_generator_cppExport.cmake
[6.446s] -- Up-to-date: /home/robot/jackal_nav2_ws/install/lio_sam/share/lio_sam/cmake/export_lio_sam__rosidl_typesupport_fastrtps_cppExport.cmake
[6.446s] -- Up-to-date: /home/robot/jackal_nav2_ws/install/lio_sam/share/lio_sam/cmake/export_lio_sam__rosidl_typesupport_fastrtps_cppExport-release.cmake
[6.447s] -- Up-to-date: /home/robot/jackal_nav2_ws/install/lio_sam/share/lio_sam/cmake/lio_sam__rosidl_typesupport_introspection_cppExport.cmake
[6.447s] -- Up-to-date: /home/robot/jackal_nav2_ws/install/lio_sam/share/lio_sam/cmake/lio_sam__rosidl_typesupport_introspection_cppExport-release.cmake
[6.447s] -- Up-to-date: /home/robot/jackal_nav2_ws/install/lio_sam/share/lio_sam/cmake/lio_sam__rosidl_typesupport_cppExport.cmake
[6.447s] -- Up-to-date: /home/robot/jackal_nav2_ws/install/lio_sam/share/lio_sam/cmake/lio_sam__rosidl_typesupport_cppExport-release.cmake
[6.447s] -- Up-to-date: /home/robot/jackal_nav2_ws/install/lio_sam/share/lio_sam/cmake/export_lio_sam__rosidl_generator_pyExport.cmake
[6.447s] -- Up-to-date: /home/robot/jackal_nav2_ws/install/lio_sam/share/lio_sam/cmake/export_lio_sam__rosidl_generator_pyExport-release.cmake
[6.449s] Invoked command in '/home/robot/jackal_nav2_ws/build/lio_sam' returned '0': CMAKE_PREFIX_PATH=${CMAKE_PREFIX_PATH}:/opt/ros/jazzy DEBUGINFOD_URLS=https://debuginfod.ubuntu.com /usr/bin/cmake --install /home/robot/jackal_nav2_ws/build/lio_sam
