[0.025s] Invoking command in '/home/robot/jackal_nav2_ws/build/lio_sam': CMAKE_PREFIX_PATH=${CMAKE_PREFIX_PATH}:/opt/ros/jazzy DEBUGINFOD_URLS=https://debuginfod.ubuntu.com /usr/bin/cmake --build /home/robot/jackal_nav2_ws/build/lio_sam -- -j8 -l8
[0.277s] [  1%] Built target lio_sam__rosidl_generator_type_description
[0.289s] [  1%] Built target ament_cmake_python_symlink_lio_sam
[0.303s] [  3%] Built target lio_sam__cpp
[0.334s] [ 19%] Built target lio_sam__rosidl_generator_c
[0.370s] [ 26%] Built target lio_sam__rosidl_typesupport_introspection_c
[0.373s] [ 34%] Built target lio_sam__rosidl_typesupport_c
[0.375s] [ 50%] Built target lio_sam__rosidl_typesupport_cpp
[0.375s] [ 50%] Built target lio_sam__rosidl_typesupport_introspection_cpp
[0.375s] [ 57%] Built target lio_sam__rosidl_typesupport_fastrtps_c
[0.375s] [ 65%] Built target lio_sam__rosidl_typesupport_fastrtps_cpp
[0.549s] [ 73%] Built target lio_sam_featureExtraction
[0.549s] [ 73%] Built target lio_sam_imageProjection
[0.549s] [ 76%] Built target lio_sam_imuPreintegration
[0.549s] [ 80%] Built target lio_sam_mapOptimization
[0.577s] [ 80%] Built target lio_sam
[0.602s] [ 82%] Built target lio_sam__py
[0.639s] running egg_info
[0.646s] [ 88%] Built target lio_sam__rosidl_generator_py
[0.674s] writing lio_sam.egg-info/PKG-INFO
[0.674s] writing dependency_links to lio_sam.egg-info/dependency_links.txt
[0.675s] writing top-level names to lio_sam.egg-info/top_level.txt
[0.679s] [100%] Built target lio_sam_s__rosidl_typesupport_fastrtps_c
[0.679s] [100%] Built target lio_sam_s__rosidl_typesupport_c
[0.679s] [100%] Built target lio_sam_s__rosidl_typesupport_introspection_c
[0.772s] reading manifest file 'lio_sam.egg-info/SOURCES.txt'
[0.773s] writing manifest file 'lio_sam.egg-info/SOURCES.txt'
[0.801s] [100%] Built target ament_cmake_python_build_lio_sam_egg
[0.817s] Invoked command in '/home/robot/jackal_nav2_ws/build/lio_sam' returned '0': CMAKE_PREFIX_PATH=${CMAKE_PREFIX_PATH}:/opt/ros/jazzy DEBUGINFOD_URLS=https://debuginfod.ubuntu.com /usr/bin/cmake --build /home/robot/jackal_nav2_ws/build/lio_sam -- -j8 -l8
[0.831s] Invoking command in '/home/robot/jackal_nav2_ws/build/lio_sam': CMAKE_PREFIX_PATH=${CMAKE_PREFIX_PATH}:/opt/ros/jazzy DEBUGINFOD_URLS=https://debuginfod.ubuntu.com /usr/bin/cmake --install /home/robot/jackal_nav2_ws/build/lio_sam
[0.844s] -- Install configuration: "Release"
[0.846s] -- Execute custom install script
[0.846s] -- Up-to-date symlink: /home/robot/jackal_nav2_ws/install/lio_sam/share/ament_index/resource_index/rosidl_interfaces/lio_sam
[0.846s] -- Up-to-date symlink: /home/robot/jackal_nav2_ws/install/lio_sam/share/lio_sam/msg/CloudInfo.json
[0.846s] -- Up-to-date symlink: /home/robot/jackal_nav2_ws/install/lio_sam/share/lio_sam/srv/SaveMap.json
[0.850s] -- Up-to-date symlink: /home/robot/jackal_nav2_ws/install/lio_sam/include/lio_sam/lio_sam/msg/cloud_info.h
[0.850s] -- Up-to-date symlink: /home/robot/jackal_nav2_ws/install/lio_sam/include/lio_sam/lio_sam/msg/detail/cloud_info__functions.h
[0.850s] -- Up-to-date symlink: /home/robot/jackal_nav2_ws/install/lio_sam/include/lio_sam/lio_sam/msg/detail/cloud_info__struct.h
[0.851s] -- Up-to-date symlink: /home/robot/jackal_nav2_ws/install/lio_sam/include/lio_sam/lio_sam/msg/detail/cloud_info__type_support.h
[0.851s] -- Up-to-date symlink: /home/robot/jackal_nav2_ws/install/lio_sam/include/lio_sam/lio_sam/msg/rosidl_generator_c__visibility_control.h
[0.851s] -- Up-to-date symlink: /home/robot/jackal_nav2_ws/install/lio_sam/include/lio_sam/lio_sam/srv/detail/save_map__functions.h
[0.852s] -- Up-to-date symlink: /home/robot/jackal_nav2_ws/install/lio_sam/include/lio_sam/lio_sam/srv/detail/save_map__struct.h
[0.852s] -- Up-to-date symlink: /home/robot/jackal_nav2_ws/install/lio_sam/include/lio_sam/lio_sam/srv/detail/save_map__type_support.h
[0.852s] -- Up-to-date symlink: /home/robot/jackal_nav2_ws/install/lio_sam/include/lio_sam/lio_sam/srv/save_map.h
[0.853s] -- Up-to-date symlink: /home/robot/jackal_nav2_ws/install/lio_sam/share/lio_sam/environment/library_path.sh
[0.853s] -- Up-to-date symlink: /home/robot/jackal_nav2_ws/install/lio_sam/share/lio_sam/environment/library_path.dsv
[0.854s] -- Up-to-date symlink: /home/robot/jackal_nav2_ws/install/lio_sam/include/lio_sam/lio_sam/msg/detail/cloud_info__rosidl_typesupport_fastrtps_c.h
[0.855s] -- Up-to-date symlink: /home/robot/jackal_nav2_ws/install/lio_sam/include/lio_sam/lio_sam/msg/rosidl_typesupport_fastrtps_c__visibility_control.h
[0.855s] -- Up-to-date symlink: /home/robot/jackal_nav2_ws/install/lio_sam/include/lio_sam/lio_sam/srv/detail/save_map__rosidl_typesupport_fastrtps_c.h
[0.857s] -- Up-to-date symlink: /home/robot/jackal_nav2_ws/install/lio_sam/include/lio_sam/lio_sam/msg/detail/cloud_info__rosidl_typesupport_introspection_c.h
[0.857s] -- Up-to-date symlink: /home/robot/jackal_nav2_ws/install/lio_sam/include/lio_sam/lio_sam/msg/rosidl_typesupport_introspection_c__visibility_control.h
[0.858s] -- Up-to-date symlink: /home/robot/jackal_nav2_ws/install/lio_sam/include/lio_sam/lio_sam/srv/detail/save_map__rosidl_typesupport_introspection_c.h
[0.859s] -- Up-to-date symlink: /home/robot/jackal_nav2_ws/install/lio_sam/include/lio_sam/lio_sam/msg/cloud_info.hpp
[0.859s] -- Up-to-date symlink: /home/robot/jackal_nav2_ws/install/lio_sam/include/lio_sam/lio_sam/msg/detail/cloud_info__builder.hpp
[0.860s] -- Up-to-date symlink: /home/robot/jackal_nav2_ws/install/lio_sam/include/lio_sam/lio_sam/msg/detail/cloud_info__struct.hpp
[0.860s] -- Up-to-date symlink: /home/robot/jackal_nav2_ws/install/lio_sam/include/lio_sam/lio_sam/msg/detail/cloud_info__traits.hpp
[0.860s] -- Up-to-date symlink: /home/robot/jackal_nav2_ws/install/lio_sam/include/lio_sam/lio_sam/msg/detail/cloud_info__type_support.hpp
[0.860s] -- Up-to-date symlink: /home/robot/jackal_nav2_ws/install/lio_sam/include/lio_sam/lio_sam/msg/rosidl_generator_cpp__visibility_control.hpp
[0.861s] -- Up-to-date symlink: /home/robot/jackal_nav2_ws/install/lio_sam/include/lio_sam/lio_sam/srv/detail/save_map__builder.hpp
[0.861s] -- Up-to-date symlink: /home/robot/jackal_nav2_ws/install/lio_sam/include/lio_sam/lio_sam/srv/detail/save_map__struct.hpp
[0.862s] -- Up-to-date symlink: /home/robot/jackal_nav2_ws/install/lio_sam/include/lio_sam/lio_sam/srv/detail/save_map__traits.hpp
[0.862s] -- Up-to-date symlink: /home/robot/jackal_nav2_ws/install/lio_sam/include/lio_sam/lio_sam/srv/detail/save_map__type_support.hpp
[0.862s] -- Up-to-date symlink: /home/robot/jackal_nav2_ws/install/lio_sam/include/lio_sam/lio_sam/srv/save_map.hpp
[0.865s] -- Up-to-date symlink: /home/robot/jackal_nav2_ws/install/lio_sam/include/lio_sam/lio_sam/msg/detail/cloud_info__rosidl_typesupport_fastrtps_cpp.hpp
[0.865s] -- Up-to-date symlink: /home/robot/jackal_nav2_ws/install/lio_sam/include/lio_sam/lio_sam/msg/rosidl_typesupport_fastrtps_cpp__visibility_control.h
[0.865s] -- Up-to-date symlink: /home/robot/jackal_nav2_ws/install/lio_sam/include/lio_sam/lio_sam/srv/detail/save_map__rosidl_typesupport_fastrtps_cpp.hpp
[0.867s] -- Up-to-date symlink: /home/robot/jackal_nav2_ws/install/lio_sam/include/lio_sam/lio_sam/msg/detail/cloud_info__rosidl_typesupport_introspection_cpp.hpp
[0.867s] -- Up-to-date symlink: /home/robot/jackal_nav2_ws/install/lio_sam/include/lio_sam/lio_sam/srv/detail/save_map__rosidl_typesupport_introspection_cpp.hpp
[0.867s] -- Up-to-date symlink: /home/robot/jackal_nav2_ws/install/lio_sam/share/lio_sam/environment/pythonpath.sh
[0.867s] -- Up-to-date symlink: /home/robot/jackal_nav2_ws/install/lio_sam/share/lio_sam/environment/pythonpath.dsv
[0.868s] -- Up-to-date symlink: /home/robot/jackal_nav2_ws/install/lio_sam/lib/python3.12/site-packages/lio_sam-1.0.0-py3.12.egg-info/PKG-INFO
[0.868s] -- Up-to-date symlink: /home/robot/jackal_nav2_ws/install/lio_sam/lib/python3.12/site-packages/lio_sam-1.0.0-py3.12.egg-info/SOURCES.txt
[0.868s] -- Up-to-date symlink: /home/robot/jackal_nav2_ws/install/lio_sam/lib/python3.12/site-packages/lio_sam-1.0.0-py3.12.egg-info/dependency_links.txt
[0.869s] -- Up-to-date symlink: /home/robot/jackal_nav2_ws/install/lio_sam/lib/python3.12/site-packages/lio_sam-1.0.0-py3.12.egg-info/top_level.txt
[0.869s] -- Up-to-date symlink: /home/robot/jackal_nav2_ws/install/lio_sam/lib/python3.12/site-packages/lio_sam/__init__.py
[0.870s] -- Up-to-date symlink: /home/robot/jackal_nav2_ws/install/lio_sam/lib/python3.12/site-packages/lio_sam/_lio_sam_s.ep.rosidl_typesupport_c.c
[0.870s] -- Up-to-date symlink: /home/robot/jackal_nav2_ws/install/lio_sam/lib/python3.12/site-packages/lio_sam/_lio_sam_s.ep.rosidl_typesupport_fastrtps_c.c
[0.870s] -- Up-to-date symlink: /home/robot/jackal_nav2_ws/install/lio_sam/lib/python3.12/site-packages/lio_sam/_lio_sam_s.ep.rosidl_typesupport_introspection_c.c
[0.871s] -- Up-to-date symlink: /home/robot/jackal_nav2_ws/install/lio_sam/lib/python3.12/site-packages/lio_sam/lio_sam_s__rosidl_typesupport_c.so
[0.871s] -- Up-to-date symlink: /home/robot/jackal_nav2_ws/install/lio_sam/lib/python3.12/site-packages/lio_sam/lio_sam_s__rosidl_typesupport_fastrtps_c.so
[0.871s] -- Up-to-date symlink: /home/robot/jackal_nav2_ws/install/lio_sam/lib/python3.12/site-packages/lio_sam/lio_sam_s__rosidl_typesupport_introspection_c.so
[0.872s] -- Up-to-date symlink: /home/robot/jackal_nav2_ws/install/lio_sam/lib/python3.12/site-packages/lio_sam/msg/__init__.py
[0.872s] -- Up-to-date symlink: /home/robot/jackal_nav2_ws/install/lio_sam/lib/python3.12/site-packages/lio_sam/msg/_cloud_info.py
[0.872s] -- Up-to-date symlink: /home/robot/jackal_nav2_ws/install/lio_sam/lib/python3.12/site-packages/lio_sam/msg/_cloud_info_s.c
[0.872s] -- Up-to-date symlink: /home/robot/jackal_nav2_ws/install/lio_sam/lib/python3.12/site-packages/lio_sam/srv/__init__.py
[0.873s] -- Up-to-date symlink: /home/robot/jackal_nav2_ws/install/lio_sam/lib/python3.12/site-packages/lio_sam/srv/_save_map.py
[0.873s] -- Up-to-date symlink: /home/robot/jackal_nav2_ws/install/lio_sam/lib/python3.12/site-packages/lio_sam/srv/_save_map_s.c
[0.873s] -- Up-to-date symlink: /home/robot/jackal_nav2_ws/install/lio_sam/lib/python3.12/site-packages/lio_sam/lio_sam_s__rosidl_typesupport_fastrtps_c.so
[0.874s] -- Up-to-date symlink: /home/robot/jackal_nav2_ws/install/lio_sam/lib/python3.12/site-packages/lio_sam/lio_sam_s__rosidl_typesupport_introspection_c.so
[0.875s] -- Up-to-date symlink: /home/robot/jackal_nav2_ws/install/lio_sam/lib/python3.12/site-packages/lio_sam/lio_sam_s__rosidl_typesupport_c.so
[0.875s] -- Up-to-date symlink: /home/robot/jackal_nav2_ws/install/lio_sam/share/lio_sam/msg/CloudInfo.idl
[0.875s] -- Up-to-date symlink: /home/robot/jackal_nav2_ws/install/lio_sam/share/lio_sam/srv/SaveMap.idl
[0.875s] -- Up-to-date symlink: /home/robot/jackal_nav2_ws/install/lio_sam/share/lio_sam/msg/CloudInfo.msg
[0.875s] -- Up-to-date symlink: /home/robot/jackal_nav2_ws/install/lio_sam/share/lio_sam/srv/SaveMap.srv
[0.875s] -- Up-to-date symlink: /home/robot/jackal_nav2_ws/install/lio_sam/share/lio_sam//launch/lio_map_projection.launch.py
[0.875s] -- Up-to-date symlink: /home/robot/jackal_nav2_ws/install/lio_sam/share/lio_sam//launch/run.launch.py
[0.876s] [33mCMake Warning (dev) at ament_cmake_symlink_install/ament_cmake_symlink_install.cmake:62 (file):
[0.876s]   Policy CMP0009 is not set: FILE GLOB_RECURSE calls should not follow
[0.876s]   symlinks by default.  Run "cmake --help-policy CMP0009" for policy details.
[0.876s]   Use the cmake_policy command to set the policy and suppress this warning.
[0.876s] Call Stack (most recent call first):
[0.876s]   ament_cmake_symlink_install/ament_cmake_symlink_install.cmake:383 (ament_cmake_symlink_install_directory)
[0.877s]   cmake_install.cmake:46 (include)
[0.877s] This warning is for project developers.  Use -Wno-dev to suppress it.
[0.877s] [0m
[0.877s] -- Up-to-date symlink: /home/robot/jackal_nav2_ws/install/lio_sam/share/lio_sam//config/build/.built_by
[0.877s] -- Up-to-date symlink: /home/robot/jackal_nav2_ws/install/lio_sam/share/lio_sam//config/build/COLCON_IGNORE
[0.877s] -- Up-to-date symlink: /home/robot/jackal_nav2_ws/install/lio_sam/share/lio_sam//config/doc/demo.gif
[0.877s] -- Up-to-date symlink: /home/robot/jackal_nav2_ws/install/lio_sam/share/lio_sam//config/doc/device-boat.png
[0.877s] -- Up-to-date symlink: /home/robot/jackal_nav2_ws/install/lio_sam/share/lio_sam//config/doc/device-hand-2.png
[0.877s] -- Up-to-date symlink: /home/robot/jackal_nav2_ws/install/lio_sam/share/lio_sam//config/doc/device-hand.png
[0.877s] -- Up-to-date symlink: /home/robot/jackal_nav2_ws/install/lio_sam/share/lio_sam//config/doc/device-jackal.png
[0.877s] -- Up-to-date symlink: /home/robot/jackal_nav2_ws/install/lio_sam/share/lio_sam//config/doc/gps-demo.gif
[0.878s] -- Up-to-date symlink: /home/robot/jackal_nav2_ws/install/lio_sam/share/lio_sam//config/doc/imu-debug.gif
[0.878s] -- Up-to-date symlink: /home/robot/jackal_nav2_ws/install/lio_sam/share/lio_sam//config/doc/imu-transform.png
[0.878s] -- Up-to-date symlink: /home/robot/jackal_nav2_ws/install/lio_sam/share/lio_sam//config/doc/kitti-demo.gif
[0.878s] -- Up-to-date symlink: /home/robot/jackal_nav2_ws/install/lio_sam/share/lio_sam//config/doc/kitti-map.png
[0.878s] -- Up-to-date symlink: /home/robot/jackal_nav2_ws/install/lio_sam/share/lio_sam//config/doc/kitti2bag/README.md
[0.878s] -- Up-to-date symlink: /home/robot/jackal_nav2_ws/install/lio_sam/share/lio_sam//config/doc/kitti2bag/kitti2bag.py
[0.878s] -- Up-to-date symlink: /home/robot/jackal_nav2_ws/install/lio_sam/share/lio_sam//config/doc/loop-closure-2.gif
[0.878s] -- Up-to-date symlink: /home/robot/jackal_nav2_ws/install/lio_sam/share/lio_sam//config/doc/loop-closure.gif
[0.878s] -- Up-to-date symlink: /home/robot/jackal_nav2_ws/install/lio_sam/share/lio_sam//config/doc/ouster-demo.gif
[0.878s] -- Up-to-date symlink: /home/robot/jackal_nav2_ws/install/lio_sam/share/lio_sam//config/doc/ouster-device.jpg
[0.878s] -- Up-to-date symlink: /home/robot/jackal_nav2_ws/install/lio_sam/share/lio_sam//config/doc/paper.pdf
[0.879s] -- Up-to-date symlink: /home/robot/jackal_nav2_ws/install/lio_sam/share/lio_sam//config/doc/system.png
[0.879s] -- Up-to-date symlink: /home/robot/jackal_nav2_ws/install/lio_sam/share/lio_sam//config/install/.colcon_install_layout
[0.879s] -- Up-to-date symlink: /home/robot/jackal_nav2_ws/install/lio_sam/share/lio_sam//config/install/COLCON_IGNORE
[0.879s] -- Up-to-date symlink: /home/robot/jackal_nav2_ws/install/lio_sam/share/lio_sam//config/install/_local_setup_util_ps1.py
[0.879s] -- Up-to-date symlink: /home/robot/jackal_nav2_ws/install/lio_sam/share/lio_sam//config/install/_local_setup_util_sh.py
[0.879s] -- Up-to-date symlink: /home/robot/jackal_nav2_ws/install/lio_sam/share/lio_sam//config/install/local_setup.bash
[0.879s] -- Up-to-date symlink: /home/robot/jackal_nav2_ws/install/lio_sam/share/lio_sam//config/install/local_setup.ps1
[0.879s] -- Up-to-date symlink: /home/robot/jackal_nav2_ws/install/lio_sam/share/lio_sam//config/install/local_setup.sh
[0.879s] -- Up-to-date symlink: /home/robot/jackal_nav2_ws/install/lio_sam/share/lio_sam//config/install/local_setup.zsh
[0.879s] -- Up-to-date symlink: /home/robot/jackal_nav2_ws/install/lio_sam/share/lio_sam//config/install/setup.bash
[0.879s] -- Up-to-date symlink: /home/robot/jackal_nav2_ws/install/lio_sam/share/lio_sam//config/install/setup.ps1
[0.880s] -- Up-to-date symlink: /home/robot/jackal_nav2_ws/install/lio_sam/share/lio_sam//config/install/setup.sh
[0.880s] -- Up-to-date symlink: /home/robot/jackal_nav2_ws/install/lio_sam/share/lio_sam//config/install/setup.zsh
[0.880s] -- Up-to-date symlink: /home/robot/jackal_nav2_ws/install/lio_sam/share/lio_sam//config/log/COLCON_IGNORE
[0.880s] -- Up-to-date symlink: /home/robot/jackal_nav2_ws/install/lio_sam/share/lio_sam//config/log/build_2025-10-31_17-14-19/events.log
[0.880s] -- Up-to-date symlink: /home/robot/jackal_nav2_ws/install/lio_sam/share/lio_sam//config/log/build_2025-10-31_17-14-19/logger_all.log
[0.880s] -- Up-to-date symlink: /home/robot/jackal_nav2_ws/install/lio_sam/share/lio_sam//config/log/build_2025-10-31_18-34-24/events.log
[0.880s] -- Up-to-date symlink: /home/robot/jackal_nav2_ws/install/lio_sam/share/lio_sam//config/log/build_2025-10-31_18-34-24/logger_all.log
[0.880s] -- Up-to-date symlink: /home/robot/jackal_nav2_ws/install/lio_sam/share/lio_sam//config/log/latest/events.log
[0.880s] -- Up-to-date symlink: /home/robot/jackal_nav2_ws/install/lio_sam/share/lio_sam//config/log/latest/logger_all.log
[0.880s] -- Up-to-date symlink: /home/robot/jackal_nav2_ws/install/lio_sam/share/lio_sam//config/log/latest_build/events.log
[0.880s] -- Up-to-date symlink: /home/robot/jackal_nav2_ws/install/lio_sam/share/lio_sam//config/log/latest_build/logger_all.log
[0.881s] -- Up-to-date symlink: /home/robot/jackal_nav2_ws/install/lio_sam/share/lio_sam//config/params.yaml
[0.881s] -- Up-to-date symlink: /home/robot/jackal_nav2_ws/install/lio_sam/share/lio_sam//config/robot.urdf.xacro
[0.881s] -- Up-to-date symlink: /home/robot/jackal_nav2_ws/install/lio_sam/share/lio_sam//config/rviz2.rviz
[0.881s] -- Up-to-date symlink: /home/robot/jackal_nav2_ws/install/lio_sam/lib/lio_sam/lio_sam_imageProjection
[0.882s] -- Up-to-date symlink: /home/robot/jackal_nav2_ws/install/lio_sam/lib/lio_sam/lio_sam_imuPreintegration
[0.882s] -- Up-to-date symlink: /home/robot/jackal_nav2_ws/install/lio_sam/lib/lio_sam/lio_sam_featureExtraction
[0.883s] -- Up-to-date symlink: /home/robot/jackal_nav2_ws/install/lio_sam/lib/lio_sam/lio_sam_mapOptimization
[0.883s] -- Up-to-date symlink: /home/robot/jackal_nav2_ws/install/lio_sam/include/lio_sam/utility.hpp
[0.883s] -- Up-to-date symlink: /home/robot/jackal_nav2_ws/install/lio_sam/share/ament_index/resource_index/package_run_dependencies/lio_sam
[0.884s] -- Up-to-date symlink: /home/robot/jackal_nav2_ws/install/lio_sam/share/ament_index/resource_index/parent_prefix_path/lio_sam
[0.884s] -- Up-to-date symlink: /home/robot/jackal_nav2_ws/install/lio_sam/share/lio_sam/environment/ament_prefix_path.sh
[0.884s] -- Up-to-date symlink: /home/robot/jackal_nav2_ws/install/lio_sam/share/lio_sam/environment/ament_prefix_path.dsv
[0.884s] -- Up-to-date symlink: /home/robot/jackal_nav2_ws/install/lio_sam/share/lio_sam/environment/path.sh
[0.884s] -- Up-to-date symlink: /home/robot/jackal_nav2_ws/install/lio_sam/share/lio_sam/environment/path.dsv
[0.884s] -- Up-to-date symlink: /home/robot/jackal_nav2_ws/install/lio_sam/share/lio_sam/local_setup.bash
[0.885s] -- Up-to-date symlink: /home/robot/jackal_nav2_ws/install/lio_sam/share/lio_sam/local_setup.sh
[0.885s] -- Up-to-date symlink: /home/robot/jackal_nav2_ws/install/lio_sam/share/lio_sam/local_setup.zsh
[0.885s] -- Up-to-date symlink: /home/robot/jackal_nav2_ws/install/lio_sam/share/lio_sam/local_setup.dsv
[0.885s] -- Symlinking: /home/robot/jackal_nav2_ws/install/lio_sam/share/lio_sam/package.dsv
[0.895s] -- Up-to-date symlink: /home/robot/jackal_nav2_ws/install/lio_sam/share/ament_index/resource_index/packages/lio_sam
[0.895s] -- Up-to-date symlink: /home/robot/jackal_nav2_ws/install/lio_sam/share/lio_sam/cmake/rosidl_cmake-extras.cmake
[0.895s] -- Up-to-date symlink: /home/robot/jackal_nav2_ws/install/lio_sam/share/lio_sam/cmake/ament_cmake_export_dependencies-extras.cmake
[0.895s] -- Up-to-date symlink: /home/robot/jackal_nav2_ws/install/lio_sam/share/lio_sam/cmake/ament_cmake_export_include_directories-extras.cmake
[0.895s] -- Up-to-date symlink: /home/robot/jackal_nav2_ws/install/lio_sam/share/lio_sam/cmake/ament_cmake_export_libraries-extras.cmake
[0.895s] -- Up-to-date symlink: /home/robot/jackal_nav2_ws/install/lio_sam/share/lio_sam/cmake/ament_cmake_export_targets-extras.cmake
[0.896s] -- Up-to-date symlink: /home/robot/jackal_nav2_ws/install/lio_sam/share/lio_sam/cmake/rosidl_cmake_export_typesupport_targets-extras.cmake
[0.896s] -- Up-to-date symlink: /home/robot/jackal_nav2_ws/install/lio_sam/share/lio_sam/cmake/rosidl_cmake_export_typesupport_libraries-extras.cmake
[0.896s] -- Up-to-date symlink: /home/robot/jackal_nav2_ws/install/lio_sam/share/lio_sam/cmake/lio_samConfig.cmake
[0.896s] -- Up-to-date symlink: /home/robot/jackal_nav2_ws/install/lio_sam/share/lio_sam/cmake/lio_samConfig-version.cmake
[0.896s] -- Up-to-date symlink: /home/robot/jackal_nav2_ws/install/lio_sam/share/lio_sam/package.xml
[0.898s] -- Up-to-date: /home/robot/jackal_nav2_ws/install/lio_sam/lib/liblio_sam__rosidl_generator_c.so
[0.899s] -- Up-to-date: /home/robot/jackal_nav2_ws/install/lio_sam/lib/liblio_sam__rosidl_typesupport_fastrtps_c.so
[0.900s] -- Up-to-date: /home/robot/jackal_nav2_ws/install/lio_sam/lib/liblio_sam__rosidl_typesupport_introspection_c.so
[0.901s] -- Up-to-date: /home/robot/jackal_nav2_ws/install/lio_sam/lib/liblio_sam__rosidl_typesupport_c.so
[0.902s] -- Up-to-date: /home/robot/jackal_nav2_ws/install/lio_sam/lib/liblio_sam__rosidl_typesupport_fastrtps_cpp.so
[0.903s] -- Up-to-date: /home/robot/jackal_nav2_ws/install/lio_sam/lib/liblio_sam__rosidl_typesupport_introspection_cpp.so
[0.904s] -- Up-to-date: /home/robot/jackal_nav2_ws/install/lio_sam/lib/liblio_sam__rosidl_typesupport_cpp.so
[0.950s] Listing '/home/robot/jackal_nav2_ws/install/lio_sam/lib/python3.12/site-packages/lio_sam'...
[0.950s] Listing '/home/robot/jackal_nav2_ws/install/lio_sam/lib/python3.12/site-packages/lio_sam/msg'...
[0.950s] Listing '/home/robot/jackal_nav2_ws/install/lio_sam/lib/python3.12/site-packages/lio_sam/srv'...
[0.956s] -- Up-to-date: /home/robot/jackal_nav2_ws/install/lio_sam/lib/liblio_sam__rosidl_generator_py.so
[0.957s] -- Up-to-date: /home/robot/jackal_nav2_ws/install/lio_sam/share/lio_sam/cmake/export_lio_sam__rosidl_generator_cExport.cmake
[0.957s] -- Up-to-date: /home/robot/jackal_nav2_ws/install/lio_sam/share/lio_sam/cmake/export_lio_sam__rosidl_generator_cExport-release.cmake
[0.958s] -- Up-to-date: /home/robot/jackal_nav2_ws/install/lio_sam/share/lio_sam/cmake/export_lio_sam__rosidl_typesupport_fastrtps_cExport.cmake
[0.958s] -- Up-to-date: /home/robot/jackal_nav2_ws/install/lio_sam/share/lio_sam/cmake/export_lio_sam__rosidl_typesupport_fastrtps_cExport-release.cmake
[0.958s] -- Up-to-date: /home/robot/jackal_nav2_ws/install/lio_sam/share/lio_sam/cmake/lio_sam__rosidl_typesupport_introspection_cExport.cmake
[0.958s] -- Up-to-date: /home/robot/jackal_nav2_ws/install/lio_sam/share/lio_sam/cmake/lio_sam__rosidl_typesupport_introspection_cExport-release.cmake
[0.959s] -- Up-to-date: /home/robot/jackal_nav2_ws/install/lio_sam/share/lio_sam/cmake/lio_sam__rosidl_typesupport_cExport.cmake
[0.959s] -- Up-to-date: /home/robot/jackal_nav2_ws/install/lio_sam/share/lio_sam/cmake/lio_sam__rosidl_typesupport_cExport-release.cmake
[0.959s] -- Up-to-date: /home/robot/jackal_nav2_ws/install/lio_sam/share/lio_sam/cmake/export_lio_sam__rosidl_generator_cppExport.cmake
[0.960s] -- Up-to-date: /home/robot/jackal_nav2_ws/install/lio_sam/share/lio_sam/cmake/export_lio_sam__rosidl_typesupport_fastrtps_cppExport.cmake
[0.960s] -- Up-to-date: /home/robot/jackal_nav2_ws/install/lio_sam/share/lio_sam/cmake/export_lio_sam__rosidl_typesupport_fastrtps_cppExport-release.cmake
[0.961s] -- Up-to-date: /home/robot/jackal_nav2_ws/install/lio_sam/share/lio_sam/cmake/lio_sam__rosidl_typesupport_introspection_cppExport.cmake
[0.961s] -- Up-to-date: /home/robot/jackal_nav2_ws/install/lio_sam/share/lio_sam/cmake/lio_sam__rosidl_typesupport_introspection_cppExport-release.cmake
[0.961s] -- Up-to-date: /home/robot/jackal_nav2_ws/install/lio_sam/share/lio_sam/cmake/lio_sam__rosidl_typesupport_cppExport.cmake
[0.961s] -- Up-to-date: /home/robot/jackal_nav2_ws/install/lio_sam/share/lio_sam/cmake/lio_sam__rosidl_typesupport_cppExport-release.cmake
[0.964s] -- Up-to-date: /home/robot/jackal_nav2_ws/install/lio_sam/share/lio_sam/cmake/export_lio_sam__rosidl_generator_pyExport.cmake
[0.964s] -- Up-to-date: /home/robot/jackal_nav2_ws/install/lio_sam/share/lio_sam/cmake/export_lio_sam__rosidl_generator_pyExport-release.cmake
[0.966s] Invoked command in '/home/robot/jackal_nav2_ws/build/lio_sam' returned '0': CMAKE_PREFIX_PATH=${CMAKE_PREFIX_PATH}:/opt/ros/jazzy DEBUGINFOD_URLS=https://debuginfod.ubuntu.com /usr/bin/cmake --install /home/robot/jackal_nav2_ws/build/lio_sam
