[0.011s] Invoking command in '/home/robot/jackal_nav2_ws/src/build/lio_sam': CMAKE_PREFIX_PATH=${CMAKE_PREFIX_PATH}:/opt/ros/jazzy DEBUGINFOD_URLS=https://debuginfod.ubuntu.com /usr/bin/cmake --build /home/robot/jackal_nav2_ws/src/build/lio_sam -- -j8 -l8
[0.068s] [  1%] Built target lio_sam__rosidl_generator_type_description
[0.077s] [  1%] Built target ament_cmake_python_copy_lio_sam
[0.089s] [  3%] Built target lio_sam__cpp
[0.093s] [ 19%] Built target lio_sam__rosidl_generator_c
[0.121s] [ 26%] Built target lio_sam__rosidl_typesupport_introspection_c
[0.122s] [ 42%] Built target lio_sam__rosidl_typesupport_fastrtps_cpp
[0.122s] [ 40%] Built target lio_sam__rosidl_typesupport_cpp
[0.126s] [ 50%] Built target lio_sam__rosidl_typesupport_introspection_cpp
[0.126s] [ 57%] Built target lio_sam__rosidl_typesupport_fastrtps_c
[0.126s] [ 65%] Built target lio_sam__rosidl_typesupport_c
[0.148s] [ 65%] Built target lio_sam
[0.171s] [ 73%] Built target lio_sam_imageProjection
[0.171s] [ 73%] Built target lio_sam_featureExtraction
[0.171s] [ 75%] Built target lio_sam__py
[0.176s] [ 82%] Built target lio_sam_imuPreintegration
[0.176s] [ 82%] Built target lio_sam_mapOptimization
[0.198s] [ 88%] Built target lio_sam__rosidl_generator_py
[0.224s] [100%] Built target lio_sam_s__rosidl_typesupport_c
[0.224s] [100%] Built target lio_sam_s__rosidl_typesupport_introspection_c
[0.224s] [100%] Built target lio_sam_s__rosidl_typesupport_fastrtps_c
[0.350s] running egg_info
[0.377s] writing lio_sam.egg-info/PKG-INFO
[0.377s] writing dependency_links to lio_sam.egg-info/dependency_links.txt
[0.377s] writing top-level names to lio_sam.egg-info/top_level.txt
[0.453s] reading manifest file 'lio_sam.egg-info/SOURCES.txt'
[0.454s] writing manifest file 'lio_sam.egg-info/SOURCES.txt'
[0.480s] [100%] Built target ament_cmake_python_build_lio_sam_egg
[0.491s] Invoked command in '/home/robot/jackal_nav2_ws/src/build/lio_sam' returned '0': CMAKE_PREFIX_PATH=${CMAKE_PREFIX_PATH}:/opt/ros/jazzy DEBUGINFOD_URLS=https://debuginfod.ubuntu.com /usr/bin/cmake --build /home/robot/jackal_nav2_ws/src/build/lio_sam -- -j8 -l8
[0.501s] Invoking command in '/home/robot/jackal_nav2_ws/src/build/lio_sam': CMAKE_PREFIX_PATH=${CMAKE_PREFIX_PATH}:/opt/ros/jazzy DEBUGINFOD_URLS=https://debuginfod.ubuntu.com /usr/bin/cmake --install /home/robot/jackal_nav2_ws/src/build/lio_sam
[0.510s] -- Install configuration: "Release"
[0.510s] -- Up-to-date: /home/robot/jackal_nav2_ws/src/install/lio_sam/share/ament_index/resource_index/rosidl_interfaces/lio_sam
[0.510s] -- Up-to-date: /home/robot/jackal_nav2_ws/src/install/lio_sam/share/lio_sam/msg/CloudInfo.json
[0.510s] -- Up-to-date: /home/robot/jackal_nav2_ws/src/install/lio_sam/share/lio_sam/srv/SaveMap.json
[0.510s] -- Up-to-date: /home/robot/jackal_nav2_ws/src/install/lio_sam/include/lio_sam/lio_sam
[0.510s] -- Up-to-date: /home/robot/jackal_nav2_ws/src/install/lio_sam/include/lio_sam/lio_sam/srv
[0.511s] -- Up-to-date: /home/robot/jackal_nav2_ws/src/install/lio_sam/include/lio_sam/lio_sam/srv/detail
[0.511s] -- Up-to-date: /home/robot/jackal_nav2_ws/src/install/lio_sam/include/lio_sam/lio_sam/srv/detail/save_map__description.c
[0.511s] -- Up-to-date: /home/robot/jackal_nav2_ws/src/install/lio_sam/include/lio_sam/lio_sam/srv/detail/save_map__functions.c
[0.511s] -- Up-to-date: /home/robot/jackal_nav2_ws/src/install/lio_sam/include/lio_sam/lio_sam/srv/detail/save_map__type_support.h
[0.511s] -- Up-to-date: /home/robot/jackal_nav2_ws/src/install/lio_sam/include/lio_sam/lio_sam/srv/detail/save_map__functions.h
[0.511s] -- Up-to-date: /home/robot/jackal_nav2_ws/src/install/lio_sam/include/lio_sam/lio_sam/srv/detail/save_map__type_support.c
[0.511s] -- Up-to-date: /home/robot/jackal_nav2_ws/src/install/lio_sam/include/lio_sam/lio_sam/srv/detail/save_map__struct.h
[0.511s] -- Up-to-date: /home/robot/jackal_nav2_ws/src/install/lio_sam/include/lio_sam/lio_sam/srv/save_map.h
[0.511s] -- Up-to-date: /home/robot/jackal_nav2_ws/src/install/lio_sam/include/lio_sam/lio_sam/msg
[0.511s] -- Up-to-date: /home/robot/jackal_nav2_ws/src/install/lio_sam/include/lio_sam/lio_sam/msg/rosidl_generator_c__visibility_control.h
[0.512s] -- Up-to-date: /home/robot/jackal_nav2_ws/src/install/lio_sam/include/lio_sam/lio_sam/msg/cloud_info.h
[0.512s] -- Up-to-date: /home/robot/jackal_nav2_ws/src/install/lio_sam/include/lio_sam/lio_sam/msg/detail
[0.512s] -- Up-to-date: /home/robot/jackal_nav2_ws/src/install/lio_sam/include/lio_sam/lio_sam/msg/detail/cloud_info__struct.h
[0.512s] -- Up-to-date: /home/robot/jackal_nav2_ws/src/install/lio_sam/include/lio_sam/lio_sam/msg/detail/cloud_info__type_support.c
[0.512s] -- Up-to-date: /home/robot/jackal_nav2_ws/src/install/lio_sam/include/lio_sam/lio_sam/msg/detail/cloud_info__functions.c
[0.512s] -- Up-to-date: /home/robot/jackal_nav2_ws/src/install/lio_sam/include/lio_sam/lio_sam/msg/detail/cloud_info__type_support.h
[0.512s] -- Up-to-date: /home/robot/jackal_nav2_ws/src/install/lio_sam/include/lio_sam/lio_sam/msg/detail/cloud_info__description.c
[0.512s] -- Up-to-date: /home/robot/jackal_nav2_ws/src/install/lio_sam/include/lio_sam/lio_sam/msg/detail/cloud_info__functions.h
[0.513s] -- Up-to-date: /home/robot/jackal_nav2_ws/src/install/lio_sam/share/lio_sam/environment/library_path.sh
[0.513s] -- Up-to-date: /home/robot/jackal_nav2_ws/src/install/lio_sam/share/lio_sam/environment/library_path.dsv
[0.513s] -- Up-to-date: /home/robot/jackal_nav2_ws/src/install/lio_sam/lib/liblio_sam__rosidl_generator_c.so
[0.513s] -- Up-to-date: /home/robot/jackal_nav2_ws/src/install/lio_sam/include/lio_sam/lio_sam
[0.513s] -- Up-to-date: /home/robot/jackal_nav2_ws/src/install/lio_sam/include/lio_sam/lio_sam/srv
[0.513s] -- Up-to-date: /home/robot/jackal_nav2_ws/src/install/lio_sam/include/lio_sam/lio_sam/srv/detail
[0.513s] -- Up-to-date: /home/robot/jackal_nav2_ws/src/install/lio_sam/include/lio_sam/lio_sam/srv/detail/save_map__rosidl_typesupport_fastrtps_c.h
[0.513s] -- Up-to-date: /home/robot/jackal_nav2_ws/src/install/lio_sam/include/lio_sam/lio_sam/msg
[0.513s] -- Up-to-date: /home/robot/jackal_nav2_ws/src/install/lio_sam/include/lio_sam/lio_sam/msg/rosidl_typesupport_fastrtps_c__visibility_control.h
[0.513s] -- Up-to-date: /home/robot/jackal_nav2_ws/src/install/lio_sam/include/lio_sam/lio_sam/msg/detail
[0.514s] -- Up-to-date: /home/robot/jackal_nav2_ws/src/install/lio_sam/include/lio_sam/lio_sam/msg/detail/cloud_info__rosidl_typesupport_fastrtps_c.h
[0.514s] -- Up-to-date: /home/robot/jackal_nav2_ws/src/install/lio_sam/lib/liblio_sam__rosidl_typesupport_fastrtps_c.so
[0.514s] -- Up-to-date: /home/robot/jackal_nav2_ws/src/install/lio_sam/include/lio_sam/lio_sam
[0.514s] -- Up-to-date: /home/robot/jackal_nav2_ws/src/install/lio_sam/include/lio_sam/lio_sam/srv
[0.514s] -- Up-to-date: /home/robot/jackal_nav2_ws/src/install/lio_sam/include/lio_sam/lio_sam/srv/detail
[0.514s] -- Up-to-date: /home/robot/jackal_nav2_ws/src/install/lio_sam/include/lio_sam/lio_sam/srv/detail/save_map__rosidl_typesupport_introspection_c.h
[0.514s] -- Up-to-date: /home/robot/jackal_nav2_ws/src/install/lio_sam/include/lio_sam/lio_sam/srv/detail/save_map__type_support.c
[0.514s] -- Up-to-date: /home/robot/jackal_nav2_ws/src/install/lio_sam/include/lio_sam/lio_sam/msg
[0.514s] -- Up-to-date: /home/robot/jackal_nav2_ws/src/install/lio_sam/include/lio_sam/lio_sam/msg/detail
[0.514s] -- Up-to-date: /home/robot/jackal_nav2_ws/src/install/lio_sam/include/lio_sam/lio_sam/msg/detail/cloud_info__type_support.c
[0.514s] -- Up-to-date: /home/robot/jackal_nav2_ws/src/install/lio_sam/include/lio_sam/lio_sam/msg/detail/cloud_info__rosidl_typesupport_introspection_c.h
[0.515s] -- Up-to-date: /home/robot/jackal_nav2_ws/src/install/lio_sam/include/lio_sam/lio_sam/msg/rosidl_typesupport_introspection_c__visibility_control.h
[0.515s] -- Up-to-date: /home/robot/jackal_nav2_ws/src/install/lio_sam/lib/liblio_sam__rosidl_typesupport_introspection_c.so
[0.515s] -- Up-to-date: /home/robot/jackal_nav2_ws/src/install/lio_sam/lib/liblio_sam__rosidl_typesupport_c.so
[0.515s] -- Up-to-date: /home/robot/jackal_nav2_ws/src/install/lio_sam/include/lio_sam/lio_sam
[0.515s] -- Up-to-date: /home/robot/jackal_nav2_ws/src/install/lio_sam/include/lio_sam/lio_sam/srv
[0.515s] -- Up-to-date: /home/robot/jackal_nav2_ws/src/install/lio_sam/include/lio_sam/lio_sam/srv/save_map.hpp
[0.515s] -- Up-to-date: /home/robot/jackal_nav2_ws/src/install/lio_sam/include/lio_sam/lio_sam/srv/detail
[0.515s] -- Up-to-date: /home/robot/jackal_nav2_ws/src/install/lio_sam/include/lio_sam/lio_sam/srv/detail/save_map__builder.hpp
[0.515s] -- Up-to-date: /home/robot/jackal_nav2_ws/src/install/lio_sam/include/lio_sam/lio_sam/srv/detail/save_map__traits.hpp
[0.515s] -- Up-to-date: /home/robot/jackal_nav2_ws/src/install/lio_sam/include/lio_sam/lio_sam/srv/detail/save_map__type_support.hpp
[0.516s] -- Up-to-date: /home/robot/jackal_nav2_ws/src/install/lio_sam/include/lio_sam/lio_sam/srv/detail/save_map__struct.hpp
[0.516s] -- Up-to-date: /home/robot/jackal_nav2_ws/src/install/lio_sam/include/lio_sam/lio_sam/msg
[0.516s] -- Up-to-date: /home/robot/jackal_nav2_ws/src/install/lio_sam/include/lio_sam/lio_sam/msg/detail
[0.516s] -- Up-to-date: /home/robot/jackal_nav2_ws/src/install/lio_sam/include/lio_sam/lio_sam/msg/detail/cloud_info__struct.hpp
[0.516s] -- Up-to-date: /home/robot/jackal_nav2_ws/src/install/lio_sam/include/lio_sam/lio_sam/msg/detail/cloud_info__builder.hpp
[0.516s] -- Up-to-date: /home/robot/jackal_nav2_ws/src/install/lio_sam/include/lio_sam/lio_sam/msg/detail/cloud_info__traits.hpp
[0.516s] -- Up-to-date: /home/robot/jackal_nav2_ws/src/install/lio_sam/include/lio_sam/lio_sam/msg/detail/cloud_info__type_support.hpp
[0.516s] -- Up-to-date: /home/robot/jackal_nav2_ws/src/install/lio_sam/include/lio_sam/lio_sam/msg/cloud_info.hpp
[0.516s] -- Up-to-date: /home/robot/jackal_nav2_ws/src/install/lio_sam/include/lio_sam/lio_sam/msg/rosidl_generator_cpp__visibility_control.hpp
[0.516s] -- Up-to-date: /home/robot/jackal_nav2_ws/src/install/lio_sam/include/lio_sam/lio_sam
[0.516s] -- Up-to-date: /home/robot/jackal_nav2_ws/src/install/lio_sam/include/lio_sam/lio_sam/srv
[0.516s] -- Up-to-date: /home/robot/jackal_nav2_ws/src/install/lio_sam/include/lio_sam/lio_sam/srv/detail
[0.516s] -- Up-to-date: /home/robot/jackal_nav2_ws/src/install/lio_sam/include/lio_sam/lio_sam/srv/detail/save_map__rosidl_typesupport_fastrtps_cpp.hpp
[0.517s] -- Up-to-date: /home/robot/jackal_nav2_ws/src/install/lio_sam/include/lio_sam/lio_sam/srv/detail/dds_fastrtps
[0.517s] -- Up-to-date: /home/robot/jackal_nav2_ws/src/install/lio_sam/include/lio_sam/lio_sam/msg
[0.517s] -- Up-to-date: /home/robot/jackal_nav2_ws/src/install/lio_sam/include/lio_sam/lio_sam/msg/detail
[0.517s] -- Up-to-date: /home/robot/jackal_nav2_ws/src/install/lio_sam/include/lio_sam/lio_sam/msg/detail/dds_fastrtps
[0.517s] -- Up-to-date: /home/robot/jackal_nav2_ws/src/install/lio_sam/include/lio_sam/lio_sam/msg/detail/cloud_info__rosidl_typesupport_fastrtps_cpp.hpp
[0.517s] -- Up-to-date: /home/robot/jackal_nav2_ws/src/install/lio_sam/include/lio_sam/lio_sam/msg/rosidl_typesupport_fastrtps_cpp__visibility_control.h
[0.517s] -- Up-to-date: /home/robot/jackal_nav2_ws/src/install/lio_sam/lib/liblio_sam__rosidl_typesupport_fastrtps_cpp.so
[0.517s] -- Up-to-date: /home/robot/jackal_nav2_ws/src/install/lio_sam/include/lio_sam/lio_sam
[0.517s] -- Up-to-date: /home/robot/jackal_nav2_ws/src/install/lio_sam/include/lio_sam/lio_sam/srv
[0.517s] -- Up-to-date: /home/robot/jackal_nav2_ws/src/install/lio_sam/include/lio_sam/lio_sam/srv/detail
[0.517s] -- Up-to-date: /home/robot/jackal_nav2_ws/src/install/lio_sam/include/lio_sam/lio_sam/srv/detail/save_map__type_support.cpp
[0.517s] -- Up-to-date: /home/robot/jackal_nav2_ws/src/install/lio_sam/include/lio_sam/lio_sam/srv/detail/save_map__rosidl_typesupport_introspection_cpp.hpp
[0.517s] -- Up-to-date: /home/robot/jackal_nav2_ws/src/install/lio_sam/include/lio_sam/lio_sam/msg
[0.518s] -- Up-to-date: /home/robot/jackal_nav2_ws/src/install/lio_sam/include/lio_sam/lio_sam/msg/detail
[0.518s] -- Up-to-date: /home/robot/jackal_nav2_ws/src/install/lio_sam/include/lio_sam/lio_sam/msg/detail/cloud_info__type_support.cpp
[0.518s] -- Up-to-date: /home/robot/jackal_nav2_ws/src/install/lio_sam/include/lio_sam/lio_sam/msg/detail/cloud_info__rosidl_typesupport_introspection_cpp.hpp
[0.518s] -- Up-to-date: /home/robot/jackal_nav2_ws/src/install/lio_sam/lib/liblio_sam__rosidl_typesupport_introspection_cpp.so
[0.518s] -- Up-to-date: /home/robot/jackal_nav2_ws/src/install/lio_sam/lib/liblio_sam__rosidl_typesupport_cpp.so
[0.518s] -- Up-to-date: /home/robot/jackal_nav2_ws/src/install/lio_sam/share/lio_sam/environment/pythonpath.sh
[0.518s] -- Up-to-date: /home/robot/jackal_nav2_ws/src/install/lio_sam/share/lio_sam/environment/pythonpath.dsv
[0.518s] -- Up-to-date: /home/robot/jackal_nav2_ws/src/install/lio_sam/lib/python3.12/site-packages/lio_sam-1.0.0-py3.12.egg-info
[0.518s] -- Installing: /home/robot/jackal_nav2_ws/src/install/lio_sam/lib/python3.12/site-packages/lio_sam-1.0.0-py3.12.egg-info/SOURCES.txt
[0.518s] -- Installing: /home/robot/jackal_nav2_ws/src/install/lio_sam/lib/python3.12/site-packages/lio_sam-1.0.0-py3.12.egg-info/dependency_links.txt
[0.518s] -- Installing: /home/robot/jackal_nav2_ws/src/install/lio_sam/lib/python3.12/site-packages/lio_sam-1.0.0-py3.12.egg-info/top_level.txt
[0.518s] -- Installing: /home/robot/jackal_nav2_ws/src/install/lio_sam/lib/python3.12/site-packages/lio_sam-1.0.0-py3.12.egg-info/PKG-INFO
[0.518s] -- Up-to-date: /home/robot/jackal_nav2_ws/src/install/lio_sam/lib/python3.12/site-packages/lio_sam
[0.518s] -- Up-to-date: /home/robot/jackal_nav2_ws/src/install/lio_sam/lib/python3.12/site-packages/lio_sam/_lio_sam_s.ep.rosidl_typesupport_c.c
[0.519s] -- Up-to-date: /home/robot/jackal_nav2_ws/src/install/lio_sam/lib/python3.12/site-packages/lio_sam/lio_sam_s__rosidl_typesupport_introspection_c.so
[0.519s] -- Up-to-date: /home/robot/jackal_nav2_ws/src/install/lio_sam/lib/python3.12/site-packages/lio_sam/lio_sam_s__rosidl_typesupport_c.so
[0.519s] -- Up-to-date: /home/robot/jackal_nav2_ws/src/install/lio_sam/lib/python3.12/site-packages/lio_sam/_lio_sam_s.ep.rosidl_typesupport_fastrtps_c.c
[0.519s] -- Up-to-date: /home/robot/jackal_nav2_ws/src/install/lio_sam/lib/python3.12/site-packages/lio_sam/srv
[0.519s] -- Up-to-date: /home/robot/jackal_nav2_ws/src/install/lio_sam/lib/python3.12/site-packages/lio_sam/srv/_save_map.py
[0.519s] -- Up-to-date: /home/robot/jackal_nav2_ws/src/install/lio_sam/lib/python3.12/site-packages/lio_sam/srv/_save_map_s.c
[0.519s] -- Up-to-date: /home/robot/jackal_nav2_ws/src/install/lio_sam/lib/python3.12/site-packages/lio_sam/srv/__init__.py
[0.519s] -- Up-to-date: /home/robot/jackal_nav2_ws/src/install/lio_sam/lib/python3.12/site-packages/lio_sam/lio_sam_s__rosidl_typesupport_fastrtps_c.so
[0.519s] -- Up-to-date: /home/robot/jackal_nav2_ws/src/install/lio_sam/lib/python3.12/site-packages/lio_sam/msg
[0.519s] -- Up-to-date: /home/robot/jackal_nav2_ws/src/install/lio_sam/lib/python3.12/site-packages/lio_sam/msg/_cloud_info_s.c
[0.519s] -- Up-to-date: /home/robot/jackal_nav2_ws/src/install/lio_sam/lib/python3.12/site-packages/lio_sam/msg/_cloud_info.py
[0.519s] -- Up-to-date: /home/robot/jackal_nav2_ws/src/install/lio_sam/lib/python3.12/site-packages/lio_sam/msg/__init__.py
[0.519s] -- Up-to-date: /home/robot/jackal_nav2_ws/src/install/lio_sam/lib/python3.12/site-packages/lio_sam/__init__.py
[0.519s] -- Up-to-date: /home/robot/jackal_nav2_ws/src/install/lio_sam/lib/python3.12/site-packages/lio_sam/_lio_sam_s.ep.rosidl_typesupport_introspection_c.c
[0.551s] Listing '/home/robot/jackal_nav2_ws/src/install/lio_sam/lib/python3.12/site-packages/lio_sam'...
[0.551s] Listing '/home/robot/jackal_nav2_ws/src/install/lio_sam/lib/python3.12/site-packages/lio_sam/msg'...
[0.551s] Listing '/home/robot/jackal_nav2_ws/src/install/lio_sam/lib/python3.12/site-packages/lio_sam/srv'...
[0.557s] -- Up-to-date: /home/robot/jackal_nav2_ws/src/install/lio_sam/lib/python3.12/site-packages/lio_sam/lio_sam_s__rosidl_typesupport_fastrtps_c.so
[0.557s] -- Up-to-date: /home/robot/jackal_nav2_ws/src/install/lio_sam/lib/python3.12/site-packages/lio_sam/lio_sam_s__rosidl_typesupport_introspection_c.so
[0.557s] -- Up-to-date: /home/robot/jackal_nav2_ws/src/install/lio_sam/lib/python3.12/site-packages/lio_sam/lio_sam_s__rosidl_typesupport_c.so
[0.557s] -- Up-to-date: /home/robot/jackal_nav2_ws/src/install/lio_sam/lib/liblio_sam__rosidl_generator_py.so
[0.558s] -- Up-to-date: /home/robot/jackal_nav2_ws/src/install/lio_sam/share/lio_sam/msg/CloudInfo.idl
[0.558s] -- Up-to-date: /home/robot/jackal_nav2_ws/src/install/lio_sam/share/lio_sam/srv/SaveMap.idl
[0.558s] -- Up-to-date: /home/robot/jackal_nav2_ws/src/install/lio_sam/share/lio_sam/msg/CloudInfo.msg
[0.558s] -- Up-to-date: /home/robot/jackal_nav2_ws/src/install/lio_sam/share/lio_sam/srv/SaveMap.srv
[0.558s] -- Up-to-date: /home/robot/jackal_nav2_ws/src/install/lio_sam/share/lio_sam//launch
[0.558s] -- Up-to-date: /home/robot/jackal_nav2_ws/src/install/lio_sam/share/lio_sam//launch/lio_map_projection.launch.py
[0.558s] -- Up-to-date: /home/robot/jackal_nav2_ws/src/install/lio_sam/share/lio_sam//launch/run.launch.py
[0.558s] -- Up-to-date: /home/robot/jackal_nav2_ws/src/install/lio_sam/share/lio_sam//config
[0.558s] -- Up-to-date: /home/robot/jackal_nav2_ws/src/install/lio_sam/share/lio_sam//config/log
[0.558s] -- Up-to-date: /home/robot/jackal_nav2_ws/src/install/lio_sam/share/lio_sam//config/log/build_2025-10-31_18-34-24
[0.559s] -- Up-to-date: /home/robot/jackal_nav2_ws/src/install/lio_sam/share/lio_sam//config/log/build_2025-10-31_18-34-24/logger_all.log
[0.559s] -- Up-to-date: /home/robot/jackal_nav2_ws/src/install/lio_sam/share/lio_sam//config/log/build_2025-10-31_18-34-24/events.log
[0.559s] -- Up-to-date: /home/robot/jackal_nav2_ws/src/install/lio_sam/share/lio_sam//config/log/latest
[0.559s] -- Up-to-date: /home/robot/jackal_nav2_ws/src/install/lio_sam/share/lio_sam//config/log/build_2025-10-31_17-14-19
[0.559s] -- Up-to-date: /home/robot/jackal_nav2_ws/src/install/lio_sam/share/lio_sam//config/log/build_2025-10-31_17-14-19/logger_all.log
[0.559s] -- Up-to-date: /home/robot/jackal_nav2_ws/src/install/lio_sam/share/lio_sam//config/log/build_2025-10-31_17-14-19/events.log
[0.559s] -- Up-to-date: /home/robot/jackal_nav2_ws/src/install/lio_sam/share/lio_sam//config/log/latest_build
[0.559s] -- Up-to-date: /home/robot/jackal_nav2_ws/src/install/lio_sam/share/lio_sam//config/log/COLCON_IGNORE
[0.559s] -- Up-to-date: /home/robot/jackal_nav2_ws/src/install/lio_sam/share/lio_sam//config/install
[0.559s] -- Up-to-date: /home/robot/jackal_nav2_ws/src/install/lio_sam/share/lio_sam//config/install/local_setup.sh
[0.559s] -- Up-to-date: /home/robot/jackal_nav2_ws/src/install/lio_sam/share/lio_sam//config/install/_local_setup_util_sh.py
[0.559s] -- Up-to-date: /home/robot/jackal_nav2_ws/src/install/lio_sam/share/lio_sam//config/install/setup.bash
[0.560s] -- Up-to-date: /home/robot/jackal_nav2_ws/src/install/lio_sam/share/lio_sam//config/install/setup.zsh
[0.560s] -- Up-to-date: /home/robot/jackal_nav2_ws/src/install/lio_sam/share/lio_sam//config/install/local_setup.ps1
[0.560s] -- Up-to-date: /home/robot/jackal_nav2_ws/src/install/lio_sam/share/lio_sam//config/install/_local_setup_util_ps1.py
[0.560s] -- Up-to-date: /home/robot/jackal_nav2_ws/src/install/lio_sam/share/lio_sam//config/install/setup.ps1
[0.560s] -- Up-to-date: /home/robot/jackal_nav2_ws/src/install/lio_sam/share/lio_sam//config/install/.colcon_install_layout
[0.560s] -- Up-to-date: /home/robot/jackal_nav2_ws/src/install/lio_sam/share/lio_sam//config/install/setup.sh
[0.560s] -- Up-to-date: /home/robot/jackal_nav2_ws/src/install/lio_sam/share/lio_sam//config/install/COLCON_IGNORE
[0.560s] -- Up-to-date: /home/robot/jackal_nav2_ws/src/install/lio_sam/share/lio_sam//config/install/local_setup.bash
[0.560s] -- Up-to-date: /home/robot/jackal_nav2_ws/src/install/lio_sam/share/lio_sam//config/install/local_setup.zsh
[0.560s] -- Up-to-date: /home/robot/jackal_nav2_ws/src/install/lio_sam/share/lio_sam//config/rviz2.rviz
[0.560s] -- Up-to-date: /home/robot/jackal_nav2_ws/src/install/lio_sam/share/lio_sam//config/robot.urdf.xacro
[0.560s] -- Up-to-date: /home/robot/jackal_nav2_ws/src/install/lio_sam/share/lio_sam//config/build
[0.561s] -- Up-to-date: /home/robot/jackal_nav2_ws/src/install/lio_sam/share/lio_sam//config/build/.built_by
[0.561s] -- Up-to-date: /home/robot/jackal_nav2_ws/src/install/lio_sam/share/lio_sam//config/build/COLCON_IGNORE
[0.561s] -- Installing: /home/robot/jackal_nav2_ws/src/install/lio_sam/share/lio_sam//config/params.yaml
[0.561s] -- Up-to-date: /home/robot/jackal_nav2_ws/src/install/lio_sam/share/lio_sam//config/doc
[0.561s] -- Up-to-date: /home/robot/jackal_nav2_ws/src/install/lio_sam/share/lio_sam//config/doc/paper.pdf
[0.561s] -- Up-to-date: /home/robot/jackal_nav2_ws/src/install/lio_sam/share/lio_sam//config/doc/device-hand.png
[0.561s] -- Up-to-date: /home/robot/jackal_nav2_ws/src/install/lio_sam/share/lio_sam//config/doc/kitti-map.png
[0.561s] -- Up-to-date: /home/robot/jackal_nav2_ws/src/install/lio_sam/share/lio_sam//config/doc/gps-demo.gif
[0.561s] -- Up-to-date: /home/robot/jackal_nav2_ws/src/install/lio_sam/share/lio_sam//config/doc/device-jackal.png
[0.561s] -- Up-to-date: /home/robot/jackal_nav2_ws/src/install/lio_sam/share/lio_sam//config/doc/loop-closure.gif
[0.561s] -- Up-to-date: /home/robot/jackal_nav2_ws/src/install/lio_sam/share/lio_sam//config/doc/kitti2bag
[0.562s] -- Up-to-date: /home/robot/jackal_nav2_ws/src/install/lio_sam/share/lio_sam//config/doc/kitti2bag/kitti2bag.py
[0.562s] -- Up-to-date: /home/robot/jackal_nav2_ws/src/install/lio_sam/share/lio_sam//config/doc/kitti2bag/README.md
[0.562s] -- Up-to-date: /home/robot/jackal_nav2_ws/src/install/lio_sam/share/lio_sam//config/doc/ouster-device.jpg
[0.562s] -- Up-to-date: /home/robot/jackal_nav2_ws/src/install/lio_sam/share/lio_sam//config/doc/device-boat.png
[0.562s] -- Up-to-date: /home/robot/jackal_nav2_ws/src/install/lio_sam/share/lio_sam//config/doc/imu-debug.gif
[0.562s] -- Up-to-date: /home/robot/jackal_nav2_ws/src/install/lio_sam/share/lio_sam//config/doc/kitti-demo.gif
[0.562s] -- Up-to-date: /home/robot/jackal_nav2_ws/src/install/lio_sam/share/lio_sam//config/doc/demo.gif
[0.562s] -- Up-to-date: /home/robot/jackal_nav2_ws/src/install/lio_sam/share/lio_sam//config/doc/imu-transform.png
[0.562s] -- Up-to-date: /home/robot/jackal_nav2_ws/src/install/lio_sam/share/lio_sam//config/doc/ouster-demo.gif
[0.562s] -- Up-to-date: /home/robot/jackal_nav2_ws/src/install/lio_sam/share/lio_sam//config/doc/loop-closure-2.gif
[0.562s] -- Up-to-date: /home/robot/jackal_nav2_ws/src/install/lio_sam/share/lio_sam//config/doc/device-hand-2.png
[0.563s] -- Up-to-date: /home/robot/jackal_nav2_ws/src/install/lio_sam/share/lio_sam//config/doc/system.png
[0.563s] -- Up-to-date: /home/robot/jackal_nav2_ws/src/install/lio_sam/lib/lio_sam/lio_sam_imageProjection
[0.563s] -- Up-to-date: /home/robot/jackal_nav2_ws/src/install/lio_sam/lib/lio_sam/lio_sam_imuPreintegration
[0.563s] -- Up-to-date: /home/robot/jackal_nav2_ws/src/install/lio_sam/lib/lio_sam/lio_sam_featureExtraction
[0.563s] -- Up-to-date: /home/robot/jackal_nav2_ws/src/install/lio_sam/lib/lio_sam/lio_sam_mapOptimization
[0.563s] -- Up-to-date: /home/robot/jackal_nav2_ws/src/install/lio_sam/include
[0.563s] -- Up-to-date: /home/robot/jackal_nav2_ws/src/install/lio_sam/include/lio_sam
[0.563s] -- Up-to-date: /home/robot/jackal_nav2_ws/src/install/lio_sam/include/lio_sam/utility.hpp
[0.563s] -- Up-to-date: /home/robot/jackal_nav2_ws/src/install/lio_sam/share/ament_index/resource_index/package_run_dependencies/lio_sam
[0.563s] -- Up-to-date: /home/robot/jackal_nav2_ws/src/install/lio_sam/share/ament_index/resource_index/parent_prefix_path/lio_sam
[0.563s] -- Up-to-date: /home/robot/jackal_nav2_ws/src/install/lio_sam/share/lio_sam/environment/ament_prefix_path.sh
[0.564s] -- Up-to-date: /home/robot/jackal_nav2_ws/src/install/lio_sam/share/lio_sam/environment/ament_prefix_path.dsv
[0.564s] -- Up-to-date: /home/robot/jackal_nav2_ws/src/install/lio_sam/share/lio_sam/environment/path.sh
[0.564s] -- Up-to-date: /home/robot/jackal_nav2_ws/src/install/lio_sam/share/lio_sam/environment/path.dsv
[0.564s] -- Up-to-date: /home/robot/jackal_nav2_ws/src/install/lio_sam/share/lio_sam/local_setup.bash
[0.564s] -- Up-to-date: /home/robot/jackal_nav2_ws/src/install/lio_sam/share/lio_sam/local_setup.sh
[0.564s] -- Up-to-date: /home/robot/jackal_nav2_ws/src/install/lio_sam/share/lio_sam/local_setup.zsh
[0.564s] -- Up-to-date: /home/robot/jackal_nav2_ws/src/install/lio_sam/share/lio_sam/local_setup.dsv
[0.564s] -- Installing: /home/robot/jackal_nav2_ws/src/install/lio_sam/share/lio_sam/package.dsv
[0.564s] -- Up-to-date: /home/robot/jackal_nav2_ws/src/install/lio_sam/share/ament_index/resource_index/packages/lio_sam
[0.564s] -- Up-to-date: /home/robot/jackal_nav2_ws/src/install/lio_sam/share/lio_sam/cmake/export_lio_sam__rosidl_generator_cExport.cmake
[0.565s] -- Up-to-date: /home/robot/jackal_nav2_ws/src/install/lio_sam/share/lio_sam/cmake/export_lio_sam__rosidl_generator_cExport-release.cmake
[0.565s] -- Up-to-date: /home/robot/jackal_nav2_ws/src/install/lio_sam/share/lio_sam/cmake/export_lio_sam__rosidl_typesupport_fastrtps_cExport.cmake
[0.565s] -- Up-to-date: /home/robot/jackal_nav2_ws/src/install/lio_sam/share/lio_sam/cmake/export_lio_sam__rosidl_typesupport_fastrtps_cExport-release.cmake
[0.565s] -- Up-to-date: /home/robot/jackal_nav2_ws/src/install/lio_sam/share/lio_sam/cmake/lio_sam__rosidl_typesupport_introspection_cExport.cmake
[0.565s] -- Up-to-date: /home/robot/jackal_nav2_ws/src/install/lio_sam/share/lio_sam/cmake/lio_sam__rosidl_typesupport_introspection_cExport-release.cmake
[0.565s] -- Up-to-date: /home/robot/jackal_nav2_ws/src/install/lio_sam/share/lio_sam/cmake/lio_sam__rosidl_typesupport_cExport.cmake
[0.565s] -- Up-to-date: /home/robot/jackal_nav2_ws/src/install/lio_sam/share/lio_sam/cmake/lio_sam__rosidl_typesupport_cExport-release.cmake
[0.565s] -- Up-to-date: /home/robot/jackal_nav2_ws/src/install/lio_sam/share/lio_sam/cmake/export_lio_sam__rosidl_generator_cppExport.cmake
[0.566s] -- Up-to-date: /home/robot/jackal_nav2_ws/src/install/lio_sam/share/lio_sam/cmake/export_lio_sam__rosidl_typesupport_fastrtps_cppExport.cmake
[0.566s] -- Up-to-date: /home/robot/jackal_nav2_ws/src/install/lio_sam/share/lio_sam/cmake/export_lio_sam__rosidl_typesupport_fastrtps_cppExport-release.cmake
[0.566s] -- Up-to-date: /home/robot/jackal_nav2_ws/src/install/lio_sam/share/lio_sam/cmake/lio_sam__rosidl_typesupport_introspection_cppExport.cmake
[0.566s] -- Up-to-date: /home/robot/jackal_nav2_ws/src/install/lio_sam/share/lio_sam/cmake/lio_sam__rosidl_typesupport_introspection_cppExport-release.cmake
[0.566s] -- Up-to-date: /home/robot/jackal_nav2_ws/src/install/lio_sam/share/lio_sam/cmake/lio_sam__rosidl_typesupport_cppExport.cmake
[0.566s] -- Up-to-date: /home/robot/jackal_nav2_ws/src/install/lio_sam/share/lio_sam/cmake/lio_sam__rosidl_typesupport_cppExport-release.cmake
[0.566s] -- Up-to-date: /home/robot/jackal_nav2_ws/src/install/lio_sam/share/lio_sam/cmake/export_lio_sam__rosidl_generator_pyExport.cmake
[0.566s] -- Up-to-date: /home/robot/jackal_nav2_ws/src/install/lio_sam/share/lio_sam/cmake/export_lio_sam__rosidl_generator_pyExport-release.cmake
[0.566s] -- Up-to-date: /home/robot/jackal_nav2_ws/src/install/lio_sam/share/lio_sam/cmake/rosidl_cmake-extras.cmake
[0.567s] -- Up-to-date: /home/robot/jackal_nav2_ws/src/install/lio_sam/share/lio_sam/cmake/ament_cmake_export_dependencies-extras.cmake
[0.567s] -- Up-to-date: /home/robot/jackal_nav2_ws/src/install/lio_sam/share/lio_sam/cmake/ament_cmake_export_include_directories-extras.cmake
[0.567s] -- Up-to-date: /home/robot/jackal_nav2_ws/src/install/lio_sam/share/lio_sam/cmake/ament_cmake_export_libraries-extras.cmake
[0.567s] -- Up-to-date: /home/robot/jackal_nav2_ws/src/install/lio_sam/share/lio_sam/cmake/ament_cmake_export_targets-extras.cmake
[0.567s] -- Up-to-date: /home/robot/jackal_nav2_ws/src/install/lio_sam/share/lio_sam/cmake/rosidl_cmake_export_typesupport_targets-extras.cmake
[0.567s] -- Up-to-date: /home/robot/jackal_nav2_ws/src/install/lio_sam/share/lio_sam/cmake/rosidl_cmake_export_typesupport_libraries-extras.cmake
[0.567s] -- Up-to-date: /home/robot/jackal_nav2_ws/src/install/lio_sam/share/lio_sam/cmake/lio_samConfig.cmake
[0.567s] -- Up-to-date: /home/robot/jackal_nav2_ws/src/install/lio_sam/share/lio_sam/cmake/lio_samConfig-version.cmake
[0.567s] -- Up-to-date: /home/robot/jackal_nav2_ws/src/install/lio_sam/share/lio_sam/package.xml
[0.568s] Invoked command in '/home/robot/jackal_nav2_ws/src/build/lio_sam' returned '0': CMAKE_PREFIX_PATH=${CMAKE_PREFIX_PATH}:/opt/ros/jazzy DEBUGINFOD_URLS=https://debuginfod.ubuntu.com /usr/bin/cmake --install /home/robot/jackal_nav2_ws/src/build/lio_sam
