[0.130s] DEBUG:colcon:Command line arguments: ['/usr/bin/colcon', 'build', '--symlink-install']
[0.130s] DEBUG:colcon:Parsed command line arguments: Namespace(log_base=None, log_level=None, verb_name='build', build_base='build', install_base='install', merge_install=False, symlink_install=True, test_result_base=None, continue_on_error=False, executor='parallel', parallel_workers=8, event_handlers=None, ignore_user_meta=False, metas=['./colcon.meta'], base_paths=['.'], packages_ignore=None, packages_ignore_regex=None, paths=None, packages_up_to=None, packages_up_to_regex=None, packages_above=None, packages_above_and_dependencies=None, packages_above_depth=None, packages_select_by_dep=None, packages_skip_by_dep=None, packages_skip_up_to=None, packages_select_build_failed=False, packages_skip_build_finished=False, packages_select_test_failures=False, packages_skip_test_passed=False, packages_select=None, packages_skip=None, packages_select_regex=None, packages_skip_regex=None, packages_start=None, packages_end=None, allow_overriding=[], cmake_args=None, cmake_target=None, cmake_target_skip_unavailable=False, cmake_clean_cache=False, cmake_clean_first=False, cmake_force_configure=False, ament_cmake_args=None, catkin_cmake_args=None, catkin_skip_building_tests=False, mixin_files=None, mixin=None, verb_parser=<colcon_mixin.mixin.mixin_argument.MixinArgumentDecorator object at 0x735e192bf230>, verb_extension=<colcon_core.verb.build.BuildVerb object at 0x735e192befc0>, main=<bound method BuildVerb.main of <colcon_core.verb.build.BuildVerb object at 0x735e192befc0>>, mixin_verb=('build',))
[0.170s] Level 1:colcon.colcon_core.package_discovery:discover_packages(colcon_meta) check parameters
[0.170s] Level 1:colcon.colcon_core.package_discovery:discover_packages(recursive) check parameters
[0.170s] Level 1:colcon.colcon_core.package_discovery:discover_packages(ignore) check parameters
[0.170s] Level 1:colcon.colcon_core.package_discovery:discover_packages(path) check parameters
[0.170s] Level 1:colcon.colcon_core.package_discovery:discover_packages(colcon_meta) discover
[0.170s] Level 1:colcon.colcon_core.package_discovery:discover_packages(recursive) discover
[0.170s] INFO:colcon.colcon_core.package_discovery:Crawling recursively for packages in '/home/robot/jackal_nav2_ws'
[0.171s] Level 1:colcon.colcon_core.package_identification:_identify(.) by extensions ['ignore', 'ignore_ament_install']
[0.171s] Level 1:colcon.colcon_core.package_identification:_identify(.) by extension 'ignore'
[0.171s] Level 1:colcon.colcon_core.package_identification:_identify(.) by extension 'ignore_ament_install'
[0.171s] Level 1:colcon.colcon_core.package_identification:_identify(.) by extensions ['colcon_pkg']
[0.171s] Level 1:colcon.colcon_core.package_identification:_identify(.) by extension 'colcon_pkg'
[0.171s] Level 1:colcon.colcon_core.package_identification:_identify(.) by extensions ['colcon_meta']
[0.171s] Level 1:colcon.colcon_core.package_identification:_identify(.) by extension 'colcon_meta'
[0.171s] Level 1:colcon.colcon_core.package_identification:_identify(.) by extensions ['ros']
[0.171s] Level 1:colcon.colcon_core.package_identification:_identify(.) by extension 'ros'
[0.202s] Level 1:colcon.colcon_core.package_identification:_identify(.) by extensions ['cmake', 'python']
[0.202s] Level 1:colcon.colcon_core.package_identification:_identify(.) by extension 'cmake'
[0.202s] Level 1:colcon.colcon_core.package_identification:_identify(.) by extension 'python'
[0.202s] Level 1:colcon.colcon_core.package_identification:_identify(.) by extensions ['python_setup_py']
[0.202s] Level 1:colcon.colcon_core.package_identification:_identify(.) by extension 'python_setup_py'
[0.202s] Level 1:colcon.colcon_core.package_identification:_identify(build) by extensions ['ignore', 'ignore_ament_install']
[0.202s] Level 1:colcon.colcon_core.package_identification:_identify(build) by extension 'ignore'
[0.202s] Level 1:colcon.colcon_core.package_identification:_identify(build) ignored
[0.202s] Level 1:colcon.colcon_core.package_identification:_identify(install) by extensions ['ignore', 'ignore_ament_install']
[0.202s] Level 1:colcon.colcon_core.package_identification:_identify(install) by extension 'ignore'
[0.203s] Level 1:colcon.colcon_core.package_identification:_identify(install) ignored
[0.203s] Level 1:colcon.colcon_core.package_identification:_identify(log) by extensions ['ignore', 'ignore_ament_install']
[0.203s] Level 1:colcon.colcon_core.package_identification:_identify(log) by extension 'ignore'
[0.203s] Level 1:colcon.colcon_core.package_identification:_identify(log) ignored
[0.203s] Level 1:colcon.colcon_core.package_identification:_identify(rosbag2_2025_10_31-20_02_28) by extensions ['ignore', 'ignore_ament_install']
[0.203s] Level 1:colcon.colcon_core.package_identification:_identify(rosbag2_2025_10_31-20_02_28) by extension 'ignore'
[0.203s] Level 1:colcon.colcon_core.package_identification:_identify(rosbag2_2025_10_31-20_02_28) by extension 'ignore_ament_install'
[0.203s] Level 1:colcon.colcon_core.package_identification:_identify(rosbag2_2025_10_31-20_02_28) by extensions ['colcon_pkg']
[0.203s] Level 1:colcon.colcon_core.package_identification:_identify(rosbag2_2025_10_31-20_02_28) by extension 'colcon_pkg'
[0.203s] Level 1:colcon.colcon_core.package_identification:_identify(rosbag2_2025_10_31-20_02_28) by extensions ['colcon_meta']
[0.203s] Level 1:colcon.colcon_core.package_identification:_identify(rosbag2_2025_10_31-20_02_28) by extension 'colcon_meta'
[0.203s] Level 1:colcon.colcon_core.package_identification:_identify(rosbag2_2025_10_31-20_02_28) by extensions ['ros']
[0.203s] Level 1:colcon.colcon_core.package_identification:_identify(rosbag2_2025_10_31-20_02_28) by extension 'ros'
[0.204s] Level 1:colcon.colcon_core.package_identification:_identify(rosbag2_2025_10_31-20_02_28) by extensions ['cmake', 'python']
[0.204s] Level 1:colcon.colcon_core.package_identification:_identify(rosbag2_2025_10_31-20_02_28) by extension 'cmake'
[0.204s] Level 1:colcon.colcon_core.package_identification:_identify(rosbag2_2025_10_31-20_02_28) by extension 'python'
[0.204s] Level 1:colcon.colcon_core.package_identification:_identify(rosbag2_2025_10_31-20_02_28) by extensions ['python_setup_py']
[0.204s] Level 1:colcon.colcon_core.package_identification:_identify(rosbag2_2025_10_31-20_02_28) by extension 'python_setup_py'
[0.204s] Level 1:colcon.colcon_core.package_identification:_identify(src) by extensions ['ignore', 'ignore_ament_install']
[0.204s] Level 1:colcon.colcon_core.package_identification:_identify(src) by extension 'ignore'
[0.204s] Level 1:colcon.colcon_core.package_identification:_identify(src) by extension 'ignore_ament_install'
[0.204s] Level 1:colcon.colcon_core.package_identification:_identify(src) by extensions ['colcon_pkg']
[0.204s] Level 1:colcon.colcon_core.package_identification:_identify(src) by extension 'colcon_pkg'
[0.204s] Level 1:colcon.colcon_core.package_identification:_identify(src) by extensions ['colcon_meta']
[0.204s] Level 1:colcon.colcon_core.package_identification:_identify(src) by extension 'colcon_meta'
[0.204s] Level 1:colcon.colcon_core.package_identification:_identify(src) by extensions ['ros']
[0.204s] Level 1:colcon.colcon_core.package_identification:_identify(src) by extension 'ros'
[0.204s] Level 1:colcon.colcon_core.package_identification:_identify(src) by extensions ['cmake', 'python']
[0.204s] Level 1:colcon.colcon_core.package_identification:_identify(src) by extension 'cmake'
[0.205s] Level 1:colcon.colcon_core.package_identification:_identify(src) by extension 'python'
[0.205s] Level 1:colcon.colcon_core.package_identification:_identify(src) by extensions ['python_setup_py']
[0.205s] Level 1:colcon.colcon_core.package_identification:_identify(src) by extension 'python_setup_py'
[0.205s] Level 1:colcon.colcon_core.package_identification:_identify(src/LIO-SAM) by extensions ['ignore', 'ignore_ament_install']
[0.205s] Level 1:colcon.colcon_core.package_identification:_identify(src/LIO-SAM) by extension 'ignore'
[0.205s] Level 1:colcon.colcon_core.package_identification:_identify(src/LIO-SAM) by extension 'ignore_ament_install'
[0.205s] Level 1:colcon.colcon_core.package_identification:_identify(src/LIO-SAM) by extensions ['colcon_pkg']
[0.205s] Level 1:colcon.colcon_core.package_identification:_identify(src/LIO-SAM) by extension 'colcon_pkg'
[0.205s] Level 1:colcon.colcon_core.package_identification:_identify(src/LIO-SAM) by extensions ['colcon_meta']
[0.205s] Level 1:colcon.colcon_core.package_identification:_identify(src/LIO-SAM) by extension 'colcon_meta'
[0.205s] Level 1:colcon.colcon_core.package_identification:_identify(src/LIO-SAM) by extensions ['ros']
[0.205s] Level 1:colcon.colcon_core.package_identification:_identify(src/LIO-SAM) by extension 'ros'
[0.208s] DEBUG:colcon.colcon_core.package_identification:Package 'src/LIO-SAM' with type 'ros.ament_cmake' and name 'lio_sam'
[0.209s] Level 1:colcon.colcon_core.package_identification:_identify(src/build) by extensions ['ignore', 'ignore_ament_install']
[0.209s] Level 1:colcon.colcon_core.package_identification:_identify(src/build) by extension 'ignore'
[0.209s] Level 1:colcon.colcon_core.package_identification:_identify(src/build) ignored
[0.209s] Level 1:colcon.colcon_core.package_identification:_identify(src/install) by extensions ['ignore', 'ignore_ament_install']
[0.209s] Level 1:colcon.colcon_core.package_identification:_identify(src/install) by extension 'ignore'
[0.209s] Level 1:colcon.colcon_core.package_identification:_identify(src/install) ignored
[0.209s] Level 1:colcon.colcon_core.package_identification:_identify(src/jackal_nav2) by extensions ['ignore', 'ignore_ament_install']
[0.209s] Level 1:colcon.colcon_core.package_identification:_identify(src/jackal_nav2) by extension 'ignore'
[0.209s] Level 1:colcon.colcon_core.package_identification:_identify(src/jackal_nav2) by extension 'ignore_ament_install'
[0.210s] Level 1:colcon.colcon_core.package_identification:_identify(src/jackal_nav2) by extensions ['colcon_pkg']
[0.210s] Level 1:colcon.colcon_core.package_identification:_identify(src/jackal_nav2) by extension 'colcon_pkg'
[0.210s] Level 1:colcon.colcon_core.package_identification:_identify(src/jackal_nav2) by extensions ['colcon_meta']
[0.210s] Level 1:colcon.colcon_core.package_identification:_identify(src/jackal_nav2) by extension 'colcon_meta'
[0.210s] Level 1:colcon.colcon_core.package_identification:_identify(src/jackal_nav2) by extensions ['ros']
[0.210s] Level 1:colcon.colcon_core.package_identification:_identify(src/jackal_nav2) by extension 'ros'
[0.211s] DEBUG:colcon.colcon_core.package_identification:Package 'src/jackal_nav2' with type 'ros.ament_cmake' and name 'jackal_nav2'
[0.211s] Level 1:colcon.colcon_core.package_identification:_identify(src/log) by extensions ['ignore', 'ignore_ament_install']
[0.211s] Level 1:colcon.colcon_core.package_identification:_identify(src/log) by extension 'ignore'
[0.211s] Level 1:colcon.colcon_core.package_identification:_identify(src/log) ignored
[0.211s] Level 1:colcon.colcon_core.package_discovery:discover_packages(recursive) using defaults
[0.211s] Level 1:colcon.colcon_core.package_discovery:discover_packages(ignore) discover
[0.211s] Level 1:colcon.colcon_core.package_discovery:discover_packages(ignore) using defaults
[0.211s] Level 1:colcon.colcon_core.package_discovery:discover_packages(path) discover
[0.211s] Level 1:colcon.colcon_core.package_discovery:discover_packages(path) using defaults
[0.230s] Level 1:colcon.colcon_core.package_discovery:discover_packages(prefix_path) check parameters
[0.230s] Level 1:colcon.colcon_core.package_discovery:discover_packages(prefix_path) discover
[0.232s] DEBUG:colcon.colcon_installed_package_information.package_discovery:Found 2 installed packages in /home/robot/jackal_nav2_ws/install
[0.232s] DEBUG:colcon.colcon_installed_package_information.package_discovery:Found 1 installed packages in /home/robot/jackal_nav2_ws/src/install
[0.235s] DEBUG:colcon.colcon_installed_package_information.package_discovery:Found 518 installed packages in /opt/ros/jazzy
[0.237s] Level 1:colcon.colcon_core.package_discovery:discover_packages(prefix_path) using defaults
[0.331s] Level 5:colcon.colcon_core.verb:set package 'jackal_nav2' build argument 'cmake_args' from command line to 'None'
[0.331s] Level 5:colcon.colcon_core.verb:set package 'jackal_nav2' build argument 'cmake_target' from command line to 'None'
[0.331s] Level 5:colcon.colcon_core.verb:set package 'jackal_nav2' build argument 'cmake_target_skip_unavailable' from command line to 'False'
[0.331s] Level 5:colcon.colcon_core.verb:set package 'jackal_nav2' build argument 'cmake_clean_cache' from command line to 'False'
[0.331s] Level 5:colcon.colcon_core.verb:set package 'jackal_nav2' build argument 'cmake_clean_first' from command line to 'False'
[0.331s] Level 5:colcon.colcon_core.verb:set package 'jackal_nav2' build argument 'cmake_force_configure' from command line to 'False'
[0.331s] Level 5:colcon.colcon_core.verb:set package 'jackal_nav2' build argument 'ament_cmake_args' from command line to 'None'
[0.331s] Level 5:colcon.colcon_core.verb:set package 'jackal_nav2' build argument 'catkin_cmake_args' from command line to 'None'
[0.331s] Level 5:colcon.colcon_core.verb:set package 'jackal_nav2' build argument 'catkin_skip_building_tests' from command line to 'False'
[0.331s] DEBUG:colcon.colcon_core.verb:Building package 'jackal_nav2' with the following arguments: {'ament_cmake_args': None, 'build_base': '/home/robot/jackal_nav2_ws/build/jackal_nav2', 'catkin_cmake_args': None, 'catkin_skip_building_tests': False, 'cmake_args': None, 'cmake_clean_cache': False, 'cmake_clean_first': False, 'cmake_force_configure': False, 'cmake_target': None, 'cmake_target_skip_unavailable': False, 'install_base': '/home/robot/jackal_nav2_ws/install/jackal_nav2', 'merge_install': False, 'path': '/home/robot/jackal_nav2_ws/src/jackal_nav2', 'symlink_install': True, 'test_result_base': None}
[0.332s] Level 5:colcon.colcon_core.verb:set package 'lio_sam' build argument 'cmake_args' from command line to 'None'
[0.332s] Level 5:colcon.colcon_core.verb:set package 'lio_sam' build argument 'cmake_target' from command line to 'None'
[0.332s] Level 5:colcon.colcon_core.verb:set package 'lio_sam' build argument 'cmake_target_skip_unavailable' from command line to 'False'
[0.332s] Level 5:colcon.colcon_core.verb:set package 'lio_sam' build argument 'cmake_clean_cache' from command line to 'False'
[0.332s] Level 5:colcon.colcon_core.verb:set package 'lio_sam' build argument 'cmake_clean_first' from command line to 'False'
[0.332s] Level 5:colcon.colcon_core.verb:set package 'lio_sam' build argument 'cmake_force_configure' from command line to 'False'
[0.332s] Level 5:colcon.colcon_core.verb:set package 'lio_sam' build argument 'ament_cmake_args' from command line to 'None'
[0.332s] Level 5:colcon.colcon_core.verb:set package 'lio_sam' build argument 'catkin_cmake_args' from command line to 'None'
[0.332s] Level 5:colcon.colcon_core.verb:set package 'lio_sam' build argument 'catkin_skip_building_tests' from command line to 'False'
[0.332s] DEBUG:colcon.colcon_core.verb:Building package 'lio_sam' with the following arguments: {'ament_cmake_args': None, 'build_base': '/home/robot/jackal_nav2_ws/build/lio_sam', 'catkin_cmake_args': None, 'catkin_skip_building_tests': False, 'cmake_args': None, 'cmake_clean_cache': False, 'cmake_clean_first': False, 'cmake_force_configure': False, 'cmake_target': None, 'cmake_target_skip_unavailable': False, 'install_base': '/home/robot/jackal_nav2_ws/install/lio_sam', 'merge_install': False, 'path': '/home/robot/jackal_nav2_ws/src/LIO-SAM', 'symlink_install': True, 'test_result_base': None}
[0.332s] INFO:colcon.colcon_core.executor:Executing jobs using 'parallel' executor
[0.333s] DEBUG:colcon.colcon_parallel_executor.executor.parallel:run_until_complete
[0.333s] INFO:colcon.colcon_ros.task.ament_cmake.build:Building ROS package in '/home/robot/jackal_nav2_ws/src/jackal_nav2' with build type 'ament_cmake'
[0.333s] INFO:colcon.colcon_cmake.task.cmake.build:Building CMake package in '/home/robot/jackal_nav2_ws/src/jackal_nav2'
[0.335s] INFO:colcon.colcon_core.plugin_system:Skipping extension 'colcon_core.shell.bat': Not used on non-Windows systems
[0.335s] INFO:colcon.colcon_core.shell:Skip shell extension 'powershell' for command environment: Not usable outside of PowerShell
[0.335s] DEBUG:colcon.colcon_core.shell:Skip shell extension 'dsv' for command environment
[0.341s] INFO:colcon.colcon_ros.task.ament_cmake.build:Building ROS package in '/home/robot/jackal_nav2_ws/src/LIO-SAM' with build type 'ament_cmake'
[0.342s] INFO:colcon.colcon_cmake.task.cmake.build:Building CMake package in '/home/robot/jackal_nav2_ws/src/LIO-SAM'
[0.342s] INFO:colcon.colcon_core.shell:Skip shell extension 'powershell' for command environment: Not usable outside of PowerShell
[0.342s] DEBUG:colcon.colcon_core.shell:Skip shell extension 'dsv' for command environment
[0.353s] DEBUG:colcon.colcon_core.event_handler.log_command:Invoking command in '/home/robot/jackal_nav2_ws/build/jackal_nav2': CMAKE_PREFIX_PATH=${CMAKE_PREFIX_PATH}:/opt/ros/jazzy DEBUGINFOD_URLS=https://debuginfod.ubuntu.com NX_CONNECTION=10.147.78.120 34510 10.159.67.249 4000 /usr/bin/cmake --build /home/robot/jackal_nav2_ws/build/jackal_nav2 -- -j8 -l8
[0.358s] DEBUG:colcon.colcon_core.event_handler.log_command:Invoking command in '/home/robot/jackal_nav2_ws/build/lio_sam': CMAKE_PREFIX_PATH=${CMAKE_PREFIX_PATH}:/opt/ros/jazzy DEBUGINFOD_URLS=https://debuginfod.ubuntu.com NX_CONNECTION=10.147.78.120 34510 10.159.67.249 4000 /usr/bin/cmake /home/robot/jackal_nav2_ws/src/LIO-SAM -DAMENT_CMAKE_SYMLINK_INSTALL=1 -DCMAKE_INSTALL_PREFIX=/home/robot/jackal_nav2_ws/install/lio_sam
[0.402s] DEBUG:colcon.colcon_core.event_handler.log_command:Invoked command in '/home/robot/jackal_nav2_ws/build/jackal_nav2' returned '0': CMAKE_PREFIX_PATH=${CMAKE_PREFIX_PATH}:/opt/ros/jazzy DEBUGINFOD_URLS=https://debuginfod.ubuntu.com NX_CONNECTION=10.147.78.120 34510 10.159.67.249 4000 /usr/bin/cmake --build /home/robot/jackal_nav2_ws/build/jackal_nav2 -- -j8 -l8
[0.413s] DEBUG:colcon.colcon_core.event_handler.log_command:Invoking command in '/home/robot/jackal_nav2_ws/build/jackal_nav2': CMAKE_PREFIX_PATH=${CMAKE_PREFIX_PATH}:/opt/ros/jazzy DEBUGINFOD_URLS=https://debuginfod.ubuntu.com NX_CONNECTION=10.147.78.120 34510 10.159.67.249 4000 /usr/bin/cmake --install /home/robot/jackal_nav2_ws/build/jackal_nav2
[0.449s] Level 1:colcon.colcon_core.environment:create_environment_scripts_only(jackal_nav2)
[0.450s] DEBUG:colcon.colcon_core.event_handler.log_command:Invoked command in '/home/robot/jackal_nav2_ws/build/jackal_nav2' returned '0': CMAKE_PREFIX_PATH=${CMAKE_PREFIX_PATH}:/opt/ros/jazzy DEBUGINFOD_URLS=https://debuginfod.ubuntu.com NX_CONNECTION=10.147.78.120 34510 10.159.67.249 4000 /usr/bin/cmake --install /home/robot/jackal_nav2_ws/build/jackal_nav2
[0.452s] Level 1:colcon.colcon_core.environment:checking '/home/robot/jackal_nav2_ws/install/jackal_nav2' for CMake module files
[0.452s] Level 1:colcon.colcon_core.environment:checking '/home/robot/jackal_nav2_ws/install/jackal_nav2' for CMake config files
[0.453s] Level 1:colcon.colcon_core.shell:create_environment_hook('jackal_nav2', 'cmake_prefix_path')
[0.453s] INFO:colcon.colcon_core.shell:Creating environment hook '/home/robot/jackal_nav2_ws/install/jackal_nav2/share/jackal_nav2/hook/cmake_prefix_path.ps1'
[0.454s] INFO:colcon.colcon_core.shell:Creating environment descriptor '/home/robot/jackal_nav2_ws/install/jackal_nav2/share/jackal_nav2/hook/cmake_prefix_path.dsv'
[0.454s] INFO:colcon.colcon_core.shell:Creating environment hook '/home/robot/jackal_nav2_ws/install/jackal_nav2/share/jackal_nav2/hook/cmake_prefix_path.sh'
[0.455s] Level 1:colcon.colcon_core.environment:checking '/home/robot/jackal_nav2_ws/install/jackal_nav2/bin'
[0.455s] Level 1:colcon.colcon_core.environment:checking '/home/robot/jackal_nav2_ws/install/jackal_nav2/lib/pkgconfig/jackal_nav2.pc'
[0.455s] Level 1:colcon.colcon_core.environment:checking '/home/robot/jackal_nav2_ws/install/jackal_nav2/lib/python3.12/site-packages'
[0.456s] Level 1:colcon.colcon_core.environment:checking '/home/robot/jackal_nav2_ws/install/jackal_nav2/bin'
[0.456s] INFO:colcon.colcon_core.shell:Creating package script '/home/robot/jackal_nav2_ws/install/jackal_nav2/share/jackal_nav2/package.ps1'
[0.457s] INFO:colcon.colcon_core.shell:Creating package descriptor '/home/robot/jackal_nav2_ws/install/jackal_nav2/share/jackal_nav2/package.dsv'
[0.457s] INFO:colcon.colcon_core.shell:Creating package script '/home/robot/jackal_nav2_ws/install/jackal_nav2/share/jackal_nav2/package.sh'
[0.458s] INFO:colcon.colcon_core.shell:Creating package script '/home/robot/jackal_nav2_ws/install/jackal_nav2/share/jackal_nav2/package.bash'
[0.459s] INFO:colcon.colcon_core.shell:Creating package script '/home/robot/jackal_nav2_ws/install/jackal_nav2/share/jackal_nav2/package.zsh'
[0.459s] Level 1:colcon.colcon_core.environment:create_file_with_runtime_dependencies(/home/robot/jackal_nav2_ws/install/jackal_nav2/share/colcon-core/packages/jackal_nav2)
[0.460s] Level 1:colcon.colcon_core.environment:create_environment_scripts_only(jackal_nav2)
[0.460s] Level 1:colcon.colcon_core.environment:checking '/home/robot/jackal_nav2_ws/install/jackal_nav2' for CMake module files
[0.461s] Level 1:colcon.colcon_core.environment:checking '/home/robot/jackal_nav2_ws/install/jackal_nav2' for CMake config files
[0.461s] Level 1:colcon.colcon_core.shell:create_environment_hook('jackal_nav2', 'cmake_prefix_path')
[0.461s] INFO:colcon.colcon_core.shell:Creating environment hook '/home/robot/jackal_nav2_ws/install/jackal_nav2/share/jackal_nav2/hook/cmake_prefix_path.ps1'
[0.462s] INFO:colcon.colcon_core.shell:Creating environment descriptor '/home/robot/jackal_nav2_ws/install/jackal_nav2/share/jackal_nav2/hook/cmake_prefix_path.dsv'
[0.462s] INFO:colcon.colcon_core.shell:Creating environment hook '/home/robot/jackal_nav2_ws/install/jackal_nav2/share/jackal_nav2/hook/cmake_prefix_path.sh'
[0.463s] Level 1:colcon.colcon_core.environment:checking '/home/robot/jackal_nav2_ws/install/jackal_nav2/bin'
[0.463s] Level 1:colcon.colcon_core.environment:checking '/home/robot/jackal_nav2_ws/install/jackal_nav2/lib/pkgconfig/jackal_nav2.pc'
[0.463s] Level 1:colcon.colcon_core.environment:checking '/home/robot/jackal_nav2_ws/install/jackal_nav2/lib/python3.12/site-packages'
[0.463s] Level 1:colcon.colcon_core.environment:checking '/home/robot/jackal_nav2_ws/install/jackal_nav2/bin'
[0.464s] INFO:colcon.colcon_core.shell:Creating package script '/home/robot/jackal_nav2_ws/install/jackal_nav2/share/jackal_nav2/package.ps1'
[0.464s] INFO:colcon.colcon_core.shell:Creating package descriptor '/home/robot/jackal_nav2_ws/install/jackal_nav2/share/jackal_nav2/package.dsv'
[0.465s] INFO:colcon.colcon_core.shell:Creating package script '/home/robot/jackal_nav2_ws/install/jackal_nav2/share/jackal_nav2/package.sh'
[0.465s] INFO:colcon.colcon_core.shell:Creating package script '/home/robot/jackal_nav2_ws/install/jackal_nav2/share/jackal_nav2/package.bash'
[0.465s] INFO:colcon.colcon_core.shell:Creating package script '/home/robot/jackal_nav2_ws/install/jackal_nav2/share/jackal_nav2/package.zsh'
[0.466s] Level 1:colcon.colcon_core.environment:create_file_with_runtime_dependencies(/home/robot/jackal_nav2_ws/install/jackal_nav2/share/colcon-core/packages/jackal_nav2)
[5.703s] DEBUG:colcon.colcon_core.event_handler.log_command:Invoked command in '/home/robot/jackal_nav2_ws/build/lio_sam' returned '0': CMAKE_PREFIX_PATH=${CMAKE_PREFIX_PATH}:/opt/ros/jazzy DEBUGINFOD_URLS=https://debuginfod.ubuntu.com NX_CONNECTION=10.147.78.120 34510 10.159.67.249 4000 /usr/bin/cmake /home/robot/jackal_nav2_ws/src/LIO-SAM -DAMENT_CMAKE_SYMLINK_INSTALL=1 -DCMAKE_INSTALL_PREFIX=/home/robot/jackal_nav2_ws/install/lio_sam
[5.704s] DEBUG:colcon.colcon_core.event_handler.log_command:Invoking command in '/home/robot/jackal_nav2_ws/build/lio_sam': CMAKE_PREFIX_PATH=${CMAKE_PREFIX_PATH}:/opt/ros/jazzy DEBUGINFOD_URLS=https://debuginfod.ubuntu.com NX_CONNECTION=10.147.78.120 34510 10.159.67.249 4000 /usr/bin/cmake --build /home/robot/jackal_nav2_ws/build/lio_sam -- -j8 -l8
[6.289s] DEBUG:colcon.colcon_core.event_handler.log_command:Invoked command in '/home/robot/jackal_nav2_ws/build/lio_sam' returned '0': CMAKE_PREFIX_PATH=${CMAKE_PREFIX_PATH}:/opt/ros/jazzy DEBUGINFOD_URLS=https://debuginfod.ubuntu.com NX_CONNECTION=10.147.78.120 34510 10.159.67.249 4000 /usr/bin/cmake --build /home/robot/jackal_nav2_ws/build/lio_sam -- -j8 -l8
[6.291s] DEBUG:colcon.colcon_core.event_handler.log_command:Invoking command in '/home/robot/jackal_nav2_ws/build/lio_sam': CMAKE_PREFIX_PATH=${CMAKE_PREFIX_PATH}:/opt/ros/jazzy DEBUGINFOD_URLS=https://debuginfod.ubuntu.com NX_CONNECTION=10.147.78.120 34510 10.159.67.249 4000 /usr/bin/cmake --install /home/robot/jackal_nav2_ws/build/lio_sam
[6.384s] Level 1:colcon.colcon_core.environment:create_environment_scripts_only(lio_sam)
[6.385s] Level 1:colcon.colcon_core.environment:checking '/home/robot/jackal_nav2_ws/install/lio_sam' for CMake module files
[6.386s] DEBUG:colcon.colcon_core.event_handler.log_command:Invoked command in '/home/robot/jackal_nav2_ws/build/lio_sam' returned '0': CMAKE_PREFIX_PATH=${CMAKE_PREFIX_PATH}:/opt/ros/jazzy DEBUGINFOD_URLS=https://debuginfod.ubuntu.com NX_CONNECTION=10.147.78.120 34510 10.159.67.249 4000 /usr/bin/cmake --install /home/robot/jackal_nav2_ws/build/lio_sam
[6.386s] Level 1:colcon.colcon_core.environment:checking '/home/robot/jackal_nav2_ws/install/lio_sam' for CMake config files
[6.387s] Level 1:colcon.colcon_core.shell:create_environment_hook('lio_sam', 'cmake_prefix_path')
[6.387s] INFO:colcon.colcon_core.shell:Creating environment hook '/home/robot/jackal_nav2_ws/install/lio_sam/share/lio_sam/hook/cmake_prefix_path.ps1'
[6.388s] INFO:colcon.colcon_core.shell:Creating environment descriptor '/home/robot/jackal_nav2_ws/install/lio_sam/share/lio_sam/hook/cmake_prefix_path.dsv'
[6.388s] INFO:colcon.colcon_core.shell:Creating environment hook '/home/robot/jackal_nav2_ws/install/lio_sam/share/lio_sam/hook/cmake_prefix_path.sh'
[6.388s] Level 1:colcon.colcon_core.environment:checking '/home/robot/jackal_nav2_ws/install/lio_sam/lib'
[6.389s] Level 1:colcon.colcon_core.shell:create_environment_hook('lio_sam', 'ld_library_path_lib')
[6.389s] INFO:colcon.colcon_core.shell:Creating environment hook '/home/robot/jackal_nav2_ws/install/lio_sam/share/lio_sam/hook/ld_library_path_lib.ps1'
[6.389s] INFO:colcon.colcon_core.shell:Creating environment descriptor '/home/robot/jackal_nav2_ws/install/lio_sam/share/lio_sam/hook/ld_library_path_lib.dsv'
[6.390s] INFO:colcon.colcon_core.shell:Creating environment hook '/home/robot/jackal_nav2_ws/install/lio_sam/share/lio_sam/hook/ld_library_path_lib.sh'
[6.390s] Level 1:colcon.colcon_core.environment:checking '/home/robot/jackal_nav2_ws/install/lio_sam/bin'
[6.390s] Level 1:colcon.colcon_core.environment:checking '/home/robot/jackal_nav2_ws/install/lio_sam/lib/pkgconfig/lio_sam.pc'
[6.390s] Level 1:colcon.colcon_core.environment:checking '/home/robot/jackal_nav2_ws/install/lio_sam/lib/python3.12/site-packages'
[6.391s] Level 1:colcon.colcon_core.shell:create_environment_hook('lio_sam', 'pythonpath')
[6.391s] INFO:colcon.colcon_core.shell:Creating environment hook '/home/robot/jackal_nav2_ws/install/lio_sam/share/lio_sam/hook/pythonpath.ps1'
[6.391s] INFO:colcon.colcon_core.shell:Creating environment descriptor '/home/robot/jackal_nav2_ws/install/lio_sam/share/lio_sam/hook/pythonpath.dsv'
[6.391s] INFO:colcon.colcon_core.shell:Creating environment hook '/home/robot/jackal_nav2_ws/install/lio_sam/share/lio_sam/hook/pythonpath.sh'
[6.392s] Level 1:colcon.colcon_core.environment:checking '/home/robot/jackal_nav2_ws/install/lio_sam/bin'
[6.392s] INFO:colcon.colcon_core.shell:Creating package script '/home/robot/jackal_nav2_ws/install/lio_sam/share/lio_sam/package.ps1'
[6.393s] INFO:colcon.colcon_core.shell:Creating package descriptor '/home/robot/jackal_nav2_ws/install/lio_sam/share/lio_sam/package.dsv'
[6.394s] INFO:colcon.colcon_core.shell:Creating package script '/home/robot/jackal_nav2_ws/install/lio_sam/share/lio_sam/package.sh'
[6.394s] INFO:colcon.colcon_core.shell:Creating package script '/home/robot/jackal_nav2_ws/install/lio_sam/share/lio_sam/package.bash'
[6.395s] INFO:colcon.colcon_core.shell:Creating package script '/home/robot/jackal_nav2_ws/install/lio_sam/share/lio_sam/package.zsh'
[6.395s] Level 1:colcon.colcon_core.environment:create_file_with_runtime_dependencies(/home/robot/jackal_nav2_ws/install/lio_sam/share/colcon-core/packages/lio_sam)
[6.395s] Level 1:colcon.colcon_core.environment:create_environment_scripts_only(lio_sam)
[6.396s] Level 1:colcon.colcon_core.environment:checking '/home/robot/jackal_nav2_ws/install/lio_sam' for CMake module files
[6.396s] Level 1:colcon.colcon_core.environment:checking '/home/robot/jackal_nav2_ws/install/lio_sam' for CMake config files
[6.397s] Level 1:colcon.colcon_core.shell:create_environment_hook('lio_sam', 'cmake_prefix_path')
[6.397s] INFO:colcon.colcon_core.shell:Creating environment hook '/home/robot/jackal_nav2_ws/install/lio_sam/share/lio_sam/hook/cmake_prefix_path.ps1'
[6.397s] INFO:colcon.colcon_core.shell:Creating environment descriptor '/home/robot/jackal_nav2_ws/install/lio_sam/share/lio_sam/hook/cmake_prefix_path.dsv'
[6.398s] INFO:colcon.colcon_core.shell:Creating environment hook '/home/robot/jackal_nav2_ws/install/lio_sam/share/lio_sam/hook/cmake_prefix_path.sh'
[6.398s] Level 1:colcon.colcon_core.environment:checking '/home/robot/jackal_nav2_ws/install/lio_sam/lib'
[6.398s] Level 1:colcon.colcon_core.shell:create_environment_hook('lio_sam', 'ld_library_path_lib')
[6.398s] INFO:colcon.colcon_core.shell:Creating environment hook '/home/robot/jackal_nav2_ws/install/lio_sam/share/lio_sam/hook/ld_library_path_lib.ps1'
[6.399s] INFO:colcon.colcon_core.shell:Creating environment descriptor '/home/robot/jackal_nav2_ws/install/lio_sam/share/lio_sam/hook/ld_library_path_lib.dsv'
[6.399s] INFO:colcon.colcon_core.shell:Creating environment hook '/home/robot/jackal_nav2_ws/install/lio_sam/share/lio_sam/hook/ld_library_path_lib.sh'
[6.400s] Level 1:colcon.colcon_core.environment:checking '/home/robot/jackal_nav2_ws/install/lio_sam/bin'
[6.400s] Level 1:colcon.colcon_core.environment:checking '/home/robot/jackal_nav2_ws/install/lio_sam/lib/pkgconfig/lio_sam.pc'
[6.400s] Level 1:colcon.colcon_core.environment:checking '/home/robot/jackal_nav2_ws/install/lio_sam/lib/python3.12/site-packages'
[6.400s] Level 1:colcon.colcon_core.shell:create_environment_hook('lio_sam', 'pythonpath')
[6.400s] INFO:colcon.colcon_core.shell:Creating environment hook '/home/robot/jackal_nav2_ws/install/lio_sam/share/lio_sam/hook/pythonpath.ps1'
[6.401s] INFO:colcon.colcon_core.shell:Creating environment descriptor '/home/robot/jackal_nav2_ws/install/lio_sam/share/lio_sam/hook/pythonpath.dsv'
[6.401s] INFO:colcon.colcon_core.shell:Creating environment hook '/home/robot/jackal_nav2_ws/install/lio_sam/share/lio_sam/hook/pythonpath.sh'
[6.402s] Level 1:colcon.colcon_core.environment:checking '/home/robot/jackal_nav2_ws/install/lio_sam/bin'
[6.402s] INFO:colcon.colcon_core.shell:Creating package script '/home/robot/jackal_nav2_ws/install/lio_sam/share/lio_sam/package.ps1'
[6.402s] INFO:colcon.colcon_core.shell:Creating package descriptor '/home/robot/jackal_nav2_ws/install/lio_sam/share/lio_sam/package.dsv'
[6.403s] INFO:colcon.colcon_core.shell:Creating package script '/home/robot/jackal_nav2_ws/install/lio_sam/share/lio_sam/package.sh'
[6.404s] INFO:colcon.colcon_core.shell:Creating package script '/home/robot/jackal_nav2_ws/install/lio_sam/share/lio_sam/package.bash'
[6.404s] INFO:colcon.colcon_core.shell:Creating package script '/home/robot/jackal_nav2_ws/install/lio_sam/share/lio_sam/package.zsh'
[6.405s] Level 1:colcon.colcon_core.environment:create_file_with_runtime_dependencies(/home/robot/jackal_nav2_ws/install/lio_sam/share/colcon-core/packages/lio_sam)
[6.405s] DEBUG:colcon.colcon_parallel_executor.executor.parallel:closing loop
[6.405s] DEBUG:colcon.colcon_parallel_executor.executor.parallel:loop closed
[6.405s] DEBUG:colcon.colcon_parallel_executor.executor.parallel:run_until_complete finished with '0'
[6.405s] DEBUG:colcon.colcon_core.event_reactor:joining thread
[6.412s] INFO:colcon.colcon_core.plugin_system:Skipping extension 'colcon_notification.desktop_notification.terminal_notifier': Not used on non-Darwin systems
[6.412s] INFO:colcon.colcon_core.plugin_system:Skipping extension 'colcon_notification.desktop_notification.win32': Not used on non-Windows systems
[6.412s] INFO:colcon.colcon_notification.desktop_notification:Sending desktop notification using 'notify2'
[6.431s] DEBUG:colcon.colcon_core.event_reactor:joined thread
[6.432s] INFO:colcon.colcon_core.shell:Creating prefix script '/home/robot/jackal_nav2_ws/install/local_setup.ps1'
[6.432s] INFO:colcon.colcon_core.shell:Creating prefix util module '/home/robot/jackal_nav2_ws/install/_local_setup_util_ps1.py'
[6.434s] INFO:colcon.colcon_core.shell:Creating prefix chain script '/home/robot/jackal_nav2_ws/install/setup.ps1'
[6.435s] INFO:colcon.colcon_core.shell:Creating prefix script '/home/robot/jackal_nav2_ws/install/local_setup.sh'
[6.435s] INFO:colcon.colcon_core.shell:Creating prefix util module '/home/robot/jackal_nav2_ws/install/_local_setup_util_sh.py'
[6.436s] INFO:colcon.colcon_core.shell:Creating prefix chain script '/home/robot/jackal_nav2_ws/install/setup.sh'
[6.437s] INFO:colcon.colcon_core.shell:Creating prefix script '/home/robot/jackal_nav2_ws/install/local_setup.bash'
[6.438s] INFO:colcon.colcon_core.shell:Creating prefix chain script '/home/robot/jackal_nav2_ws/install/setup.bash'
[6.440s] INFO:colcon.colcon_core.shell:Creating prefix script '/home/robot/jackal_nav2_ws/install/local_setup.zsh'
[6.440s] INFO:colcon.colcon_core.shell:Creating prefix chain script '/home/robot/jackal_nav2_ws/install/setup.zsh'
