[0.009s] Invoking command in '/home/robot/jackal_nav2_ws/src/build/lio_sam': CMAKE_PREFIX_PATH=${CMAKE_PREFIX_PATH}:/opt/ros/jazzy DEBUGINFOD_URLS=https://debuginfod.ubuntu.com /usr/bin/cmake /home/robot/jackal_nav2_ws/src/LIO-SAM -DCMAKE_INSTALL_PREFIX=/home/robot/jackal_nav2_ws/src/install/lio_sam
[0.234s] -- The C compiler identification is GNU 13.3.0
[0.477s] -- The CXX compiler identification is GNU 13.3.0
[0.499s] -- Detecting C compiler ABI info
[0.597s] -- Detecting C compiler ABI info - done
[0.609s] -- Check for working C compiler: /usr/bin/cc - skipped
[0.609s] -- Detecting C compile features
[0.610s] -- Detecting C compile features - done
[0.623s] -- Detecting CXX compiler ABI info
[0.724s] -- Detecting CXX compiler ABI info - done
[0.735s] -- Check for working CXX compiler: /usr/bin/c++ - skipped
[0.735s] -- Detecting CXX compile features
[0.736s] -- Detecting CXX compile features - done
[0.747s] -- Found ament_cmake: 2.5.4 (/opt/ros/jazzy/share/ament_cmake/cmake)
[0.911s] -- Found Python3: /usr/bin/python3 (found version "3.12.3") found components: Interpreter 
[1.069s] -- Found rosidl_default_generators: 1.6.0 (/opt/ros/jazzy/share/rosidl_default_generators/cmake)
[1.082s] -- Using all available rosidl_typesupport_c: rosidl_typesupport_fastrtps_c;rosidl_typesupport_introspection_c
[1.178s] -- Using all available rosidl_typesupport_cpp: rosidl_typesupport_fastrtps_cpp;rosidl_typesupport_introspection_cpp
[1.261s] -- Found rosidl_adapter: 4.6.6 (/opt/ros/jazzy/share/rosidl_adapter/cmake)
[1.269s] -- Found rclcpp: 28.1.12 (/opt/ros/jazzy/share/rclcpp/cmake)
[1.415s] -- Found rmw_implementation_cmake: 7.3.2 (/opt/ros/jazzy/share/rmw_implementation_cmake/cmake)
[1.422s] -- Found rmw_cyclonedds_cpp: 2.2.3 (/opt/ros/jazzy/share/rmw_cyclonedds_cpp/cmake)
[1.481s] -- Using RMW implementation 'rmw_cyclonedds_cpp' as default
[1.599s] -- Found rclpy: 7.1.5 (/opt/ros/jazzy/share/rclpy/cmake)
[1.603s] -- Found cv_bridge: 4.1.0 (/opt/ros/jazzy/share/cv_bridge/cmake)
[1.726s] -- Found nav_msgs: 5.3.6 (/opt/ros/jazzy/share/nav_msgs/cmake)
[1.769s] -- Found visualization_msgs: 5.3.6 (/opt/ros/jazzy/share/visualization_msgs/cmake)
[1.814s] -- Found pcl_conversions: 2.6.2 (/opt/ros/jazzy/share/pcl_conversions/cmake)
[1.939s] [33mCMake Warning (dev) at /usr/lib/x86_64-linux-gnu/cmake/pcl/Modules/FindFLANN.cmake:45 (find_package):
[1.939s]   Policy CMP0144 is not set: find_package uses upper-case <PACKAGENAME>_ROOT
[1.939s]   variables.  Run "cmake --help-policy CMP0144" for policy details.  Use the
[1.939s]   cmake_policy command to set the policy and suppress this warning.
[1.939s] 
[1.939s]   CMake variable FLANN_ROOT is set to:
[1.940s] 
[1.940s]     /usr
[1.940s] 
[1.940s]   For compatibility, find_package is ignoring the variable, but code in a
[1.940s]   .cmake module might still use it.
[1.940s] Call Stack (most recent call first):
[1.940s]   /usr/lib/x86_64-linux-gnu/cmake/pcl/PCLConfig.cmake:261 (find_package)
[1.940s]   /usr/lib/x86_64-linux-gnu/cmake/pcl/PCLConfig.cmake:306 (find_flann)
[1.940s]   /usr/lib/x86_64-linux-gnu/cmake/pcl/PCLConfig.cmake:570 (find_external_library)
[1.940s]   /opt/ros/jazzy/share/pcl_conversions/cmake/ament_cmake_export_dependencies-extras.cmake:21 (find_package)
[1.940s]   /opt/ros/jazzy/share/pcl_conversions/cmake/pcl_conversionsConfig.cmake:41 (include)
[1.940s]   CMakeLists.txt:20 (find_package)
[1.940s] This warning is for project developers.  Use -Wno-dev to suppress it.
[1.940s] [0m
[1.941s] -- Found flann version 1.9.2
[2.251s] -- Found OpenMP_CXX: -fopenmp (found version "4.5") 
[2.251s] -- Found OpenMP: TRUE (found version "4.5") found components: CXX 
[3.869s] -- Checking for module 'libusb-1.0'
[3.883s] --   Found libusb-1.0, version 1.0.27
[3.914s] -- Found libusb: /usr/lib/x86_64-linux-gnu/libusb-1.0.so  
[3.915s] -- OpenNI found (version: 1.5.4.0, include: /usr/include/ni, lib: /usr/lib/libOpenNI.so;libusb::libusb)
[3.967s] -- OpenNI2 found (version: 2.2.0.33, include: /usr/include/openni2, lib: /usr/lib/x86_64-linux-gnu/libOpenNI2.so;libusb::libusb)
[3.970s] -- Found Pcap: /usr/lib/x86_64-linux-gnu/libpcap.so  
[3.988s] -- Found ZLIB: /usr/lib/x86_64-linux-gnu/libz.so (found version "1.3")  
[4.012s] -- Found PNG: /usr/lib/x86_64-linux-gnu/libpng.so (found version "1.6.43") 
[4.497s] -- OpenNI found (version: 1.5.4.0, include: /usr/include/ni, lib: /usr/lib/libOpenNI.so;libusb::libusb)
[4.503s] -- OpenNI2 found (version: 2.2.0.33, include: /usr/include/openni2, lib: /usr/lib/x86_64-linux-gnu/libOpenNI2.so;libusb::libusb)
[4.972s] -- Found Qhull version 8.0.2
[5.447s] -- OpenNI found (version: 1.5.4.0, include: /usr/include/ni, lib: /usr/lib/libOpenNI.so;libusb::libusb)
[5.912s] -- Found PCL_COMMON: /usr/lib/x86_64-linux-gnu/libpcl_common.so  
[5.913s] -- Found PCL_KDTREE: /usr/lib/x86_64-linux-gnu/libpcl_kdtree.so  
[5.915s] -- Found PCL_OCTREE: /usr/lib/x86_64-linux-gnu/libpcl_octree.so  
[5.916s] -- Found PCL_SEARCH: /usr/lib/x86_64-linux-gnu/libpcl_search.so  
[5.917s] -- Found PCL_SAMPLE_CONSENSUS: /usr/lib/x86_64-linux-gnu/libpcl_sample_consensus.so  
[5.919s] -- Found PCL_FILTERS: /usr/lib/x86_64-linux-gnu/libpcl_filters.so  
[5.919s] -- Found PCL_2D: /usr/include/pcl-1.14  
[5.920s] -- Found PCL_GEOMETRY: /usr/include/pcl-1.14  
[5.921s] -- Found PCL_IO: /usr/lib/x86_64-linux-gnu/libpcl_io.so  
[5.923s] -- Found PCL_FEATURES: /usr/lib/x86_64-linux-gnu/libpcl_features.so  
[5.924s] -- Found PCL_ML: /usr/lib/x86_64-linux-gnu/libpcl_ml.so  
[5.926s] -- Found PCL_SEGMENTATION: /usr/lib/x86_64-linux-gnu/libpcl_segmentation.so  
[5.927s] -- Found PCL_VISUALIZATION: /usr/lib/x86_64-linux-gnu/libpcl_visualization.so  
[5.929s] -- Found PCL_SURFACE: /usr/lib/x86_64-linux-gnu/libpcl_surface.so  
[5.930s] -- Found PCL_REGISTRATION: /usr/lib/x86_64-linux-gnu/libpcl_registration.so  
[5.932s] -- Found PCL_KEYPOINTS: /usr/lib/x86_64-linux-gnu/libpcl_keypoints.so  
[5.933s] -- Found PCL_TRACKING: /usr/lib/x86_64-linux-gnu/libpcl_tracking.so  
[5.935s] -- Found PCL_RECOGNITION: /usr/lib/x86_64-linux-gnu/libpcl_recognition.so  
[5.936s] -- Found PCL_STEREO: /usr/lib/x86_64-linux-gnu/libpcl_stereo.so  
[5.937s] -- Found PCL_APPS: /usr/lib/x86_64-linux-gnu/libpcl_apps.so  
[5.938s] -- Found PCL_IN_HAND_SCANNER: /usr/include/pcl-1.14  
[5.939s] -- Found PCL_MODELER: /usr/include/pcl-1.14  
[5.940s] -- Found PCL_POINT_CLOUD_EDITOR: /usr/include/pcl-1.14  
[5.941s] -- Found PCL_OUTOFCORE: /usr/lib/x86_64-linux-gnu/libpcl_outofcore.so  
[5.942s] -- Found PCL_PEOPLE: /usr/lib/x86_64-linux-gnu/libpcl_people.so  
[5.951s] -- Found tf2: 0.36.14 (/opt/ros/jazzy/share/tf2/cmake)
[5.961s] -- Found tf2_geometry_msgs: 0.36.14 (/opt/ros/jazzy/share/tf2_geometry_msgs/cmake)
[5.981s] -- Found eigen3_cmake_module: 0.3.0 (/opt/ros/jazzy/share/eigen3_cmake_module/cmake)
[5.983s] -- Found Eigen3: TRUE (found version "3.4.0") 
[5.983s] -- Ensuring Eigen3 include directory is part of orocos-kdl CMake target
[6.203s] -- Found tf2_sensor_msgs: 0.36.14 (/opt/ros/jazzy/share/tf2_sensor_msgs/cmake)
[6.213s] -- Found tf2_eigen: 0.36.14 (/opt/ros/jazzy/share/tf2_eigen/cmake)
[6.223s] -- Found OpenCV: /usr (found version "4.6.0") 
[6.223s] [33mCMake Warning (dev) at CMakeLists.txt:29 (find_package):
[6.223s]   Policy CMP0074 is not set: find_package uses <PackageName>_ROOT variables.
[6.223s]   Run "cmake --help-policy CMP0074" for policy details.  Use the cmake_policy
[6.223s]   command to set the policy and suppress this warning.
[6.223s] 
[6.224s]   CMake variable PCL_ROOT is set to:
[6.224s] 
[6.224s]     /usr
[6.224s] 
[6.224s]   For compatibility, CMake is ignoring the variable.
[6.224s] This warning is for project developers.  Use -Wno-dev to suppress it.
[6.224s] [0m
[6.279s] -- Found Boost: /usr/lib/x86_64-linux-gnu/cmake/Boost-1.83.0/BoostConfig.cmake (found suitable version "1.83.0", minimum required is "1.70") found components: serialization filesystem thread program_options date_time timer chrono regex 
[6.283s] -- GTSAM include directory:  /usr/local/lib/cmake/GTSAM/../../../include
[6.372s] -- Found OpenMP_C: -fopenmp (found version "4.5") 
[6.373s] -- Found OpenMP: TRUE (found version "4.5")  
[7.068s] -- Found ament_cmake_ros: 0.12.0 (/opt/ros/jazzy/share/ament_cmake_ros/cmake)
[7.657s] -- Using all available rosidl_typesupport_c: rosidl_typesupport_fastrtps_c;rosidl_typesupport_introspection_c
[8.420s] -- Using all available rosidl_typesupport_cpp: rosidl_typesupport_fastrtps_cpp;rosidl_typesupport_introspection_cpp
[8.426s] -- Found python_cmake_module: 0.11.1 (/opt/ros/jazzy/share/python_cmake_module/cmake)
[8.569s] -- Found PythonExtra: /usr/bin/python3  
[9.015s] -- Found Python3: /usr/bin/python3 (found version "3.12.3") found components: Interpreter Development NumPy Development.Module Development.Embed 
[9.277s] -- Found ament_lint_auto: 0.17.3 (/opt/ros/jazzy/share/ament_lint_auto/cmake)
[9.336s] -- Added test 'copyright' to check source files copyright and LICENSE
[9.341s] -- Added test 'cppcheck' to perform static code analysis on C / C++ code
[9.343s] -- Configured cppcheck include dirs: /home/robot/jackal_nav2_ws/src/LIO-SAM/include/lio_sam
[9.344s] -- Configured cppcheck exclude dirs and/or files: 
[9.348s] -- Added test 'cpplint' to check C / C++ code against the Google style
[9.348s] -- Configured cpplint exclude dirs and/or files: 
[9.350s] -- Added test 'flake8' to check Python code syntax and style conventions
[9.350s] -- Configured 'flake8' exclude dirs and/or files: 
[9.352s] -- Added test 'lint_cmake' to check CMake code style
[9.354s] -- Added test 'pep257' to check Python code against some of the docstring style conventions in PEP 257
[9.359s] -- Added test 'uncrustify' to check C / C++ code style
[9.359s] -- Configured uncrustify additional arguments: 
[9.360s] -- Added test 'xmllint' to check XML markup files
[9.364s] -- Configuring done (9.3s)
[9.592s] -- Generating done (0.2s)
[9.625s] -- Build files have been written to: /home/robot/jackal_nav2_ws/src/build/lio_sam
[9.650s] Invoked command in '/home/robot/jackal_nav2_ws/src/build/lio_sam' returned '0': CMAKE_PREFIX_PATH=${CMAKE_PREFIX_PATH}:/opt/ros/jazzy DEBUGINFOD_URLS=https://debuginfod.ubuntu.com /usr/bin/cmake /home/robot/jackal_nav2_ws/src/LIO-SAM -DCMAKE_INSTALL_PREFIX=/home/robot/jackal_nav2_ws/src/install/lio_sam
[9.652s] Invoking command in '/home/robot/jackal_nav2_ws/src/build/lio_sam': CMAKE_PREFIX_PATH=${CMAKE_PREFIX_PATH}:/opt/ros/jazzy DEBUGINFOD_URLS=https://debuginfod.ubuntu.com /usr/bin/cmake --build /home/robot/jackal_nav2_ws/src/build/lio_sam -- -j8 -l8
[9.708s] [  1%] [34m[1mGenerating type hashes for ROS interfaces[0m
[9.716s] [  1%] Built target ament_cmake_python_copy_lio_sam
[9.978s] running egg_info
[9.978s] creating lio_sam.egg-info
[10.005s] writing lio_sam.egg-info/PKG-INFO
[10.005s] writing dependency_links to lio_sam.egg-info/dependency_links.txt
[10.005s] writing top-level names to lio_sam.egg-info/top_level.txt
[10.005s] writing manifest file 'lio_sam.egg-info/SOURCES.txt'
[10.027s] [  1%] Built target lio_sam__rosidl_generator_type_description
[10.038s] [  3%] [34m[1mGenerating C code for ROS interfaces[0m
[10.049s] [  5%] [34m[1mGenerating C++ code for ROS interfaces[0m
[10.087s] reading manifest file 'lio_sam.egg-info/SOURCES.txt'
[10.087s] writing manifest file 'lio_sam.egg-info/SOURCES.txt'
[10.121s] [  5%] Built target ament_cmake_python_build_lio_sam_egg
[10.515s] [  5%] Built target lio_sam__cpp
[10.547s] [ 13%] [32mBuilding C object CMakeFiles/lio_sam__rosidl_generator_c.dir/rosidl_generator_c/lio_sam/msg/detail/cloud_info__functions.c.o[0m
[10.547s] [ 13%] [32mBuilding C object CMakeFiles/lio_sam__rosidl_generator_c.dir/rosidl_generator_c/lio_sam/msg/detail/cloud_info__description.c.o[0m
[10.548s] [ 13%] [32mBuilding C object CMakeFiles/lio_sam__rosidl_generator_c.dir/rosidl_generator_c/lio_sam/msg/detail/cloud_info__type_support.c.o[0m
[10.548s] [ 13%] [32mBuilding C object CMakeFiles/lio_sam__rosidl_generator_c.dir/rosidl_generator_c/lio_sam/srv/detail/save_map__description.c.o[0m
[10.548s] [ 15%] [32mBuilding C object CMakeFiles/lio_sam__rosidl_generator_c.dir/rosidl_generator_c/lio_sam/srv/detail/save_map__functions.c.o[0m
[10.548s] [ 17%] [32mBuilding C object CMakeFiles/lio_sam__rosidl_generator_c.dir/rosidl_generator_c/lio_sam/srv/detail/save_map__type_support.c.o[0m
[10.767s] [ 19%] [32m[1mLinking C shared library liblio_sam__rosidl_generator_c.so[0m
[10.805s] [ 19%] Built target lio_sam__rosidl_generator_c
[10.816s] [ 26%] [34m[1mGenerating C introspection for ROS interfaces[0m
[10.816s] [ 26%] [34m[1mGenerating C++ type support for eProsima Fast-RTPS[0m
[10.816s] [ 26%] [34m[1mGenerating C++ type support dispatch for ROS interfaces[0m
[10.816s] [ 26%] [34m[1mGenerating C type support for eProsima Fast-RTPS[0m
[10.816s] [ 28%] [34m[1mGenerating C++ introspection for ROS interfaces[0m
[10.817s] [ 30%] [34m[1mGenerating C type support dispatch for ROS interfaces[0m
[11.239s] [ 32%] [32mBuilding CXX object CMakeFiles/lio_sam__rosidl_typesupport_c.dir/rosidl_typesupport_c/lio_sam/msg/cloud_info__type_support.cpp.o[0m
[11.239s] [ 34%] [32mBuilding CXX object CMakeFiles/lio_sam__rosidl_typesupport_c.dir/rosidl_typesupport_c/lio_sam/srv/save_map__type_support.cpp.o[0m
[11.240s] [ 36%] [32mBuilding CXX object CMakeFiles/lio_sam__rosidl_typesupport_cpp.dir/rosidl_typesupport_cpp/lio_sam/srv/save_map__type_support.cpp.o[0m
[11.241s] [ 38%] [32mBuilding CXX object CMakeFiles/lio_sam__rosidl_typesupport_cpp.dir/rosidl_typesupport_cpp/lio_sam/msg/cloud_info__type_support.cpp.o[0m
[11.289s] [ 40%] [32mBuilding CXX object CMakeFiles/lio_sam__rosidl_typesupport_introspection_cpp.dir/rosidl_typesupport_introspection_cpp/lio_sam/msg/detail/cloud_info__type_support.cpp.o[0m
[11.311s] [ 42%] [32mBuilding C object CMakeFiles/lio_sam__rosidl_typesupport_introspection_c.dir/rosidl_typesupport_introspection_c/lio_sam/msg/detail/cloud_info__type_support.c.o[0m
[11.316s] [ 44%] [32mBuilding CXX object CMakeFiles/lio_sam__rosidl_typesupport_introspection_cpp.dir/rosidl_typesupport_introspection_cpp/lio_sam/srv/detail/save_map__type_support.cpp.o[0m
[11.319s] [ 46%] [32m[1mLinking CXX shared library liblio_sam__rosidl_typesupport_c.so[0m
[11.379s] [ 46%] Built target lio_sam__rosidl_typesupport_c
[11.391s] [ 48%] [32mBuilding C object CMakeFiles/lio_sam__rosidl_typesupport_introspection_c.dir/rosidl_typesupport_introspection_c/lio_sam/srv/detail/save_map__type_support.c.o[0m
[11.404s] [ 50%] [32mBuilding CXX object CMakeFiles/lio_sam__rosidl_typesupport_fastrtps_cpp.dir/rosidl_typesupport_fastrtps_cpp/lio_sam/msg/detail/dds_fastrtps/cloud_info__type_support.cpp.o[0m
[11.410s] [ 51%] [32mBuilding CXX object CMakeFiles/lio_sam__rosidl_typesupport_fastrtps_c.dir/rosidl_typesupport_fastrtps_c/lio_sam/msg/detail/cloud_info__type_support_c.cpp.o[0m
[11.414s] [ 53%] [32mBuilding CXX object CMakeFiles/lio_sam__rosidl_typesupport_fastrtps_c.dir/rosidl_typesupport_fastrtps_c/lio_sam/srv/detail/save_map__type_support_c.cpp.o[0m
[11.479s] [ 55%] [32m[1mLinking C shared library liblio_sam__rosidl_typesupport_introspection_c.so[0m
[11.522s] [ 55%] Built target lio_sam__rosidl_typesupport_introspection_c
[11.538s] [ 57%] [32mBuilding CXX object CMakeFiles/lio_sam__rosidl_typesupport_fastrtps_cpp.dir/rosidl_typesupport_fastrtps_cpp/lio_sam/srv/detail/dds_fastrtps/save_map__type_support.cpp.o[0m
[11.887s] [ 59%] [32m[1mLinking CXX shared library liblio_sam__rosidl_typesupport_cpp.so[0m
[12.001s] [ 59%] Built target lio_sam__rosidl_typesupport_cpp
[12.031s] [ 61%] [32mBuilding CXX object CMakeFiles/lio_sam_featureExtraction.dir/src/featureExtraction.cpp.o[0m
[12.038s] [ 63%] [32mBuilding CXX object CMakeFiles/lio_sam_imageProjection.dir/src/imageProjection.cpp.o[0m
[12.062s] [ 65%] [32mBuilding CXX object CMakeFiles/lio_sam_imuPreintegration.dir/src/imuPreintegration.cpp.o[0m
[12.068s] [ 67%] [32m[1mLinking CXX shared library liblio_sam__rosidl_typesupport_introspection_cpp.so[0m
[12.178s] [ 67%] Built target lio_sam__rosidl_typesupport_introspection_cpp
[12.214s] [ 69%] [32mBuilding CXX object CMakeFiles/lio_sam_mapOptimization.dir/src/mapOptmization.cpp.o[0m
[12.370s] [ 71%] [32m[1mLinking CXX shared library liblio_sam__rosidl_typesupport_fastrtps_c.so[0m
[12.475s] [ 71%] Built target lio_sam__rosidl_typesupport_fastrtps_c
[12.627s] [ 73%] [32m[1mLinking CXX shared library liblio_sam__rosidl_typesupport_fastrtps_cpp.so[0m
[12.722s] [ 73%] Built target lio_sam__rosidl_typesupport_fastrtps_cpp
[12.747s] [ 73%] Built target lio_sam
[12.773s] [ 75%] [34m[1mGenerating Python code for ROS interfaces[0m
[13.528s] [ 75%] Built target lio_sam__py
[13.551s] [ 78%] [32mBuilding C object CMakeFiles/lio_sam__rosidl_generator_py.dir/rosidl_generator_py/lio_sam/msg/_cloud_info_s.c.o[0m
[13.552s] [ 78%] [32mBuilding C object CMakeFiles/lio_sam__rosidl_generator_py.dir/rosidl_generator_py/lio_sam/srv/_save_map_s.c.o[0m
[13.976s] [ 80%] [32m[1mLinking C shared library liblio_sam__rosidl_generator_py.so[0m
[14.030s] [ 80%] Built target lio_sam__rosidl_generator_py
[14.054s] [ 84%] [32mBuilding C object CMakeFiles/lio_sam_s__rosidl_typesupport_introspection_c.dir/rosidl_generator_py/lio_sam/_lio_sam_s.ep.rosidl_typesupport_introspection_c.c.o[0m
[14.054s] [ 84%] [32mBuilding C object CMakeFiles/lio_sam_s__rosidl_typesupport_fastrtps_c.dir/rosidl_generator_py/lio_sam/_lio_sam_s.ep.rosidl_typesupport_fastrtps_c.c.o[0m
[14.054s] [ 86%] [32mBuilding C object CMakeFiles/lio_sam_s__rosidl_typesupport_c.dir/rosidl_generator_py/lio_sam/_lio_sam_s.ep.rosidl_typesupport_c.c.o[0m
[14.266s] [ 88%] [32m[1mLinking C shared module rosidl_generator_py/lio_sam/lio_sam_s__rosidl_typesupport_introspection_c.so[0m
[14.273s] [ 90%] [32m[1mLinking C shared module rosidl_generator_py/lio_sam/lio_sam_s__rosidl_typesupport_c.so[0m
[14.284s] [ 92%] [32m[1mLinking C shared module rosidl_generator_py/lio_sam/lio_sam_s__rosidl_typesupport_fastrtps_c.so[0m
[14.311s] [ 92%] Built target lio_sam_s__rosidl_typesupport_introspection_c
[14.312s] [ 92%] Built target lio_sam_s__rosidl_typesupport_c
[14.325s] [ 92%] Built target lio_sam_s__rosidl_typesupport_fastrtps_c
[15.942s] In file included from [01m[K/home/robot/jackal_nav2_ws/src/LIO-SAM/src/imuPreintegration.cpp:17[m[K:
[15.942s] [01m[K/usr/local/include/gtsam_unstable/nonlinear/IncrementalFixedLagSmoother.h:17:2:[m[K [01;35m[Kwarning: [m[K#warning "IncrementalFixedLagSmoother was moved to the gtsam/nonlinear directory" [[01;35m[K]8;;https://gcc.gnu.org/onlinedocs/gcc/Warning-Options.html#index-Wcpp-Wcpp]8;;[m[K]
[15.942s]    17 | #[01;35m[Kwarning[m[K "IncrementalFixedLagSmoother was moved to the gtsam/nonlinear directory"
[15.942s]       |  [01;35m[K^~~~~~~[m[K
[40.900s] [ 94%] [32m[1mLinking CXX executable lio_sam_featureExtraction[0m
[41.919s] [ 94%] Built target lio_sam_featureExtraction
[48.828s] [ 96%] [32m[1mLinking CXX executable lio_sam_imageProjection[0m
[49.533s] [ 96%] Built target lio_sam_imageProjection
[57.832s] [ 98%] [32m[1mLinking CXX executable lio_sam_imuPreintegration[0m
[58.721s] [ 98%] Built target lio_sam_imuPreintegration
[76.977s] [100%] [32m[1mLinking CXX executable lio_sam_mapOptimization[0m
[78.107s] [100%] Built target lio_sam_mapOptimization
[78.119s] Invoked command in '/home/robot/jackal_nav2_ws/src/build/lio_sam' returned '0': CMAKE_PREFIX_PATH=${CMAKE_PREFIX_PATH}:/opt/ros/jazzy DEBUGINFOD_URLS=https://debuginfod.ubuntu.com /usr/bin/cmake --build /home/robot/jackal_nav2_ws/src/build/lio_sam -- -j8 -l8
[78.130s] Invoking command in '/home/robot/jackal_nav2_ws/src/build/lio_sam': CMAKE_PREFIX_PATH=${CMAKE_PREFIX_PATH}:/opt/ros/jazzy DEBUGINFOD_URLS=https://debuginfod.ubuntu.com /usr/bin/cmake --install /home/robot/jackal_nav2_ws/src/build/lio_sam
[78.139s] -- Install configuration: "Release"
[78.139s] -- Installing: /home/robot/jackal_nav2_ws/src/install/lio_sam/share/ament_index/resource_index/rosidl_interfaces/lio_sam
[78.139s] -- Installing: /home/robot/jackal_nav2_ws/src/install/lio_sam/share/lio_sam/msg/CloudInfo.json
[78.140s] -- Installing: /home/robot/jackal_nav2_ws/src/install/lio_sam/share/lio_sam/srv/SaveMap.json
[78.140s] -- Installing: /home/robot/jackal_nav2_ws/src/install/lio_sam/include/lio_sam/lio_sam
[78.140s] -- Installing: /home/robot/jackal_nav2_ws/src/install/lio_sam/include/lio_sam/lio_sam/srv
[78.140s] -- Installing: /home/robot/jackal_nav2_ws/src/install/lio_sam/include/lio_sam/lio_sam/srv/detail
[78.140s] -- Installing: /home/robot/jackal_nav2_ws/src/install/lio_sam/include/lio_sam/lio_sam/srv/detail/save_map__description.c
[78.140s] -- Installing: /home/robot/jackal_nav2_ws/src/install/lio_sam/include/lio_sam/lio_sam/srv/detail/save_map__functions.c
[78.140s] -- Installing: /home/robot/jackal_nav2_ws/src/install/lio_sam/include/lio_sam/lio_sam/srv/detail/save_map__type_support.h
[78.140s] -- Installing: /home/robot/jackal_nav2_ws/src/install/lio_sam/include/lio_sam/lio_sam/srv/detail/save_map__functions.h
[78.141s] -- Installing: /home/robot/jackal_nav2_ws/src/install/lio_sam/include/lio_sam/lio_sam/srv/detail/save_map__type_support.c
[78.141s] -- Installing: /home/robot/jackal_nav2_ws/src/install/lio_sam/include/lio_sam/lio_sam/srv/detail/save_map__struct.h
[78.141s] -- Installing: /home/robot/jackal_nav2_ws/src/install/lio_sam/include/lio_sam/lio_sam/srv/save_map.h
[78.141s] -- Installing: /home/robot/jackal_nav2_ws/src/install/lio_sam/include/lio_sam/lio_sam/msg
[78.141s] -- Installing: /home/robot/jackal_nav2_ws/src/install/lio_sam/include/lio_sam/lio_sam/msg/rosidl_generator_c__visibility_control.h
[78.141s] -- Installing: /home/robot/jackal_nav2_ws/src/install/lio_sam/include/lio_sam/lio_sam/msg/cloud_info.h
[78.141s] -- Installing: /home/robot/jackal_nav2_ws/src/install/lio_sam/include/lio_sam/lio_sam/msg/detail
[78.141s] -- Installing: /home/robot/jackal_nav2_ws/src/install/lio_sam/include/lio_sam/lio_sam/msg/detail/cloud_info__struct.h
[78.141s] -- Installing: /home/robot/jackal_nav2_ws/src/install/lio_sam/include/lio_sam/lio_sam/msg/detail/cloud_info__type_support.c
[78.141s] -- Installing: /home/robot/jackal_nav2_ws/src/install/lio_sam/include/lio_sam/lio_sam/msg/detail/cloud_info__functions.c
[78.141s] -- Installing: /home/robot/jackal_nav2_ws/src/install/lio_sam/include/lio_sam/lio_sam/msg/detail/cloud_info__type_support.h
[78.142s] -- Installing: /home/robot/jackal_nav2_ws/src/install/lio_sam/include/lio_sam/lio_sam/msg/detail/cloud_info__description.c
[78.142s] -- Installing: /home/robot/jackal_nav2_ws/src/install/lio_sam/include/lio_sam/lio_sam/msg/detail/cloud_info__functions.h
[78.142s] -- Installing: /home/robot/jackal_nav2_ws/src/install/lio_sam/share/lio_sam/environment/library_path.sh
[78.142s] -- Installing: /home/robot/jackal_nav2_ws/src/install/lio_sam/share/lio_sam/environment/library_path.dsv
[78.142s] -- Installing: /home/robot/jackal_nav2_ws/src/install/lio_sam/lib/liblio_sam__rosidl_generator_c.so
[78.142s] -- Set non-toolchain portion of runtime path of "/home/robot/jackal_nav2_ws/src/install/lio_sam/lib/liblio_sam__rosidl_generator_c.so" to ""
[78.142s] -- Up-to-date: /home/robot/jackal_nav2_ws/src/install/lio_sam/include/lio_sam/lio_sam
[78.142s] -- Up-to-date: /home/robot/jackal_nav2_ws/src/install/lio_sam/include/lio_sam/lio_sam/srv
[78.142s] -- Up-to-date: /home/robot/jackal_nav2_ws/src/install/lio_sam/include/lio_sam/lio_sam/srv/detail
[78.142s] -- Installing: /home/robot/jackal_nav2_ws/src/install/lio_sam/include/lio_sam/lio_sam/srv/detail/save_map__rosidl_typesupport_fastrtps_c.h
[78.143s] -- Up-to-date: /home/robot/jackal_nav2_ws/src/install/lio_sam/include/lio_sam/lio_sam/msg
[78.143s] -- Installing: /home/robot/jackal_nav2_ws/src/install/lio_sam/include/lio_sam/lio_sam/msg/rosidl_typesupport_fastrtps_c__visibility_control.h
[78.143s] -- Up-to-date: /home/robot/jackal_nav2_ws/src/install/lio_sam/include/lio_sam/lio_sam/msg/detail
[78.143s] -- Installing: /home/robot/jackal_nav2_ws/src/install/lio_sam/include/lio_sam/lio_sam/msg/detail/cloud_info__rosidl_typesupport_fastrtps_c.h
[78.143s] -- Installing: /home/robot/jackal_nav2_ws/src/install/lio_sam/lib/liblio_sam__rosidl_typesupport_fastrtps_c.so
[78.143s] -- Set non-toolchain portion of runtime path of "/home/robot/jackal_nav2_ws/src/install/lio_sam/lib/liblio_sam__rosidl_typesupport_fastrtps_c.so" to ""
[78.143s] -- Up-to-date: /home/robot/jackal_nav2_ws/src/install/lio_sam/include/lio_sam/lio_sam
[78.143s] -- Up-to-date: /home/robot/jackal_nav2_ws/src/install/lio_sam/include/lio_sam/lio_sam/srv
[78.143s] -- Up-to-date: /home/robot/jackal_nav2_ws/src/install/lio_sam/include/lio_sam/lio_sam/srv/detail
[78.143s] -- Installing: /home/robot/jackal_nav2_ws/src/install/lio_sam/include/lio_sam/lio_sam/srv/detail/save_map__rosidl_typesupport_introspection_c.h
[78.143s] -- Installing: /home/robot/jackal_nav2_ws/src/install/lio_sam/include/lio_sam/lio_sam/srv/detail/save_map__type_support.c
[78.143s] -- Up-to-date: /home/robot/jackal_nav2_ws/src/install/lio_sam/include/lio_sam/lio_sam/msg
[78.144s] -- Up-to-date: /home/robot/jackal_nav2_ws/src/install/lio_sam/include/lio_sam/lio_sam/msg/detail
[78.144s] -- Installing: /home/robot/jackal_nav2_ws/src/install/lio_sam/include/lio_sam/lio_sam/msg/detail/cloud_info__type_support.c
[78.144s] -- Installing: /home/robot/jackal_nav2_ws/src/install/lio_sam/include/lio_sam/lio_sam/msg/detail/cloud_info__rosidl_typesupport_introspection_c.h
[78.144s] -- Installing: /home/robot/jackal_nav2_ws/src/install/lio_sam/include/lio_sam/lio_sam/msg/rosidl_typesupport_introspection_c__visibility_control.h
[78.144s] -- Installing: /home/robot/jackal_nav2_ws/src/install/lio_sam/lib/liblio_sam__rosidl_typesupport_introspection_c.so
[78.144s] -- Set non-toolchain portion of runtime path of "/home/robot/jackal_nav2_ws/src/install/lio_sam/lib/liblio_sam__rosidl_typesupport_introspection_c.so" to ""
[78.144s] -- Installing: /home/robot/jackal_nav2_ws/src/install/lio_sam/lib/liblio_sam__rosidl_typesupport_c.so
[78.144s] -- Set non-toolchain portion of runtime path of "/home/robot/jackal_nav2_ws/src/install/lio_sam/lib/liblio_sam__rosidl_typesupport_c.so" to ""
[78.144s] -- Up-to-date: /home/robot/jackal_nav2_ws/src/install/lio_sam/include/lio_sam/lio_sam
[78.144s] -- Up-to-date: /home/robot/jackal_nav2_ws/src/install/lio_sam/include/lio_sam/lio_sam/srv
[78.144s] -- Installing: /home/robot/jackal_nav2_ws/src/install/lio_sam/include/lio_sam/lio_sam/srv/save_map.hpp
[78.145s] -- Up-to-date: /home/robot/jackal_nav2_ws/src/install/lio_sam/include/lio_sam/lio_sam/srv/detail
[78.145s] -- Installing: /home/robot/jackal_nav2_ws/src/install/lio_sam/include/lio_sam/lio_sam/srv/detail/save_map__builder.hpp
[78.145s] -- Installing: /home/robot/jackal_nav2_ws/src/install/lio_sam/include/lio_sam/lio_sam/srv/detail/save_map__traits.hpp
[78.145s] -- Installing: /home/robot/jackal_nav2_ws/src/install/lio_sam/include/lio_sam/lio_sam/srv/detail/save_map__type_support.hpp
[78.145s] -- Installing: /home/robot/jackal_nav2_ws/src/install/lio_sam/include/lio_sam/lio_sam/srv/detail/save_map__struct.hpp
[78.145s] -- Up-to-date: /home/robot/jackal_nav2_ws/src/install/lio_sam/include/lio_sam/lio_sam/msg
[78.145s] -- Up-to-date: /home/robot/jackal_nav2_ws/src/install/lio_sam/include/lio_sam/lio_sam/msg/detail
[78.145s] -- Installing: /home/robot/jackal_nav2_ws/src/install/lio_sam/include/lio_sam/lio_sam/msg/detail/cloud_info__struct.hpp
[78.145s] -- Installing: /home/robot/jackal_nav2_ws/src/install/lio_sam/include/lio_sam/lio_sam/msg/detail/cloud_info__builder.hpp
[78.146s] -- Installing: /home/robot/jackal_nav2_ws/src/install/lio_sam/include/lio_sam/lio_sam/msg/detail/cloud_info__traits.hpp
[78.146s] -- Installing: /home/robot/jackal_nav2_ws/src/install/lio_sam/include/lio_sam/lio_sam/msg/detail/cloud_info__type_support.hpp
[78.146s] -- Installing: /home/robot/jackal_nav2_ws/src/install/lio_sam/include/lio_sam/lio_sam/msg/cloud_info.hpp
[78.146s] -- Installing: /home/robot/jackal_nav2_ws/src/install/lio_sam/include/lio_sam/lio_sam/msg/rosidl_generator_cpp__visibility_control.hpp
[78.146s] -- Up-to-date: /home/robot/jackal_nav2_ws/src/install/lio_sam/include/lio_sam/lio_sam
[78.146s] -- Up-to-date: /home/robot/jackal_nav2_ws/src/install/lio_sam/include/lio_sam/lio_sam/srv
[78.146s] -- Up-to-date: /home/robot/jackal_nav2_ws/src/install/lio_sam/include/lio_sam/lio_sam/srv/detail
[78.146s] -- Installing: /home/robot/jackal_nav2_ws/src/install/lio_sam/include/lio_sam/lio_sam/srv/detail/save_map__rosidl_typesupport_fastrtps_cpp.hpp
[78.146s] -- Installing: /home/robot/jackal_nav2_ws/src/install/lio_sam/include/lio_sam/lio_sam/srv/detail/dds_fastrtps
[78.146s] -- Up-to-date: /home/robot/jackal_nav2_ws/src/install/lio_sam/include/lio_sam/lio_sam/msg
[78.146s] -- Up-to-date: /home/robot/jackal_nav2_ws/src/install/lio_sam/include/lio_sam/lio_sam/msg/detail
[78.146s] -- Installing: /home/robot/jackal_nav2_ws/src/install/lio_sam/include/lio_sam/lio_sam/msg/detail/dds_fastrtps
[78.147s] -- Installing: /home/robot/jackal_nav2_ws/src/install/lio_sam/include/lio_sam/lio_sam/msg/detail/cloud_info__rosidl_typesupport_fastrtps_cpp.hpp
[78.147s] -- Installing: /home/robot/jackal_nav2_ws/src/install/lio_sam/include/lio_sam/lio_sam/msg/rosidl_typesupport_fastrtps_cpp__visibility_control.h
[78.147s] -- Installing: /home/robot/jackal_nav2_ws/src/install/lio_sam/lib/liblio_sam__rosidl_typesupport_fastrtps_cpp.so
[78.147s] -- Set non-toolchain portion of runtime path of "/home/robot/jackal_nav2_ws/src/install/lio_sam/lib/liblio_sam__rosidl_typesupport_fastrtps_cpp.so" to ""
[78.147s] -- Up-to-date: /home/robot/jackal_nav2_ws/src/install/lio_sam/include/lio_sam/lio_sam
[78.147s] -- Up-to-date: /home/robot/jackal_nav2_ws/src/install/lio_sam/include/lio_sam/lio_sam/srv
[78.147s] -- Up-to-date: /home/robot/jackal_nav2_ws/src/install/lio_sam/include/lio_sam/lio_sam/srv/detail
[78.147s] -- Installing: /home/robot/jackal_nav2_ws/src/install/lio_sam/include/lio_sam/lio_sam/srv/detail/save_map__type_support.cpp
[78.147s] -- Installing: /home/robot/jackal_nav2_ws/src/install/lio_sam/include/lio_sam/lio_sam/srv/detail/save_map__rosidl_typesupport_introspection_cpp.hpp
[78.147s] -- Up-to-date: /home/robot/jackal_nav2_ws/src/install/lio_sam/include/lio_sam/lio_sam/msg
[78.147s] -- Up-to-date: /home/robot/jackal_nav2_ws/src/install/lio_sam/include/lio_sam/lio_sam/msg/detail
[78.147s] -- Installing: /home/robot/jackal_nav2_ws/src/install/lio_sam/include/lio_sam/lio_sam/msg/detail/cloud_info__type_support.cpp
[78.147s] -- Installing: /home/robot/jackal_nav2_ws/src/install/lio_sam/include/lio_sam/lio_sam/msg/detail/cloud_info__rosidl_typesupport_introspection_cpp.hpp
[78.148s] -- Installing: /home/robot/jackal_nav2_ws/src/install/lio_sam/lib/liblio_sam__rosidl_typesupport_introspection_cpp.so
[78.148s] -- Set non-toolchain portion of runtime path of "/home/robot/jackal_nav2_ws/src/install/lio_sam/lib/liblio_sam__rosidl_typesupport_introspection_cpp.so" to ""
[78.148s] -- Installing: /home/robot/jackal_nav2_ws/src/install/lio_sam/lib/liblio_sam__rosidl_typesupport_cpp.so
[78.148s] -- Set non-toolchain portion of runtime path of "/home/robot/jackal_nav2_ws/src/install/lio_sam/lib/liblio_sam__rosidl_typesupport_cpp.so" to ""
[78.148s] -- Installing: /home/robot/jackal_nav2_ws/src/install/lio_sam/share/lio_sam/environment/pythonpath.sh
[78.148s] -- Installing: /home/robot/jackal_nav2_ws/src/install/lio_sam/share/lio_sam/environment/pythonpath.dsv
[78.148s] -- Installing: /home/robot/jackal_nav2_ws/src/install/lio_sam/lib/python3.12/site-packages/lio_sam-1.0.0-py3.12.egg-info
[78.148s] -- Installing: /home/robot/jackal_nav2_ws/src/install/lio_sam/lib/python3.12/site-packages/lio_sam-1.0.0-py3.12.egg-info/SOURCES.txt
[78.148s] -- Installing: /home/robot/jackal_nav2_ws/src/install/lio_sam/lib/python3.12/site-packages/lio_sam-1.0.0-py3.12.egg-info/dependency_links.txt
[78.148s] -- Installing: /home/robot/jackal_nav2_ws/src/install/lio_sam/lib/python3.12/site-packages/lio_sam-1.0.0-py3.12.egg-info/top_level.txt
[78.148s] -- Installing: /home/robot/jackal_nav2_ws/src/install/lio_sam/lib/python3.12/site-packages/lio_sam-1.0.0-py3.12.egg-info/PKG-INFO
[78.149s] -- Installing: /home/robot/jackal_nav2_ws/src/install/lio_sam/lib/python3.12/site-packages/lio_sam
[78.149s] -- Installing: /home/robot/jackal_nav2_ws/src/install/lio_sam/lib/python3.12/site-packages/lio_sam/_lio_sam_s.ep.rosidl_typesupport_c.c
[78.149s] -- Installing: /home/robot/jackal_nav2_ws/src/install/lio_sam/lib/python3.12/site-packages/lio_sam/lio_sam_s__rosidl_typesupport_introspection_c.so
[78.149s] -- Installing: /home/robot/jackal_nav2_ws/src/install/lio_sam/lib/python3.12/site-packages/lio_sam/lio_sam_s__rosidl_typesupport_c.so
[78.149s] -- Installing: /home/robot/jackal_nav2_ws/src/install/lio_sam/lib/python3.12/site-packages/lio_sam/_lio_sam_s.ep.rosidl_typesupport_fastrtps_c.c
[78.149s] -- Installing: /home/robot/jackal_nav2_ws/src/install/lio_sam/lib/python3.12/site-packages/lio_sam/srv
[78.149s] -- Installing: /home/robot/jackal_nav2_ws/src/install/lio_sam/lib/python3.12/site-packages/lio_sam/srv/_save_map.py
[78.149s] -- Installing: /home/robot/jackal_nav2_ws/src/install/lio_sam/lib/python3.12/site-packages/lio_sam/srv/_save_map_s.c
[78.149s] -- Installing: /home/robot/jackal_nav2_ws/src/install/lio_sam/lib/python3.12/site-packages/lio_sam/srv/__init__.py
[78.149s] -- Installing: /home/robot/jackal_nav2_ws/src/install/lio_sam/lib/python3.12/site-packages/lio_sam/lio_sam_s__rosidl_typesupport_fastrtps_c.so
[78.150s] -- Installing: /home/robot/jackal_nav2_ws/src/install/lio_sam/lib/python3.12/site-packages/lio_sam/msg
[78.150s] -- Installing: /home/robot/jackal_nav2_ws/src/install/lio_sam/lib/python3.12/site-packages/lio_sam/msg/_cloud_info_s.c
[78.150s] -- Installing: /home/robot/jackal_nav2_ws/src/install/lio_sam/lib/python3.12/site-packages/lio_sam/msg/_cloud_info.py
[78.150s] -- Installing: /home/robot/jackal_nav2_ws/src/install/lio_sam/lib/python3.12/site-packages/lio_sam/msg/__init__.py
[78.150s] -- Installing: /home/robot/jackal_nav2_ws/src/install/lio_sam/lib/python3.12/site-packages/lio_sam/__init__.py
[78.150s] -- Installing: /home/robot/jackal_nav2_ws/src/install/lio_sam/lib/python3.12/site-packages/lio_sam/_lio_sam_s.ep.rosidl_typesupport_introspection_c.c
[78.195s] Listing '/home/robot/jackal_nav2_ws/src/install/lio_sam/lib/python3.12/site-packages/lio_sam'...
[78.195s] Compiling '/home/robot/jackal_nav2_ws/src/install/lio_sam/lib/python3.12/site-packages/lio_sam/__init__.py'...
[78.195s] Listing '/home/robot/jackal_nav2_ws/src/install/lio_sam/lib/python3.12/site-packages/lio_sam/msg'...
[78.195s] Compiling '/home/robot/jackal_nav2_ws/src/install/lio_sam/lib/python3.12/site-packages/lio_sam/msg/__init__.py'...
[78.196s] Compiling '/home/robot/jackal_nav2_ws/src/install/lio_sam/lib/python3.12/site-packages/lio_sam/msg/_cloud_info.py'...
[78.196s] Listing '/home/robot/jackal_nav2_ws/src/install/lio_sam/lib/python3.12/site-packages/lio_sam/srv'...
[78.196s] Compiling '/home/robot/jackal_nav2_ws/src/install/lio_sam/lib/python3.12/site-packages/lio_sam/srv/__init__.py'...
[78.196s] Compiling '/home/robot/jackal_nav2_ws/src/install/lio_sam/lib/python3.12/site-packages/lio_sam/srv/_save_map.py'...
[78.201s] -- Installing: /home/robot/jackal_nav2_ws/src/install/lio_sam/lib/python3.12/site-packages/lio_sam/lio_sam_s__rosidl_typesupport_fastrtps_c.so
[78.201s] -- Set non-toolchain portion of runtime path of "/home/robot/jackal_nav2_ws/src/install/lio_sam/lib/python3.12/site-packages/lio_sam/lio_sam_s__rosidl_typesupport_fastrtps_c.so" to ""
[78.201s] -- Installing: /home/robot/jackal_nav2_ws/src/install/lio_sam/lib/python3.12/site-packages/lio_sam/lio_sam_s__rosidl_typesupport_introspection_c.so
[78.202s] -- Set non-toolchain portion of runtime path of "/home/robot/jackal_nav2_ws/src/install/lio_sam/lib/python3.12/site-packages/lio_sam/lio_sam_s__rosidl_typesupport_introspection_c.so" to ""
[78.202s] -- Installing: /home/robot/jackal_nav2_ws/src/install/lio_sam/lib/python3.12/site-packages/lio_sam/lio_sam_s__rosidl_typesupport_c.so
[78.202s] -- Set non-toolchain portion of runtime path of "/home/robot/jackal_nav2_ws/src/install/lio_sam/lib/python3.12/site-packages/lio_sam/lio_sam_s__rosidl_typesupport_c.so" to ""
[78.202s] -- Installing: /home/robot/jackal_nav2_ws/src/install/lio_sam/lib/liblio_sam__rosidl_generator_py.so
[78.202s] -- Set non-toolchain portion of runtime path of "/home/robot/jackal_nav2_ws/src/install/lio_sam/lib/liblio_sam__rosidl_generator_py.so" to ""
[78.203s] -- Installing: /home/robot/jackal_nav2_ws/src/install/lio_sam/share/lio_sam/msg/CloudInfo.idl
[78.203s] -- Installing: /home/robot/jackal_nav2_ws/src/install/lio_sam/share/lio_sam/srv/SaveMap.idl
[78.203s] -- Installing: /home/robot/jackal_nav2_ws/src/install/lio_sam/share/lio_sam/msg/CloudInfo.msg
[78.203s] -- Installing: /home/robot/jackal_nav2_ws/src/install/lio_sam/share/lio_sam/srv/SaveMap.srv
[78.203s] -- Installing: /home/robot/jackal_nav2_ws/src/install/lio_sam/share/lio_sam//launch
[78.203s] -- Installing: /home/robot/jackal_nav2_ws/src/install/lio_sam/share/lio_sam//launch/lio_map_projection.launch.py
[78.203s] -- Installing: /home/robot/jackal_nav2_ws/src/install/lio_sam/share/lio_sam//launch/run.launch.py
[78.203s] -- Installing: /home/robot/jackal_nav2_ws/src/install/lio_sam/share/lio_sam//config
[78.203s] -- Installing: /home/robot/jackal_nav2_ws/src/install/lio_sam/share/lio_sam//config/log
[78.203s] -- Installing: /home/robot/jackal_nav2_ws/src/install/lio_sam/share/lio_sam//config/log/build_2025-10-31_18-34-24
[78.203s] -- Installing: /home/robot/jackal_nav2_ws/src/install/lio_sam/share/lio_sam//config/log/build_2025-10-31_18-34-24/logger_all.log
[78.204s] -- Installing: /home/robot/jackal_nav2_ws/src/install/lio_sam/share/lio_sam//config/log/build_2025-10-31_18-34-24/events.log
[78.204s] -- Installing: /home/robot/jackal_nav2_ws/src/install/lio_sam/share/lio_sam//config/log/latest
[78.204s] -- Installing: /home/robot/jackal_nav2_ws/src/install/lio_sam/share/lio_sam//config/log/build_2025-10-31_17-14-19
[78.204s] -- Installing: /home/robot/jackal_nav2_ws/src/install/lio_sam/share/lio_sam//config/log/build_2025-10-31_17-14-19/logger_all.log
[78.204s] -- Installing: /home/robot/jackal_nav2_ws/src/install/lio_sam/share/lio_sam//config/log/build_2025-10-31_17-14-19/events.log
[78.204s] -- Installing: /home/robot/jackal_nav2_ws/src/install/lio_sam/share/lio_sam//config/log/latest_build
[78.204s] -- Installing: /home/robot/jackal_nav2_ws/src/install/lio_sam/share/lio_sam//config/log/COLCON_IGNORE
[78.204s] -- Installing: /home/robot/jackal_nav2_ws/src/install/lio_sam/share/lio_sam//config/install
[78.205s] -- Installing: /home/robot/jackal_nav2_ws/src/install/lio_sam/share/lio_sam//config/install/local_setup.sh
[78.205s] -- Installing: /home/robot/jackal_nav2_ws/src/install/lio_sam/share/lio_sam//config/install/_local_setup_util_sh.py
[78.205s] -- Installing: /home/robot/jackal_nav2_ws/src/install/lio_sam/share/lio_sam//config/install/setup.bash
[78.205s] -- Installing: /home/robot/jackal_nav2_ws/src/install/lio_sam/share/lio_sam//config/install/setup.zsh
[78.205s] -- Installing: /home/robot/jackal_nav2_ws/src/install/lio_sam/share/lio_sam//config/install/local_setup.ps1
[78.205s] -- Installing: /home/robot/jackal_nav2_ws/src/install/lio_sam/share/lio_sam//config/install/_local_setup_util_ps1.py
[78.205s] -- Installing: /home/robot/jackal_nav2_ws/src/install/lio_sam/share/lio_sam//config/install/setup.ps1
[78.205s] -- Installing: /home/robot/jackal_nav2_ws/src/install/lio_sam/share/lio_sam//config/install/.colcon_install_layout
[78.205s] -- Installing: /home/robot/jackal_nav2_ws/src/install/lio_sam/share/lio_sam//config/install/setup.sh
[78.205s] -- Installing: /home/robot/jackal_nav2_ws/src/install/lio_sam/share/lio_sam//config/install/COLCON_IGNORE
[78.205s] -- Installing: /home/robot/jackal_nav2_ws/src/install/lio_sam/share/lio_sam//config/install/local_setup.bash
[78.206s] -- Installing: /home/robot/jackal_nav2_ws/src/install/lio_sam/share/lio_sam//config/install/local_setup.zsh
[78.206s] -- Installing: /home/robot/jackal_nav2_ws/src/install/lio_sam/share/lio_sam//config/rviz2.rviz
[78.206s] -- Installing: /home/robot/jackal_nav2_ws/src/install/lio_sam/share/lio_sam//config/robot.urdf.xacro
[78.206s] -- Installing: /home/robot/jackal_nav2_ws/src/install/lio_sam/share/lio_sam//config/build
[78.206s] -- Installing: /home/robot/jackal_nav2_ws/src/install/lio_sam/share/lio_sam//config/build/.built_by
[78.206s] -- Installing: /home/robot/jackal_nav2_ws/src/install/lio_sam/share/lio_sam//config/build/COLCON_IGNORE
[78.206s] -- Installing: /home/robot/jackal_nav2_ws/src/install/lio_sam/share/lio_sam//config/params.yaml
[78.206s] -- Installing: /home/robot/jackal_nav2_ws/src/install/lio_sam/share/lio_sam//config/doc
[78.206s] -- Installing: /home/robot/jackal_nav2_ws/src/install/lio_sam/share/lio_sam//config/doc/paper.pdf
[78.235s] -- Installing: /home/robot/jackal_nav2_ws/src/install/lio_sam/share/lio_sam//config/doc/device-hand.png
[78.238s] -- Installing: /home/robot/jackal_nav2_ws/src/install/lio_sam/share/lio_sam//config/doc/kitti-map.png
[78.240s] -- Installing: /home/robot/jackal_nav2_ws/src/install/lio_sam/share/lio_sam//config/doc/gps-demo.gif
[78.268s] -- Installing: /home/robot/jackal_nav2_ws/src/install/lio_sam/share/lio_sam//config/doc/device-jackal.png
[78.270s] -- Installing: /home/robot/jackal_nav2_ws/src/install/lio_sam/share/lio_sam//config/doc/loop-closure.gif
[78.315s] -- Installing: /home/robot/jackal_nav2_ws/src/install/lio_sam/share/lio_sam//config/doc/kitti2bag
[78.315s] -- Installing: /home/robot/jackal_nav2_ws/src/install/lio_sam/share/lio_sam//config/doc/kitti2bag/kitti2bag.py
[78.315s] -- Installing: /home/robot/jackal_nav2_ws/src/install/lio_sam/share/lio_sam//config/doc/kitti2bag/README.md
[78.315s] -- Installing: /home/robot/jackal_nav2_ws/src/install/lio_sam/share/lio_sam//config/doc/ouster-device.jpg
[78.318s] -- Installing: /home/robot/jackal_nav2_ws/src/install/lio_sam/share/lio_sam//config/doc/device-boat.png
[78.319s] -- Installing: /home/robot/jackal_nav2_ws/src/install/lio_sam/share/lio_sam//config/doc/imu-debug.gif
[78.339s] -- Installing: /home/robot/jackal_nav2_ws/src/install/lio_sam/share/lio_sam//config/doc/kitti-demo.gif
[78.387s] -- Installing: /home/robot/jackal_nav2_ws/src/install/lio_sam/share/lio_sam//config/doc/demo.gif
[78.418s] -- Installing: /home/robot/jackal_nav2_ws/src/install/lio_sam/share/lio_sam//config/doc/imu-transform.png
[78.426s] -- Installing: /home/robot/jackal_nav2_ws/src/install/lio_sam/share/lio_sam//config/doc/ouster-demo.gif
[78.462s] -- Installing: /home/robot/jackal_nav2_ws/src/install/lio_sam/share/lio_sam//config/doc/loop-closure-2.gif
[78.507s] -- Installing: /home/robot/jackal_nav2_ws/src/install/lio_sam/share/lio_sam//config/doc/device-hand-2.png
[78.510s] -- Installing: /home/robot/jackal_nav2_ws/src/install/lio_sam/share/lio_sam//config/doc/system.png
[78.514s] -- Installing: /home/robot/jackal_nav2_ws/src/install/lio_sam/lib/lio_sam/lio_sam_imageProjection
[78.516s] -- Set non-toolchain portion of runtime path of "/home/robot/jackal_nav2_ws/src/install/lio_sam/lib/lio_sam/lio_sam_imageProjection" to ""
[78.516s] -- Installing: /home/robot/jackal_nav2_ws/src/install/lio_sam/lib/lio_sam/lio_sam_imuPreintegration
[78.518s] -- Set non-toolchain portion of runtime path of "/home/robot/jackal_nav2_ws/src/install/lio_sam/lib/lio_sam/lio_sam_imuPreintegration" to ""
[78.519s] -- Installing: /home/robot/jackal_nav2_ws/src/install/lio_sam/lib/lio_sam/lio_sam_featureExtraction
[78.520s] -- Set non-toolchain portion of runtime path of "/home/robot/jackal_nav2_ws/src/install/lio_sam/lib/lio_sam/lio_sam_featureExtraction" to ""
[78.520s] -- Installing: /home/robot/jackal_nav2_ws/src/install/lio_sam/lib/lio_sam/lio_sam_mapOptimization
[78.522s] -- Set non-toolchain portion of runtime path of "/home/robot/jackal_nav2_ws/src/install/lio_sam/lib/lio_sam/lio_sam_mapOptimization" to ""
[78.523s] -- Up-to-date: /home/robot/jackal_nav2_ws/src/install/lio_sam/include
[78.523s] -- Up-to-date: /home/robot/jackal_nav2_ws/src/install/lio_sam/include/lio_sam
[78.523s] -- Installing: /home/robot/jackal_nav2_ws/src/install/lio_sam/include/lio_sam/utility.hpp
[78.523s] -- Installing: /home/robot/jackal_nav2_ws/src/install/lio_sam/share/ament_index/resource_index/package_run_dependencies/lio_sam
[78.523s] -- Installing: /home/robot/jackal_nav2_ws/src/install/lio_sam/share/ament_index/resource_index/parent_prefix_path/lio_sam
[78.523s] -- Installing: /home/robot/jackal_nav2_ws/src/install/lio_sam/share/lio_sam/environment/ament_prefix_path.sh
[78.524s] -- Installing: /home/robot/jackal_nav2_ws/src/install/lio_sam/share/lio_sam/environment/ament_prefix_path.dsv
[78.524s] -- Installing: /home/robot/jackal_nav2_ws/src/install/lio_sam/share/lio_sam/environment/path.sh
[78.524s] -- Installing: /home/robot/jackal_nav2_ws/src/install/lio_sam/share/lio_sam/environment/path.dsv
[78.524s] -- Installing: /home/robot/jackal_nav2_ws/src/install/lio_sam/share/lio_sam/local_setup.bash
[78.524s] -- Installing: /home/robot/jackal_nav2_ws/src/install/lio_sam/share/lio_sam/local_setup.sh
[78.524s] -- Installing: /home/robot/jackal_nav2_ws/src/install/lio_sam/share/lio_sam/local_setup.zsh
[78.524s] -- Installing: /home/robot/jackal_nav2_ws/src/install/lio_sam/share/lio_sam/local_setup.dsv
[78.524s] -- Installing: /home/robot/jackal_nav2_ws/src/install/lio_sam/share/lio_sam/package.dsv
[78.524s] -- Installing: /home/robot/jackal_nav2_ws/src/install/lio_sam/share/ament_index/resource_index/packages/lio_sam
[78.525s] -- Installing: /home/robot/jackal_nav2_ws/src/install/lio_sam/share/lio_sam/cmake/export_lio_sam__rosidl_generator_cExport.cmake
[78.525s] -- Installing: /home/robot/jackal_nav2_ws/src/install/lio_sam/share/lio_sam/cmake/export_lio_sam__rosidl_generator_cExport-release.cmake
[78.525s] -- Installing: /home/robot/jackal_nav2_ws/src/install/lio_sam/share/lio_sam/cmake/export_lio_sam__rosidl_typesupport_fastrtps_cExport.cmake
[78.525s] -- Installing: /home/robot/jackal_nav2_ws/src/install/lio_sam/share/lio_sam/cmake/export_lio_sam__rosidl_typesupport_fastrtps_cExport-release.cmake
[78.525s] -- Installing: /home/robot/jackal_nav2_ws/src/install/lio_sam/share/lio_sam/cmake/lio_sam__rosidl_typesupport_introspection_cExport.cmake
[78.525s] -- Installing: /home/robot/jackal_nav2_ws/src/install/lio_sam/share/lio_sam/cmake/lio_sam__rosidl_typesupport_introspection_cExport-release.cmake
[78.525s] -- Installing: /home/robot/jackal_nav2_ws/src/install/lio_sam/share/lio_sam/cmake/lio_sam__rosidl_typesupport_cExport.cmake
[78.525s] -- Installing: /home/robot/jackal_nav2_ws/src/install/lio_sam/share/lio_sam/cmake/lio_sam__rosidl_typesupport_cExport-release.cmake
[78.526s] -- Installing: /home/robot/jackal_nav2_ws/src/install/lio_sam/share/lio_sam/cmake/export_lio_sam__rosidl_generator_cppExport.cmake
[78.526s] -- Installing: /home/robot/jackal_nav2_ws/src/install/lio_sam/share/lio_sam/cmake/export_lio_sam__rosidl_typesupport_fastrtps_cppExport.cmake
[78.526s] -- Installing: /home/robot/jackal_nav2_ws/src/install/lio_sam/share/lio_sam/cmake/export_lio_sam__rosidl_typesupport_fastrtps_cppExport-release.cmake
[78.526s] -- Installing: /home/robot/jackal_nav2_ws/src/install/lio_sam/share/lio_sam/cmake/lio_sam__rosidl_typesupport_introspection_cppExport.cmake
[78.526s] -- Installing: /home/robot/jackal_nav2_ws/src/install/lio_sam/share/lio_sam/cmake/lio_sam__rosidl_typesupport_introspection_cppExport-release.cmake
[78.526s] -- Installing: /home/robot/jackal_nav2_ws/src/install/lio_sam/share/lio_sam/cmake/lio_sam__rosidl_typesupport_cppExport.cmake
[78.526s] -- Installing: /home/robot/jackal_nav2_ws/src/install/lio_sam/share/lio_sam/cmake/lio_sam__rosidl_typesupport_cppExport-release.cmake
[78.527s] -- Installing: /home/robot/jackal_nav2_ws/src/install/lio_sam/share/lio_sam/cmake/export_lio_sam__rosidl_generator_pyExport.cmake
[78.527s] -- Installing: /home/robot/jackal_nav2_ws/src/install/lio_sam/share/lio_sam/cmake/export_lio_sam__rosidl_generator_pyExport-release.cmake
[78.527s] -- Installing: /home/robot/jackal_nav2_ws/src/install/lio_sam/share/lio_sam/cmake/rosidl_cmake-extras.cmake
[78.527s] -- Installing: /home/robot/jackal_nav2_ws/src/install/lio_sam/share/lio_sam/cmake/ament_cmake_export_dependencies-extras.cmake
[78.527s] -- Installing: /home/robot/jackal_nav2_ws/src/install/lio_sam/share/lio_sam/cmake/ament_cmake_export_include_directories-extras.cmake
[78.527s] -- Installing: /home/robot/jackal_nav2_ws/src/install/lio_sam/share/lio_sam/cmake/ament_cmake_export_libraries-extras.cmake
[78.527s] -- Installing: /home/robot/jackal_nav2_ws/src/install/lio_sam/share/lio_sam/cmake/ament_cmake_export_targets-extras.cmake
[78.528s] -- Installing: /home/robot/jackal_nav2_ws/src/install/lio_sam/share/lio_sam/cmake/rosidl_cmake_export_typesupport_targets-extras.cmake
[78.528s] -- Installing: /home/robot/jackal_nav2_ws/src/install/lio_sam/share/lio_sam/cmake/rosidl_cmake_export_typesupport_libraries-extras.cmake
[78.528s] -- Installing: /home/robot/jackal_nav2_ws/src/install/lio_sam/share/lio_sam/cmake/lio_samConfig.cmake
[78.528s] -- Installing: /home/robot/jackal_nav2_ws/src/install/lio_sam/share/lio_sam/cmake/lio_samConfig-version.cmake
[78.528s] -- Installing: /home/robot/jackal_nav2_ws/src/install/lio_sam/share/lio_sam/package.xml
[78.530s] Invoked command in '/home/robot/jackal_nav2_ws/src/build/lio_sam' returned '0': CMAKE_PREFIX_PATH=${CMAKE_PREFIX_PATH}:/opt/ros/jazzy DEBUGINFOD_URLS=https://debuginfod.ubuntu.com /usr/bin/cmake --install /home/robot/jackal_nav2_ws/src/build/lio_sam
