[0.036s] Invoking command in '/home/robot/jackal_nav2_ws/build/jackal_nav2': CMAKE_PREFIX_PATH=${CMAKE_PREFIX_PATH}:/opt/ros/jazzy DEBUGINFOD_URLS=https://debuginfod.ubuntu.com /usr/bin/cmake --build /home/robot/jackal_nav2_ws/build/jackal_nav2 -- -j8 -l8
[0.199s] Invoked command in '/home/robot/jackal_nav2_ws/build/jackal_nav2' returned '0': CMAKE_PREFIX_PATH=${CMAKE_PREFIX_PATH}:/opt/ros/jazzy DEBUGINFOD_URLS=https://debuginfod.ubuntu.com /usr/bin/cmake --build /home/robot/jackal_nav2_ws/build/jackal_nav2 -- -j8 -l8
[0.224s] Invoking command in '/home/robot/jackal_nav2_ws/build/jackal_nav2': CMAKE_PREFIX_PATH=${CMAKE_PREFIX_PATH}:/opt/ros/jazzy DEBUGINFOD_URLS=https://debuginfod.ubuntu.com /usr/bin/cmake --install /home/robot/jackal_nav2_ws/build/jackal_nav2
[0.246s] -- Install configuration: ""
[0.247s] -- Execute custom install script
[0.250s] -- Up-to-date symlink: /home/robot/jackal_nav2_ws/install/jackal_nav2/share/jackal_nav2/launch/nav2_with_lio.launch.py
[0.251s] -- Up-to-date symlink: /home/robot/jackal_nav2_ws/install/jackal_nav2/share/jackal_nav2/config/nav2_params.yaml
[0.256s] -- Up-to-date symlink: /home/robot/jackal_nav2_ws/install/jackal_nav2/share/ament_index/resource_index/package_run_dependencies/jackal_nav2
[0.256s] -- Up-to-date symlink: /home/robot/jackal_nav2_ws/install/jackal_nav2/share/ament_index/resource_index/parent_prefix_path/jackal_nav2
[0.256s] -- Up-to-date symlink: /home/robot/jackal_nav2_ws/install/jackal_nav2/share/jackal_nav2/environment/ament_prefix_path.sh
[0.256s] -- Up-to-date symlink: /home/robot/jackal_nav2_ws/install/jackal_nav2/share/jackal_nav2/environment/ament_prefix_path.dsv
[0.256s] -- Up-to-date symlink: /home/robot/jackal_nav2_ws/install/jackal_nav2/share/jackal_nav2/environment/path.sh
[0.256s] -- Up-to-date symlink: /home/robot/jackal_nav2_ws/install/jackal_nav2/share/jackal_nav2/environment/path.dsv
[0.256s] -- Up-to-date symlink: /home/robot/jackal_nav2_ws/install/jackal_nav2/share/jackal_nav2/local_setup.bash
[0.257s] -- Up-to-date symlink: /home/robot/jackal_nav2_ws/install/jackal_nav2/share/jackal_nav2/local_setup.sh
[0.257s] -- Up-to-date symlink: /home/robot/jackal_nav2_ws/install/jackal_nav2/share/jackal_nav2/local_setup.zsh
[0.258s] -- Up-to-date symlink: /home/robot/jackal_nav2_ws/install/jackal_nav2/share/jackal_nav2/local_setup.dsv
[0.258s] -- Symlinking: /home/robot/jackal_nav2_ws/install/jackal_nav2/share/jackal_nav2/package.dsv
[0.278s] -- Up-to-date symlink: /home/robot/jackal_nav2_ws/install/jackal_nav2/share/ament_index/resource_index/packages/jackal_nav2
[0.279s] -- Up-to-date symlink: /home/robot/jackal_nav2_ws/install/jackal_nav2/share/jackal_nav2/cmake/jackal_nav2Config.cmake
[0.279s] -- Up-to-date symlink: /home/robot/jackal_nav2_ws/install/jackal_nav2/share/jackal_nav2/cmake/jackal_nav2Config-version.cmake
[0.280s] -- Up-to-date symlink: /home/robot/jackal_nav2_ws/install/jackal_nav2/share/jackal_nav2/package.xml
[0.283s] Invoked command in '/home/robot/jackal_nav2_ws/build/jackal_nav2' returned '0': CMAKE_PREFIX_PATH=${CMAKE_PREFIX_PATH}:/opt/ros/jazzy DEBUGINFOD_URLS=https://debuginfod.ubuntu.com /usr/bin/cmake --install /home/robot/jackal_nav2_ws/build/jackal_nav2
