[0.214s] DEBUG:colcon:Command line arguments: ['/usr/bin/colcon', 'build', '--packages-select', 'lio_sam']
[0.214s] DEBUG:colcon:Parsed command line arguments: Namespace(log_base=None, log_level=None, verb_name='build', build_base='build', install_base='install', merge_install=False, symlink_install=False, test_result_base=None, continue_on_error=False, executor='parallel', parallel_workers=8, event_handlers=None, ignore_user_meta=False, metas=['./colcon.meta'], base_paths=['.'], packages_ignore=None, packages_ignore_regex=None, paths=None, packages_up_to=None, packages_up_to_regex=None, packages_above=None, packages_above_and_dependencies=None, packages_above_depth=None, packages_select_by_dep=None, packages_skip_by_dep=None, packages_skip_up_to=None, packages_select_build_failed=False, packages_skip_build_finished=False, packages_select_test_failures=False, packages_skip_test_passed=False, packages_select=['lio_sam'], packages_skip=None, packages_select_regex=None, packages_skip_regex=None, packages_start=None, packages_end=None, allow_overriding=[], cmake_args=None, cmake_target=None, cmake_target_skip_unavailable=False, cmake_clean_cache=False, cmake_clean_first=False, cmake_force_configure=False, ament_cmake_args=None, catkin_cmake_args=None, catkin_skip_building_tests=False, mixin_files=None, mixin=None, verb_parser=<colcon_mixin.mixin.mixin_argument.MixinArgumentDecorator object at 0x71d5bf5bafc0>, verb_extension=<colcon_core.verb.build.BuildVerb object at 0x71d5c0246570>, main=<bound method BuildVerb.main of <colcon_core.verb.build.BuildVerb object at 0x71d5c0246570>>, mixin_verb=('build',))
[0.292s] Level 1:colcon.colcon_core.package_discovery:discover_packages(colcon_meta) check parameters
[0.292s] Level 1:colcon.colcon_core.package_discovery:discover_packages(recursive) check parameters
[0.292s] Level 1:colcon.colcon_core.package_discovery:discover_packages(ignore) check parameters
[0.292s] Level 1:colcon.colcon_core.package_discovery:discover_packages(path) check parameters
[0.292s] Level 1:colcon.colcon_core.package_discovery:discover_packages(colcon_meta) discover
[0.292s] Level 1:colcon.colcon_core.package_discovery:discover_packages(recursive) discover
[0.292s] INFO:colcon.colcon_core.package_discovery:Crawling recursively for packages in '/home/robot/jackal_nav2_ws'
[0.292s] Level 1:colcon.colcon_core.package_identification:_identify(.) by extensions ['ignore', 'ignore_ament_install']
[0.293s] Level 1:colcon.colcon_core.package_identification:_identify(.) by extension 'ignore'
[0.293s] Level 1:colcon.colcon_core.package_identification:_identify(.) by extension 'ignore_ament_install'
[0.293s] Level 1:colcon.colcon_core.package_identification:_identify(.) by extensions ['colcon_pkg']
[0.293s] Level 1:colcon.colcon_core.package_identification:_identify(.) by extension 'colcon_pkg'
[0.293s] Level 1:colcon.colcon_core.package_identification:_identify(.) by extensions ['colcon_meta']
[0.293s] Level 1:colcon.colcon_core.package_identification:_identify(.) by extension 'colcon_meta'
[0.293s] Level 1:colcon.colcon_core.package_identification:_identify(.) by extensions ['ros']
[0.293s] Level 1:colcon.colcon_core.package_identification:_identify(.) by extension 'ros'
[0.324s] Level 1:colcon.colcon_core.package_identification:_identify(.) by extensions ['cmake', 'python']
[0.324s] Level 1:colcon.colcon_core.package_identification:_identify(.) by extension 'cmake'
[0.324s] Level 1:colcon.colcon_core.package_identification:_identify(.) by extension 'python'
[0.324s] Level 1:colcon.colcon_core.package_identification:_identify(.) by extensions ['python_setup_py']
[0.324s] Level 1:colcon.colcon_core.package_identification:_identify(.) by extension 'python_setup_py'
[0.324s] Level 1:colcon.colcon_core.package_identification:_identify(build) by extensions ['ignore', 'ignore_ament_install']
[0.324s] Level 1:colcon.colcon_core.package_identification:_identify(build) by extension 'ignore'
[0.325s] Level 1:colcon.colcon_core.package_identification:_identify(build) ignored
[0.325s] Level 1:colcon.colcon_core.package_identification:_identify(install) by extensions ['ignore', 'ignore_ament_install']
[0.325s] Level 1:colcon.colcon_core.package_identification:_identify(install) by extension 'ignore'
[0.325s] Level 1:colcon.colcon_core.package_identification:_identify(install) ignored
[0.325s] Level 1:colcon.colcon_core.package_identification:_identify(log) by extensions ['ignore', 'ignore_ament_install']
[0.325s] Level 1:colcon.colcon_core.package_identification:_identify(log) by extension 'ignore'
[0.325s] Level 1:colcon.colcon_core.package_identification:_identify(log) ignored
[0.325s] Level 1:colcon.colcon_core.package_identification:_identify(maps) by extensions ['ignore', 'ignore_ament_install']
[0.325s] Level 1:colcon.colcon_core.package_identification:_identify(maps) by extension 'ignore'
[0.325s] Level 1:colcon.colcon_core.package_identification:_identify(maps) by extension 'ignore_ament_install'
[0.325s] Level 1:colcon.colcon_core.package_identification:_identify(maps) by extensions ['colcon_pkg']
[0.325s] Level 1:colcon.colcon_core.package_identification:_identify(maps) by extension 'colcon_pkg'
[0.325s] Level 1:colcon.colcon_core.package_identification:_identify(maps) by extensions ['colcon_meta']
[0.326s] Level 1:colcon.colcon_core.package_identification:_identify(maps) by extension 'colcon_meta'
[0.326s] Level 1:colcon.colcon_core.package_identification:_identify(maps) by extensions ['ros']
[0.326s] Level 1:colcon.colcon_core.package_identification:_identify(maps) by extension 'ros'
[0.326s] Level 1:colcon.colcon_core.package_identification:_identify(maps) by extensions ['cmake', 'python']
[0.326s] Level 1:colcon.colcon_core.package_identification:_identify(maps) by extension 'cmake'
[0.326s] Level 1:colcon.colcon_core.package_identification:_identify(maps) by extension 'python'
[0.326s] Level 1:colcon.colcon_core.package_identification:_identify(maps) by extensions ['python_setup_py']
[0.326s] Level 1:colcon.colcon_core.package_identification:_identify(maps) by extension 'python_setup_py'
[0.326s] Level 1:colcon.colcon_core.package_identification:_identify(maps/lio_sam_3d) by extensions ['ignore', 'ignore_ament_install']
[0.326s] Level 1:colcon.colcon_core.package_identification:_identify(maps/lio_sam_3d) by extension 'ignore'
[0.326s] Level 1:colcon.colcon_core.package_identification:_identify(maps/lio_sam_3d) by extension 'ignore_ament_install'
[0.326s] Level 1:colcon.colcon_core.package_identification:_identify(maps/lio_sam_3d) by extensions ['colcon_pkg']
[0.326s] Level 1:colcon.colcon_core.package_identification:_identify(maps/lio_sam_3d) by extension 'colcon_pkg'
[0.326s] Level 1:colcon.colcon_core.package_identification:_identify(maps/lio_sam_3d) by extensions ['colcon_meta']
[0.326s] Level 1:colcon.colcon_core.package_identification:_identify(maps/lio_sam_3d) by extension 'colcon_meta'
[0.326s] Level 1:colcon.colcon_core.package_identification:_identify(maps/lio_sam_3d) by extensions ['ros']
[0.326s] Level 1:colcon.colcon_core.package_identification:_identify(maps/lio_sam_3d) by extension 'ros'
[0.327s] Level 1:colcon.colcon_core.package_identification:_identify(maps/lio_sam_3d) by extensions ['cmake', 'python']
[0.327s] Level 1:colcon.colcon_core.package_identification:_identify(maps/lio_sam_3d) by extension 'cmake'
[0.327s] Level 1:colcon.colcon_core.package_identification:_identify(maps/lio_sam_3d) by extension 'python'
[0.327s] Level 1:colcon.colcon_core.package_identification:_identify(maps/lio_sam_3d) by extensions ['python_setup_py']
[0.327s] Level 1:colcon.colcon_core.package_identification:_identify(maps/lio_sam_3d) by extension 'python_setup_py'
[0.327s] Level 1:colcon.colcon_core.package_identification:_identify(maps/lio_sam_3d/my_3d_map) by extensions ['ignore', 'ignore_ament_install']
[0.327s] Level 1:colcon.colcon_core.package_identification:_identify(maps/lio_sam_3d/my_3d_map) by extension 'ignore'
[0.327s] Level 1:colcon.colcon_core.package_identification:_identify(maps/lio_sam_3d/my_3d_map) by extension 'ignore_ament_install'
[0.327s] Level 1:colcon.colcon_core.package_identification:_identify(maps/lio_sam_3d/my_3d_map) by extensions ['colcon_pkg']
[0.327s] Level 1:colcon.colcon_core.package_identification:_identify(maps/lio_sam_3d/my_3d_map) by extension 'colcon_pkg'
[0.327s] Level 1:colcon.colcon_core.package_identification:_identify(maps/lio_sam_3d/my_3d_map) by extensions ['colcon_meta']
[0.327s] Level 1:colcon.colcon_core.package_identification:_identify(maps/lio_sam_3d/my_3d_map) by extension 'colcon_meta'
[0.327s] Level 1:colcon.colcon_core.package_identification:_identify(maps/lio_sam_3d/my_3d_map) by extensions ['ros']
[0.327s] Level 1:colcon.colcon_core.package_identification:_identify(maps/lio_sam_3d/my_3d_map) by extension 'ros'
[0.327s] Level 1:colcon.colcon_core.package_identification:_identify(maps/lio_sam_3d/my_3d_map) by extensions ['cmake', 'python']
[0.327s] Level 1:colcon.colcon_core.package_identification:_identify(maps/lio_sam_3d/my_3d_map) by extension 'cmake'
[0.327s] Level 1:colcon.colcon_core.package_identification:_identify(maps/lio_sam_3d/my_3d_map) by extension 'python'
[0.327s] Level 1:colcon.colcon_core.package_identification:_identify(maps/lio_sam_3d/my_3d_map) by extensions ['python_setup_py']
[0.328s] Level 1:colcon.colcon_core.package_identification:_identify(maps/lio_sam_3d/my_3d_map) by extension 'python_setup_py'
[0.328s] Level 1:colcon.colcon_core.package_identification:_identify(rosbag2_2025_10_31-20_02_28) by extensions ['ignore', 'ignore_ament_install']
[0.328s] Level 1:colcon.colcon_core.package_identification:_identify(rosbag2_2025_10_31-20_02_28) by extension 'ignore'
[0.328s] Level 1:colcon.colcon_core.package_identification:_identify(rosbag2_2025_10_31-20_02_28) by extension 'ignore_ament_install'
[0.328s] Level 1:colcon.colcon_core.package_identification:_identify(rosbag2_2025_10_31-20_02_28) by extensions ['colcon_pkg']
[0.328s] Level 1:colcon.colcon_core.package_identification:_identify(rosbag2_2025_10_31-20_02_28) by extension 'colcon_pkg'
[0.328s] Level 1:colcon.colcon_core.package_identification:_identify(rosbag2_2025_10_31-20_02_28) by extensions ['colcon_meta']
[0.328s] Level 1:colcon.colcon_core.package_identification:_identify(rosbag2_2025_10_31-20_02_28) by extension 'colcon_meta'
[0.328s] Level 1:colcon.colcon_core.package_identification:_identify(rosbag2_2025_10_31-20_02_28) by extensions ['ros']
[0.328s] Level 1:colcon.colcon_core.package_identification:_identify(rosbag2_2025_10_31-20_02_28) by extension 'ros'
[0.328s] Level 1:colcon.colcon_core.package_identification:_identify(rosbag2_2025_10_31-20_02_28) by extensions ['cmake', 'python']
[0.328s] Level 1:colcon.colcon_core.package_identification:_identify(rosbag2_2025_10_31-20_02_28) by extension 'cmake'
[0.328s] Level 1:colcon.colcon_core.package_identification:_identify(rosbag2_2025_10_31-20_02_28) by extension 'python'
[0.328s] Level 1:colcon.colcon_core.package_identification:_identify(rosbag2_2025_10_31-20_02_28) by extensions ['python_setup_py']
[0.328s] Level 1:colcon.colcon_core.package_identification:_identify(rosbag2_2025_10_31-20_02_28) by extension 'python_setup_py'
[0.329s] Level 1:colcon.colcon_core.package_identification:_identify(src) by extensions ['ignore', 'ignore_ament_install']
[0.329s] Level 1:colcon.colcon_core.package_identification:_identify(src) by extension 'ignore'
[0.329s] Level 1:colcon.colcon_core.package_identification:_identify(src) by extension 'ignore_ament_install'
[0.329s] Level 1:colcon.colcon_core.package_identification:_identify(src) by extensions ['colcon_pkg']
[0.329s] Level 1:colcon.colcon_core.package_identification:_identify(src) by extension 'colcon_pkg'
[0.329s] Level 1:colcon.colcon_core.package_identification:_identify(src) by extensions ['colcon_meta']
[0.329s] Level 1:colcon.colcon_core.package_identification:_identify(src) by extension 'colcon_meta'
[0.329s] Level 1:colcon.colcon_core.package_identification:_identify(src) by extensions ['ros']
[0.329s] Level 1:colcon.colcon_core.package_identification:_identify(src) by extension 'ros'
[0.329s] Level 1:colcon.colcon_core.package_identification:_identify(src) by extensions ['cmake', 'python']
[0.329s] Level 1:colcon.colcon_core.package_identification:_identify(src) by extension 'cmake'
[0.329s] Level 1:colcon.colcon_core.package_identification:_identify(src) by extension 'python'
[0.329s] Level 1:colcon.colcon_core.package_identification:_identify(src) by extensions ['python_setup_py']
[0.329s] Level 1:colcon.colcon_core.package_identification:_identify(src) by extension 'python_setup_py'
[0.330s] Level 1:colcon.colcon_core.package_identification:_identify(src/LIO-SAM) by extensions ['ignore', 'ignore_ament_install']
[0.330s] Level 1:colcon.colcon_core.package_identification:_identify(src/LIO-SAM) by extension 'ignore'
[0.330s] Level 1:colcon.colcon_core.package_identification:_identify(src/LIO-SAM) by extension 'ignore_ament_install'
[0.330s] Level 1:colcon.colcon_core.package_identification:_identify(src/LIO-SAM) by extensions ['colcon_pkg']
[0.330s] Level 1:colcon.colcon_core.package_identification:_identify(src/LIO-SAM) by extension 'colcon_pkg'
[0.330s] Level 1:colcon.colcon_core.package_identification:_identify(src/LIO-SAM) by extensions ['colcon_meta']
[0.330s] Level 1:colcon.colcon_core.package_identification:_identify(src/LIO-SAM) by extension 'colcon_meta'
[0.330s] Level 1:colcon.colcon_core.package_identification:_identify(src/LIO-SAM) by extensions ['ros']
[0.330s] Level 1:colcon.colcon_core.package_identification:_identify(src/LIO-SAM) by extension 'ros'
[0.334s] DEBUG:colcon.colcon_core.package_identification:Package 'src/LIO-SAM' with type 'ros.ament_cmake' and name 'lio_sam'
[0.334s] Level 1:colcon.colcon_core.package_identification:_identify(src/build) by extensions ['ignore', 'ignore_ament_install']
[0.334s] Level 1:colcon.colcon_core.package_identification:_identify(src/build) by extension 'ignore'
[0.334s] Level 1:colcon.colcon_core.package_identification:_identify(src/build) ignored
[0.334s] Level 1:colcon.colcon_core.package_identification:_identify(src/install) by extensions ['ignore', 'ignore_ament_install']
[0.334s] Level 1:colcon.colcon_core.package_identification:_identify(src/install) by extension 'ignore'
[0.334s] Level 1:colcon.colcon_core.package_identification:_identify(src/install) ignored
[0.334s] Level 1:colcon.colcon_core.package_identification:_identify(src/jackal_nav2) by extensions ['ignore', 'ignore_ament_install']
[0.334s] Level 1:colcon.colcon_core.package_identification:_identify(src/jackal_nav2) by extension 'ignore'
[0.334s] Level 1:colcon.colcon_core.package_identification:_identify(src/jackal_nav2) by extension 'ignore_ament_install'
[0.335s] Level 1:colcon.colcon_core.package_identification:_identify(src/jackal_nav2) by extensions ['colcon_pkg']
[0.335s] Level 1:colcon.colcon_core.package_identification:_identify(src/jackal_nav2) by extension 'colcon_pkg'
[0.335s] Level 1:colcon.colcon_core.package_identification:_identify(src/jackal_nav2) by extensions ['colcon_meta']
[0.335s] Level 1:colcon.colcon_core.package_identification:_identify(src/jackal_nav2) by extension 'colcon_meta'
[0.335s] Level 1:colcon.colcon_core.package_identification:_identify(src/jackal_nav2) by extensions ['ros']
[0.335s] Level 1:colcon.colcon_core.package_identification:_identify(src/jackal_nav2) by extension 'ros'
[0.336s] DEBUG:colcon.colcon_core.package_identification:Package 'src/jackal_nav2' with type 'ros.ament_cmake' and name 'jackal_nav2'
[0.336s] Level 1:colcon.colcon_core.package_identification:_identify(src/log) by extensions ['ignore', 'ignore_ament_install']
[0.336s] Level 1:colcon.colcon_core.package_identification:_identify(src/log) by extension 'ignore'
[0.336s] Level 1:colcon.colcon_core.package_identification:_identify(src/log) ignored
[0.336s] Level 1:colcon.colcon_core.package_identification:_identify(tf_debug_old) by extensions ['ignore', 'ignore_ament_install']
[0.336s] Level 1:colcon.colcon_core.package_identification:_identify(tf_debug_old) by extension 'ignore'
[0.336s] Level 1:colcon.colcon_core.package_identification:_identify(tf_debug_old) by extension 'ignore_ament_install'
[0.336s] Level 1:colcon.colcon_core.package_identification:_identify(tf_debug_old) by extensions ['colcon_pkg']
[0.336s] Level 1:colcon.colcon_core.package_identification:_identify(tf_debug_old) by extension 'colcon_pkg'
[0.337s] Level 1:colcon.colcon_core.package_identification:_identify(tf_debug_old) by extensions ['colcon_meta']
[0.337s] Level 1:colcon.colcon_core.package_identification:_identify(tf_debug_old) by extension 'colcon_meta'
[0.337s] Level 1:colcon.colcon_core.package_identification:_identify(tf_debug_old) by extensions ['ros']
[0.337s] Level 1:colcon.colcon_core.package_identification:_identify(tf_debug_old) by extension 'ros'
[0.337s] Level 1:colcon.colcon_core.package_identification:_identify(tf_debug_old) by extensions ['cmake', 'python']
[0.337s] Level 1:colcon.colcon_core.package_identification:_identify(tf_debug_old) by extension 'cmake'
[0.337s] Level 1:colcon.colcon_core.package_identification:_identify(tf_debug_old) by extension 'python'
[0.337s] Level 1:colcon.colcon_core.package_identification:_identify(tf_debug_old) by extensions ['python_setup_py']
[0.337s] Level 1:colcon.colcon_core.package_identification:_identify(tf_debug_old) by extension 'python_setup_py'
[0.337s] Level 1:colcon.colcon_core.package_discovery:discover_packages(recursive) using defaults
[0.337s] Level 1:colcon.colcon_core.package_discovery:discover_packages(ignore) discover
[0.337s] Level 1:colcon.colcon_core.package_discovery:discover_packages(ignore) using defaults
[0.337s] Level 1:colcon.colcon_core.package_discovery:discover_packages(path) discover
[0.337s] Level 1:colcon.colcon_core.package_discovery:discover_packages(path) using defaults
[0.365s] INFO:colcon.colcon_core.package_selection:Skipping not selected package 'jackal_nav2' in 'src/jackal_nav2'
[0.366s] Level 1:colcon.colcon_core.package_discovery:discover_packages(prefix_path) check parameters
[0.366s] Level 1:colcon.colcon_core.package_discovery:discover_packages(prefix_path) discover
[0.370s] DEBUG:colcon.colcon_installed_package_information.package_discovery:Found 2 installed packages in /home/robot/jackal_nav2_ws/install
[0.370s] DEBUG:colcon.colcon_installed_package_information.package_discovery:Found 1 installed packages in /home/robot/jackal_nav2_ws/src/install
[0.373s] DEBUG:colcon.colcon_installed_package_information.package_discovery:Found 523 installed packages in /opt/ros/jazzy
[0.376s] Level 1:colcon.colcon_core.package_discovery:discover_packages(prefix_path) using defaults
[0.470s] Level 5:colcon.colcon_core.verb:set package 'lio_sam' build argument 'cmake_args' from command line to 'None'
[0.470s] Level 5:colcon.colcon_core.verb:set package 'lio_sam' build argument 'cmake_target' from command line to 'None'
[0.471s] Level 5:colcon.colcon_core.verb:set package 'lio_sam' build argument 'cmake_target_skip_unavailable' from command line to 'False'
[0.471s] Level 5:colcon.colcon_core.verb:set package 'lio_sam' build argument 'cmake_clean_cache' from command line to 'False'
[0.471s] Level 5:colcon.colcon_core.verb:set package 'lio_sam' build argument 'cmake_clean_first' from command line to 'False'
[0.471s] Level 5:colcon.colcon_core.verb:set package 'lio_sam' build argument 'cmake_force_configure' from command line to 'False'
[0.471s] Level 5:colcon.colcon_core.verb:set package 'lio_sam' build argument 'ament_cmake_args' from command line to 'None'
[0.471s] Level 5:colcon.colcon_core.verb:set package 'lio_sam' build argument 'catkin_cmake_args' from command line to 'None'
[0.471s] Level 5:colcon.colcon_core.verb:set package 'lio_sam' build argument 'catkin_skip_building_tests' from command line to 'False'
[0.471s] DEBUG:colcon.colcon_core.verb:Building package 'lio_sam' with the following arguments: {'ament_cmake_args': None, 'build_base': '/home/robot/jackal_nav2_ws/build/lio_sam', 'catkin_cmake_args': None, 'catkin_skip_building_tests': False, 'cmake_args': None, 'cmake_clean_cache': False, 'cmake_clean_first': False, 'cmake_force_configure': False, 'cmake_target': None, 'cmake_target_skip_unavailable': False, 'install_base': '/home/robot/jackal_nav2_ws/install/lio_sam', 'merge_install': False, 'path': '/home/robot/jackal_nav2_ws/src/LIO-SAM', 'symlink_install': False, 'test_result_base': None}
[0.471s] INFO:colcon.colcon_core.executor:Executing jobs using 'parallel' executor
[0.472s] DEBUG:colcon.colcon_parallel_executor.executor.parallel:run_until_complete
[0.472s] INFO:colcon.colcon_ros.task.ament_cmake.build:Building ROS package in '/home/robot/jackal_nav2_ws/src/LIO-SAM' with build type 'ament_cmake'
[0.472s] INFO:colcon.colcon_cmake.task.cmake.build:Building CMake package in '/home/robot/jackal_nav2_ws/src/LIO-SAM'
[0.478s] INFO:colcon.colcon_core.plugin_system:Skipping extension 'colcon_core.shell.bat': Not used on non-Windows systems
[0.478s] INFO:colcon.colcon_core.shell:Skip shell extension 'powershell' for command environment: Not usable outside of PowerShell
[0.478s] DEBUG:colcon.colcon_core.shell:Skip shell extension 'dsv' for command environment
[0.489s] DEBUG:colcon.colcon_core.event_handler.log_command:Invoking command in '/home/robot/jackal_nav2_ws/build/lio_sam': CMAKE_PREFIX_PATH=${CMAKE_PREFIX_PATH}:/opt/ros/jazzy DEBUGINFOD_URLS=https://debuginfod.ubuntu.com /usr/bin/cmake --build /home/robot/jackal_nav2_ws/build/lio_sam -- -j8 -l8
[3.654s] DEBUG:colcon.colcon_core.event_handler.log_command:Invoked command in '/home/robot/jackal_nav2_ws/build/lio_sam' returned '0': CMAKE_PREFIX_PATH=${CMAKE_PREFIX_PATH}:/opt/ros/jazzy DEBUGINFOD_URLS=https://debuginfod.ubuntu.com /usr/bin/cmake --build /home/robot/jackal_nav2_ws/build/lio_sam -- -j8 -l8
[3.668s] DEBUG:colcon.colcon_core.event_handler.log_command:Invoking command in '/home/robot/jackal_nav2_ws/build/lio_sam': CMAKE_PREFIX_PATH=${CMAKE_PREFIX_PATH}:/opt/ros/jazzy DEBUGINFOD_URLS=https://debuginfod.ubuntu.com /usr/bin/cmake --install /home/robot/jackal_nav2_ws/build/lio_sam
[3.780s] Level 1:colcon.colcon_core.environment:create_environment_scripts_only(lio_sam)
[3.781s] DEBUG:colcon.colcon_core.event_handler.log_command:Invoked command in '/home/robot/jackal_nav2_ws/build/lio_sam' returned '0': CMAKE_PREFIX_PATH=${CMAKE_PREFIX_PATH}:/opt/ros/jazzy DEBUGINFOD_URLS=https://debuginfod.ubuntu.com /usr/bin/cmake --install /home/robot/jackal_nav2_ws/build/lio_sam
[3.787s] Level 1:colcon.colcon_core.environment:checking '/home/robot/jackal_nav2_ws/install/lio_sam' for CMake module files
[3.788s] Level 1:colcon.colcon_core.environment:checking '/home/robot/jackal_nav2_ws/install/lio_sam' for CMake config files
[3.788s] Level 1:colcon.colcon_core.shell:create_environment_hook('lio_sam', 'cmake_prefix_path')
[3.788s] INFO:colcon.colcon_core.shell:Creating environment hook '/home/robot/jackal_nav2_ws/install/lio_sam/share/lio_sam/hook/cmake_prefix_path.ps1'
[3.790s] INFO:colcon.colcon_core.shell:Creating environment descriptor '/home/robot/jackal_nav2_ws/install/lio_sam/share/lio_sam/hook/cmake_prefix_path.dsv'
[3.790s] INFO:colcon.colcon_core.shell:Creating environment hook '/home/robot/jackal_nav2_ws/install/lio_sam/share/lio_sam/hook/cmake_prefix_path.sh'
[3.791s] Level 1:colcon.colcon_core.environment:checking '/home/robot/jackal_nav2_ws/install/lio_sam/lib'
[3.792s] Level 1:colcon.colcon_core.shell:create_environment_hook('lio_sam', 'ld_library_path_lib')
[3.792s] INFO:colcon.colcon_core.shell:Creating environment hook '/home/robot/jackal_nav2_ws/install/lio_sam/share/lio_sam/hook/ld_library_path_lib.ps1'
[3.792s] INFO:colcon.colcon_core.shell:Creating environment descriptor '/home/robot/jackal_nav2_ws/install/lio_sam/share/lio_sam/hook/ld_library_path_lib.dsv'
[3.793s] INFO:colcon.colcon_core.shell:Creating environment hook '/home/robot/jackal_nav2_ws/install/lio_sam/share/lio_sam/hook/ld_library_path_lib.sh'
[3.793s] Level 1:colcon.colcon_core.environment:checking '/home/robot/jackal_nav2_ws/install/lio_sam/bin'
[3.793s] Level 1:colcon.colcon_core.environment:checking '/home/robot/jackal_nav2_ws/install/lio_sam/lib/pkgconfig/lio_sam.pc'
[3.794s] Level 1:colcon.colcon_core.environment:checking '/home/robot/jackal_nav2_ws/install/lio_sam/lib/python3.12/site-packages'
[3.794s] Level 1:colcon.colcon_core.shell:create_environment_hook('lio_sam', 'pythonpath')
[3.794s] INFO:colcon.colcon_core.shell:Creating environment hook '/home/robot/jackal_nav2_ws/install/lio_sam/share/lio_sam/hook/pythonpath.ps1'
[3.795s] INFO:colcon.colcon_core.shell:Creating environment descriptor '/home/robot/jackal_nav2_ws/install/lio_sam/share/lio_sam/hook/pythonpath.dsv'
[3.795s] INFO:colcon.colcon_core.shell:Creating environment hook '/home/robot/jackal_nav2_ws/install/lio_sam/share/lio_sam/hook/pythonpath.sh'
[3.796s] Level 1:colcon.colcon_core.environment:checking '/home/robot/jackal_nav2_ws/install/lio_sam/bin'
[3.796s] INFO:colcon.colcon_core.shell:Creating package script '/home/robot/jackal_nav2_ws/install/lio_sam/share/lio_sam/package.ps1'
[3.797s] INFO:colcon.colcon_core.shell:Creating package descriptor '/home/robot/jackal_nav2_ws/install/lio_sam/share/lio_sam/package.dsv'
[3.798s] INFO:colcon.colcon_core.shell:Creating package script '/home/robot/jackal_nav2_ws/install/lio_sam/share/lio_sam/package.sh'
[3.799s] INFO:colcon.colcon_core.shell:Creating package script '/home/robot/jackal_nav2_ws/install/lio_sam/share/lio_sam/package.bash'
[3.800s] INFO:colcon.colcon_core.shell:Creating package script '/home/robot/jackal_nav2_ws/install/lio_sam/share/lio_sam/package.zsh'
[3.802s] Level 1:colcon.colcon_core.environment:create_file_with_runtime_dependencies(/home/robot/jackal_nav2_ws/install/lio_sam/share/colcon-core/packages/lio_sam)
[3.802s] Level 1:colcon.colcon_core.environment:create_environment_scripts_only(lio_sam)
[3.802s] Level 1:colcon.colcon_core.environment:checking '/home/robot/jackal_nav2_ws/install/lio_sam' for CMake module files
[3.803s] Level 1:colcon.colcon_core.environment:checking '/home/robot/jackal_nav2_ws/install/lio_sam' for CMake config files
[3.804s] Level 1:colcon.colcon_core.shell:create_environment_hook('lio_sam', 'cmake_prefix_path')
[3.804s] INFO:colcon.colcon_core.shell:Creating environment hook '/home/robot/jackal_nav2_ws/install/lio_sam/share/lio_sam/hook/cmake_prefix_path.ps1'
[3.804s] INFO:colcon.colcon_core.shell:Creating environment descriptor '/home/robot/jackal_nav2_ws/install/lio_sam/share/lio_sam/hook/cmake_prefix_path.dsv'
[3.805s] INFO:colcon.colcon_core.shell:Creating environment hook '/home/robot/jackal_nav2_ws/install/lio_sam/share/lio_sam/hook/cmake_prefix_path.sh'
[3.806s] Level 1:colcon.colcon_core.environment:checking '/home/robot/jackal_nav2_ws/install/lio_sam/lib'
[3.806s] Level 1:colcon.colcon_core.shell:create_environment_hook('lio_sam', 'ld_library_path_lib')
[3.806s] INFO:colcon.colcon_core.shell:Creating environment hook '/home/robot/jackal_nav2_ws/install/lio_sam/share/lio_sam/hook/ld_library_path_lib.ps1'
[3.806s] INFO:colcon.colcon_core.shell:Creating environment descriptor '/home/robot/jackal_nav2_ws/install/lio_sam/share/lio_sam/hook/ld_library_path_lib.dsv'
[3.807s] INFO:colcon.colcon_core.shell:Creating environment hook '/home/robot/jackal_nav2_ws/install/lio_sam/share/lio_sam/hook/ld_library_path_lib.sh'
[3.807s] Level 1:colcon.colcon_core.environment:checking '/home/robot/jackal_nav2_ws/install/lio_sam/bin'
[3.807s] Level 1:colcon.colcon_core.environment:checking '/home/robot/jackal_nav2_ws/install/lio_sam/lib/pkgconfig/lio_sam.pc'
[3.807s] Level 1:colcon.colcon_core.environment:checking '/home/robot/jackal_nav2_ws/install/lio_sam/lib/python3.12/site-packages'
[3.807s] Level 1:colcon.colcon_core.shell:create_environment_hook('lio_sam', 'pythonpath')
[3.808s] INFO:colcon.colcon_core.shell:Creating environment hook '/home/robot/jackal_nav2_ws/install/lio_sam/share/lio_sam/hook/pythonpath.ps1'
[3.808s] INFO:colcon.colcon_core.shell:Creating environment descriptor '/home/robot/jackal_nav2_ws/install/lio_sam/share/lio_sam/hook/pythonpath.dsv'
[3.809s] INFO:colcon.colcon_core.shell:Creating environment hook '/home/robot/jackal_nav2_ws/install/lio_sam/share/lio_sam/hook/pythonpath.sh'
[3.809s] Level 1:colcon.colcon_core.environment:checking '/home/robot/jackal_nav2_ws/install/lio_sam/bin'
[3.810s] INFO:colcon.colcon_core.shell:Creating package script '/home/robot/jackal_nav2_ws/install/lio_sam/share/lio_sam/package.ps1'
[3.810s] INFO:colcon.colcon_core.shell:Creating package descriptor '/home/robot/jackal_nav2_ws/install/lio_sam/share/lio_sam/package.dsv'
[3.811s] INFO:colcon.colcon_core.shell:Creating package script '/home/robot/jackal_nav2_ws/install/lio_sam/share/lio_sam/package.sh'
[3.812s] INFO:colcon.colcon_core.shell:Creating package script '/home/robot/jackal_nav2_ws/install/lio_sam/share/lio_sam/package.bash'
[3.813s] INFO:colcon.colcon_core.shell:Creating package script '/home/robot/jackal_nav2_ws/install/lio_sam/share/lio_sam/package.zsh'
[3.813s] Level 1:colcon.colcon_core.environment:create_file_with_runtime_dependencies(/home/robot/jackal_nav2_ws/install/lio_sam/share/colcon-core/packages/lio_sam)
[3.814s] DEBUG:colcon.colcon_parallel_executor.executor.parallel:closing loop
[3.814s] DEBUG:colcon.colcon_parallel_executor.executor.parallel:loop closed
[3.814s] DEBUG:colcon.colcon_parallel_executor.executor.parallel:run_until_complete finished with '0'
[3.814s] DEBUG:colcon.colcon_core.event_reactor:joining thread
[3.823s] INFO:colcon.colcon_core.plugin_system:Skipping extension 'colcon_notification.desktop_notification.terminal_notifier': Not used on non-Darwin systems
[3.823s] INFO:colcon.colcon_core.plugin_system:Skipping extension 'colcon_notification.desktop_notification.win32': Not used on non-Windows systems
[3.824s] INFO:colcon.colcon_notification.desktop_notification:Sending desktop notification using 'notify2'
[3.825s] DEBUG:colcon.colcon_notification.desktop_notification.notify2:Failed to initialize notify2: org.freedesktop.DBus.Error.ServiceUnknown: The name org.freedesktop.Notifications was not provided by any .service files
[3.825s] DEBUG:colcon.colcon_core.event_reactor:joined thread
[3.825s] INFO:colcon.colcon_core.shell:Creating prefix script '/home/robot/jackal_nav2_ws/install/local_setup.ps1'
[3.826s] INFO:colcon.colcon_core.shell:Creating prefix util module '/home/robot/jackal_nav2_ws/install/_local_setup_util_ps1.py'
[3.828s] INFO:colcon.colcon_core.shell:Creating prefix chain script '/home/robot/jackal_nav2_ws/install/setup.ps1'
[3.829s] INFO:colcon.colcon_core.shell:Creating prefix script '/home/robot/jackal_nav2_ws/install/local_setup.sh'
[3.830s] INFO:colcon.colcon_core.shell:Creating prefix util module '/home/robot/jackal_nav2_ws/install/_local_setup_util_sh.py'
[3.831s] INFO:colcon.colcon_core.shell:Creating prefix chain script '/home/robot/jackal_nav2_ws/install/setup.sh'
[3.832s] INFO:colcon.colcon_core.shell:Creating prefix script '/home/robot/jackal_nav2_ws/install/local_setup.bash'
[3.833s] INFO:colcon.colcon_core.shell:Creating prefix chain script '/home/robot/jackal_nav2_ws/install/setup.bash'
[3.834s] INFO:colcon.colcon_core.shell:Creating prefix script '/home/robot/jackal_nav2_ws/install/local_setup.zsh'
[3.835s] INFO:colcon.colcon_core.shell:Creating prefix chain script '/home/robot/jackal_nav2_ws/install/setup.zsh'
