[0.013s] Invoking command in '/home/robot/jackal_nav2_ws/build/jackal_nav2': CMAKE_PREFIX_PATH=${CMAKE_PREFIX_PATH}:/opt/ros/jazzy DEBUGINFOD_URLS=https://debuginfod.ubuntu.com /usr/bin/cmake --build /home/robot/jackal_nav2_ws/build/jackal_nav2 -- -j8 -l8
[0.065s] Invoked command in '/home/robot/jackal_nav2_ws/build/jackal_nav2' returned '0': CMAKE_PREFIX_PATH=${CMAKE_PREFIX_PATH}:/opt/ros/jazzy DEBUGINFOD_URLS=https://debuginfod.ubuntu.com /usr/bin/cmake --build /home/robot/jackal_nav2_ws/build/jackal_nav2 -- -j8 -l8
[0.078s] Invoking command in '/home/robot/jackal_nav2_ws/build/jackal_nav2': CMAKE_PREFIX_PATH=${CMAKE_PREFIX_PATH}:/opt/ros/jazzy DEBUGINFOD_URLS=https://debuginfod.ubuntu.com /usr/bin/cmake --install /home/robot/jackal_nav2_ws/build/jackal_nav2
[0.095s] -- Install configuration: ""
[0.095s] -- Execute custom install script
[0.095s] -- Up-to-date symlink: /home/robot/jackal_nav2_ws/install/jackal_nav2/share/jackal_nav2/launch/bringup_launch.py
[0.095s] -- Up-to-date symlink: /home/robot/jackal_nav2_ws/install/jackal_nav2/share/jackal_nav2/launch/nav2_with_lio.launch.py
[0.095s] -- Up-to-date symlink: /home/robot/jackal_nav2_ws/install/jackal_nav2/share/jackal_nav2/launch/pointcloud_to_laserscan.launch.py
[0.095s] -- Symlinking: /home/robot/jackal_nav2_ws/install/jackal_nav2/share/jackal_nav2/launch/pointcloud_to_laserscan_3D_map.launch.py
[0.106s] -- Up-to-date symlink: /home/robot/jackal_nav2_ws/install/jackal_nav2/share/jackal_nav2/config/nav2_params.yaml
[0.106s] -- Up-to-date symlink: /home/robot/jackal_nav2_ws/install/jackal_nav2/share/jackal_nav2/config/nav2_params.yaml.backup
[0.107s] -- Symlinking: /home/robot/jackal_nav2_ws/install/jackal_nav2/share/jackal_nav2/config/nav2_params_localization.yaml
[0.116s] -- Symlinking: /home/robot/jackal_nav2_ws/install/jackal_nav2/share/jackal_nav2/config/nav2_params_slam.yaml
[0.127s] -- Up-to-date symlink: /home/robot/jackal_nav2_ws/install/jackal_nav2/share/ament_index/resource_index/package_run_dependencies/jackal_nav2
[0.127s] -- Up-to-date symlink: /home/robot/jackal_nav2_ws/install/jackal_nav2/share/ament_index/resource_index/parent_prefix_path/jackal_nav2
[0.127s] -- Up-to-date symlink: /home/robot/jackal_nav2_ws/install/jackal_nav2/share/jackal_nav2/environment/ament_prefix_path.sh
[0.127s] -- Up-to-date symlink: /home/robot/jackal_nav2_ws/install/jackal_nav2/share/jackal_nav2/environment/ament_prefix_path.dsv
[0.127s] -- Up-to-date symlink: /home/robot/jackal_nav2_ws/install/jackal_nav2/share/jackal_nav2/environment/path.sh
[0.128s] -- Up-to-date symlink: /home/robot/jackal_nav2_ws/install/jackal_nav2/share/jackal_nav2/environment/path.dsv
[0.128s] -- Up-to-date symlink: /home/robot/jackal_nav2_ws/install/jackal_nav2/share/jackal_nav2/local_setup.bash
[0.129s] -- Up-to-date symlink: /home/robot/jackal_nav2_ws/install/jackal_nav2/share/jackal_nav2/local_setup.sh
[0.129s] -- Up-to-date symlink: /home/robot/jackal_nav2_ws/install/jackal_nav2/share/jackal_nav2/local_setup.zsh
[0.129s] -- Up-to-date symlink: /home/robot/jackal_nav2_ws/install/jackal_nav2/share/jackal_nav2/local_setup.dsv
[0.129s] -- Symlinking: /home/robot/jackal_nav2_ws/install/jackal_nav2/share/jackal_nav2/package.dsv
[0.139s] -- Up-to-date symlink: /home/robot/jackal_nav2_ws/install/jackal_nav2/share/ament_index/resource_index/packages/jackal_nav2
[0.139s] -- Up-to-date symlink: /home/robot/jackal_nav2_ws/install/jackal_nav2/share/jackal_nav2/cmake/jackal_nav2Config.cmake
[0.139s] -- Up-to-date symlink: /home/robot/jackal_nav2_ws/install/jackal_nav2/share/jackal_nav2/cmake/jackal_nav2Config-version.cmake
[0.140s] -- Up-to-date symlink: /home/robot/jackal_nav2_ws/install/jackal_nav2/share/jackal_nav2/package.xml
[0.141s] Invoked command in '/home/robot/jackal_nav2_ws/build/jackal_nav2' returned '0': CMAKE_PREFIX_PATH=${CMAKE_PREFIX_PATH}:/opt/ros/jazzy DEBUGINFOD_URLS=https://debuginfod.ubuntu.com /usr/bin/cmake --install /home/robot/jackal_nav2_ws/build/jackal_nav2
