[0.013s] Invoking command in '/home/robot/jackal_nav2_ws/build/lio_sam': CMAKE_PREFIX_PATH=${CMAKE_PREFIX_PATH}:/opt/ros/jazzy DEBUGINFOD_URLS=https://debuginfod.ubuntu.com /usr/bin/cmake --build /home/robot/jackal_nav2_ws/build/lio_sam -- -j8 -l8
[0.084s] [  1%] Built target lio_sam__rosidl_generator_type_description
[0.098s] [  1%] Built target ament_cmake_python_symlink_lio_sam
[0.109s] [  5%] Built target lio_sam__cpp
[0.109s] [ 19%] Built target lio_sam__rosidl_generator_c
[0.146s] [ 26%] Built target lio_sam__rosidl_typesupport_c
[0.148s] [ 34%] Built target lio_sam__rosidl_typesupport_cpp
[0.149s] [ 42%] Built target lio_sam__rosidl_typesupport_fastrtps_cpp
[0.152s] [ 50%] Built target lio_sam__rosidl_typesupport_fastrtps_c
[0.159s] [ 57%] Built target lio_sam__rosidl_typesupport_introspection_cpp
[0.164s] [ 65%] Built target lio_sam__rosidl_typesupport_introspection_c
[0.202s] [ 65%] Built target lio_sam
[0.220s] [ 69%] Built target lio_sam_imageProjection
[0.226s] [ 73%] Built target lio_sam_featureExtraction
[0.230s] [ 76%] Built target lio_sam_imuPreintegration
[0.233s] [ 78%] Built target lio_sam__py
[0.236s] [ 82%] Built target lio_sam_mapOptimization
[0.265s] [ 88%] Built target lio_sam__rosidl_generator_py
[0.295s] [ 96%] Built target lio_sam_s__rosidl_typesupport_fastrtps_c
[0.295s] [ 96%] Built target lio_sam_s__rosidl_typesupport_introspection_c
[0.302s] [100%] Built target lio_sam_s__rosidl_typesupport_c
[0.451s] running egg_info
[0.486s] writing lio_sam.egg-info/PKG-INFO
[0.486s] writing dependency_links to lio_sam.egg-info/dependency_links.txt
[0.486s] writing top-level names to lio_sam.egg-info/top_level.txt
[0.585s] reading manifest file 'lio_sam.egg-info/SOURCES.txt'
[0.585s] writing manifest file 'lio_sam.egg-info/SOURCES.txt'
[0.614s] [100%] Built target ament_cmake_python_build_lio_sam_egg
[0.627s] Invoked command in '/home/robot/jackal_nav2_ws/build/lio_sam' returned '0': CMAKE_PREFIX_PATH=${CMAKE_PREFIX_PATH}:/opt/ros/jazzy DEBUGINFOD_URLS=https://debuginfod.ubuntu.com /usr/bin/cmake --build /home/robot/jackal_nav2_ws/build/lio_sam -- -j8 -l8
[0.628s] Invoking command in '/home/robot/jackal_nav2_ws/build/lio_sam': CMAKE_PREFIX_PATH=${CMAKE_PREFIX_PATH}:/opt/ros/jazzy DEBUGINFOD_URLS=https://debuginfod.ubuntu.com /usr/bin/cmake --install /home/robot/jackal_nav2_ws/build/lio_sam
[0.639s] -- Install configuration: "Release"
[0.639s] -- Execute custom install script
[0.639s] -- Up-to-date symlink: /home/robot/jackal_nav2_ws/install/lio_sam/share/ament_index/resource_index/rosidl_interfaces/lio_sam
[0.639s] -- Up-to-date symlink: /home/robot/jackal_nav2_ws/install/lio_sam/share/lio_sam/msg/CloudInfo.json
[0.640s] -- Up-to-date symlink: /home/robot/jackal_nav2_ws/install/lio_sam/share/lio_sam/srv/SaveMap.json
[0.640s] -- Up-to-date symlink: /home/robot/jackal_nav2_ws/install/lio_sam/include/lio_sam/lio_sam/msg/cloud_info.h
[0.641s] -- Up-to-date symlink: /home/robot/jackal_nav2_ws/install/lio_sam/include/lio_sam/lio_sam/msg/detail/cloud_info__functions.h
[0.641s] -- Up-to-date symlink: /home/robot/jackal_nav2_ws/install/lio_sam/include/lio_sam/lio_sam/msg/detail/cloud_info__struct.h
[0.642s] -- Up-to-date symlink: /home/robot/jackal_nav2_ws/install/lio_sam/include/lio_sam/lio_sam/msg/detail/cloud_info__type_support.h
[0.642s] -- Up-to-date symlink: /home/robot/jackal_nav2_ws/install/lio_sam/include/lio_sam/lio_sam/msg/rosidl_generator_c__visibility_control.h
[0.642s] -- Up-to-date symlink: /home/robot/jackal_nav2_ws/install/lio_sam/include/lio_sam/lio_sam/srv/detail/save_map__functions.h
[0.642s] -- Up-to-date symlink: /home/robot/jackal_nav2_ws/install/lio_sam/include/lio_sam/lio_sam/srv/detail/save_map__struct.h
[0.642s] -- Up-to-date symlink: /home/robot/jackal_nav2_ws/install/lio_sam/include/lio_sam/lio_sam/srv/detail/save_map__type_support.h
[0.642s] -- Up-to-date symlink: /home/robot/jackal_nav2_ws/install/lio_sam/include/lio_sam/lio_sam/srv/save_map.h
[0.642s] -- Up-to-date symlink: /home/robot/jackal_nav2_ws/install/lio_sam/share/lio_sam/environment/library_path.sh
[0.643s] -- Up-to-date symlink: /home/robot/jackal_nav2_ws/install/lio_sam/share/lio_sam/environment/library_path.dsv
[0.643s] -- Up-to-date symlink: /home/robot/jackal_nav2_ws/install/lio_sam/include/lio_sam/lio_sam/msg/detail/cloud_info__rosidl_typesupport_fastrtps_c.h
[0.643s] -- Up-to-date symlink: /home/robot/jackal_nav2_ws/install/lio_sam/include/lio_sam/lio_sam/msg/rosidl_typesupport_fastrtps_c__visibility_control.h
[0.643s] -- Up-to-date symlink: /home/robot/jackal_nav2_ws/install/lio_sam/include/lio_sam/lio_sam/srv/detail/save_map__rosidl_typesupport_fastrtps_c.h
[0.643s] -- Up-to-date symlink: /home/robot/jackal_nav2_ws/install/lio_sam/include/lio_sam/lio_sam/msg/detail/cloud_info__rosidl_typesupport_introspection_c.h
[0.643s] -- Up-to-date symlink: /home/robot/jackal_nav2_ws/install/lio_sam/include/lio_sam/lio_sam/msg/rosidl_typesupport_introspection_c__visibility_control.h
[0.646s] -- Up-to-date symlink: /home/robot/jackal_nav2_ws/install/lio_sam/include/lio_sam/lio_sam/srv/detail/save_map__rosidl_typesupport_introspection_c.h
[0.647s] -- Up-to-date symlink: /home/robot/jackal_nav2_ws/install/lio_sam/include/lio_sam/lio_sam/msg/cloud_info.hpp
[0.647s] -- Up-to-date symlink: /home/robot/jackal_nav2_ws/install/lio_sam/include/lio_sam/lio_sam/msg/detail/cloud_info__builder.hpp
[0.648s] -- Up-to-date symlink: /home/robot/jackal_nav2_ws/install/lio_sam/include/lio_sam/lio_sam/msg/detail/cloud_info__struct.hpp
[0.648s] -- Up-to-date symlink: /home/robot/jackal_nav2_ws/install/lio_sam/include/lio_sam/lio_sam/msg/detail/cloud_info__traits.hpp
[0.648s] -- Up-to-date symlink: /home/robot/jackal_nav2_ws/install/lio_sam/include/lio_sam/lio_sam/msg/detail/cloud_info__type_support.hpp
[0.648s] -- Up-to-date symlink: /home/robot/jackal_nav2_ws/install/lio_sam/include/lio_sam/lio_sam/msg/rosidl_generator_cpp__visibility_control.hpp
[0.648s] -- Up-to-date symlink: /home/robot/jackal_nav2_ws/install/lio_sam/include/lio_sam/lio_sam/srv/detail/save_map__builder.hpp
[0.649s] -- Up-to-date symlink: /home/robot/jackal_nav2_ws/install/lio_sam/include/lio_sam/lio_sam/srv/detail/save_map__struct.hpp
[0.649s] -- Up-to-date symlink: /home/robot/jackal_nav2_ws/install/lio_sam/include/lio_sam/lio_sam/srv/detail/save_map__traits.hpp
[0.649s] -- Up-to-date symlink: /home/robot/jackal_nav2_ws/install/lio_sam/include/lio_sam/lio_sam/srv/detail/save_map__type_support.hpp
[0.649s] -- Up-to-date symlink: /home/robot/jackal_nav2_ws/install/lio_sam/include/lio_sam/lio_sam/srv/save_map.hpp
[0.650s] -- Up-to-date symlink: /home/robot/jackal_nav2_ws/install/lio_sam/include/lio_sam/lio_sam/msg/detail/cloud_info__rosidl_typesupport_fastrtps_cpp.hpp
[0.650s] -- Up-to-date symlink: /home/robot/jackal_nav2_ws/install/lio_sam/include/lio_sam/lio_sam/msg/rosidl_typesupport_fastrtps_cpp__visibility_control.h
[0.650s] -- Up-to-date symlink: /home/robot/jackal_nav2_ws/install/lio_sam/include/lio_sam/lio_sam/srv/detail/save_map__rosidl_typesupport_fastrtps_cpp.hpp
[0.650s] -- Up-to-date symlink: /home/robot/jackal_nav2_ws/install/lio_sam/include/lio_sam/lio_sam/msg/detail/cloud_info__rosidl_typesupport_introspection_cpp.hpp
[0.650s] -- Up-to-date symlink: /home/robot/jackal_nav2_ws/install/lio_sam/include/lio_sam/lio_sam/srv/detail/save_map__rosidl_typesupport_introspection_cpp.hpp
[0.650s] -- Up-to-date symlink: /home/robot/jackal_nav2_ws/install/lio_sam/share/lio_sam/environment/pythonpath.sh
[0.650s] -- Up-to-date symlink: /home/robot/jackal_nav2_ws/install/lio_sam/share/lio_sam/environment/pythonpath.dsv
[0.650s] -- Up-to-date symlink: /home/robot/jackal_nav2_ws/install/lio_sam/lib/python3.12/site-packages/lio_sam-1.0.0-py3.12.egg-info/PKG-INFO
[0.650s] -- Up-to-date symlink: /home/robot/jackal_nav2_ws/install/lio_sam/lib/python3.12/site-packages/lio_sam-1.0.0-py3.12.egg-info/SOURCES.txt
[0.650s] -- Up-to-date symlink: /home/robot/jackal_nav2_ws/install/lio_sam/lib/python3.12/site-packages/lio_sam-1.0.0-py3.12.egg-info/dependency_links.txt
[0.651s] -- Up-to-date symlink: /home/robot/jackal_nav2_ws/install/lio_sam/lib/python3.12/site-packages/lio_sam-1.0.0-py3.12.egg-info/top_level.txt
[0.651s] -- Up-to-date symlink: /home/robot/jackal_nav2_ws/install/lio_sam/lib/python3.12/site-packages/lio_sam/__init__.py
[0.651s] -- Up-to-date symlink: /home/robot/jackal_nav2_ws/install/lio_sam/lib/python3.12/site-packages/lio_sam/_lio_sam_s.ep.rosidl_typesupport_c.c
[0.651s] -- Up-to-date symlink: /home/robot/jackal_nav2_ws/install/lio_sam/lib/python3.12/site-packages/lio_sam/_lio_sam_s.ep.rosidl_typesupport_fastrtps_c.c
[0.651s] -- Up-to-date symlink: /home/robot/jackal_nav2_ws/install/lio_sam/lib/python3.12/site-packages/lio_sam/_lio_sam_s.ep.rosidl_typesupport_introspection_c.c
[0.651s] -- Up-to-date symlink: /home/robot/jackal_nav2_ws/install/lio_sam/lib/python3.12/site-packages/lio_sam/lio_sam_s__rosidl_typesupport_c.so
[0.651s] -- Up-to-date symlink: /home/robot/jackal_nav2_ws/install/lio_sam/lib/python3.12/site-packages/lio_sam/lio_sam_s__rosidl_typesupport_fastrtps_c.so
[0.651s] -- Up-to-date symlink: /home/robot/jackal_nav2_ws/install/lio_sam/lib/python3.12/site-packages/lio_sam/lio_sam_s__rosidl_typesupport_introspection_c.so
[0.651s] -- Up-to-date symlink: /home/robot/jackal_nav2_ws/install/lio_sam/lib/python3.12/site-packages/lio_sam/msg/__init__.py
[0.651s] -- Up-to-date symlink: /home/robot/jackal_nav2_ws/install/lio_sam/lib/python3.12/site-packages/lio_sam/msg/_cloud_info.py
[0.651s] -- Up-to-date symlink: /home/robot/jackal_nav2_ws/install/lio_sam/lib/python3.12/site-packages/lio_sam/msg/_cloud_info_s.c
[0.652s] -- Up-to-date symlink: /home/robot/jackal_nav2_ws/install/lio_sam/lib/python3.12/site-packages/lio_sam/srv/__init__.py
[0.652s] -- Up-to-date symlink: /home/robot/jackal_nav2_ws/install/lio_sam/lib/python3.12/site-packages/lio_sam/srv/_save_map.py
[0.652s] -- Up-to-date symlink: /home/robot/jackal_nav2_ws/install/lio_sam/lib/python3.12/site-packages/lio_sam/srv/_save_map_s.c
[0.652s] -- Up-to-date symlink: /home/robot/jackal_nav2_ws/install/lio_sam/lib/python3.12/site-packages/lio_sam/lio_sam_s__rosidl_typesupport_fastrtps_c.so
[0.652s] -- Up-to-date symlink: /home/robot/jackal_nav2_ws/install/lio_sam/lib/python3.12/site-packages/lio_sam/lio_sam_s__rosidl_typesupport_introspection_c.so
[0.652s] -- Up-to-date symlink: /home/robot/jackal_nav2_ws/install/lio_sam/lib/python3.12/site-packages/lio_sam/lio_sam_s__rosidl_typesupport_c.so
[0.652s] -- Up-to-date symlink: /home/robot/jackal_nav2_ws/install/lio_sam/share/lio_sam/msg/CloudInfo.idl
[0.652s] -- Up-to-date symlink: /home/robot/jackal_nav2_ws/install/lio_sam/share/lio_sam/srv/SaveMap.idl
[0.652s] -- Up-to-date symlink: /home/robot/jackal_nav2_ws/install/lio_sam/share/lio_sam/msg/CloudInfo.msg
[0.652s] -- Up-to-date symlink: /home/robot/jackal_nav2_ws/install/lio_sam/share/lio_sam/srv/SaveMap.srv
[0.652s] -- Up-to-date symlink: /home/robot/jackal_nav2_ws/install/lio_sam/share/lio_sam//launch/lio_map_projection.launch.py
[0.652s] -- Up-to-date symlink: /home/robot/jackal_nav2_ws/install/lio_sam/share/lio_sam//launch/run.launch.py
[0.653s] [33mCMake Warning (dev) at ament_cmake_symlink_install/ament_cmake_symlink_install.cmake:62 (file):
[0.653s]   Policy CMP0009 is not set: FILE GLOB_RECURSE calls should not follow
[0.653s]   symlinks by default.  Run "cmake --help-policy CMP0009" for policy details.
[0.653s]   Use the cmake_policy command to set the policy and suppress this warning.
[0.653s] Call Stack (most recent call first):
[0.653s]   ament_cmake_symlink_install/ament_cmake_symlink_install.cmake:383 (ament_cmake_symlink_install_directory)
[0.653s]   cmake_install.cmake:46 (include)
[0.653s] This warning is for project developers.  Use -Wno-dev to suppress it.
[0.654s] [0m
[0.654s] -- Up-to-date symlink: /home/robot/jackal_nav2_ws/install/lio_sam/share/lio_sam//config/build/.built_by
[0.654s] -- Up-to-date symlink: /home/robot/jackal_nav2_ws/install/lio_sam/share/lio_sam//config/build/COLCON_IGNORE
[0.654s] -- Up-to-date symlink: /home/robot/jackal_nav2_ws/install/lio_sam/share/lio_sam//config/doc/demo.gif
[0.655s] -- Up-to-date symlink: /home/robot/jackal_nav2_ws/install/lio_sam/share/lio_sam//config/doc/device-boat.png
[0.655s] -- Up-to-date symlink: /home/robot/jackal_nav2_ws/install/lio_sam/share/lio_sam//config/doc/device-hand-2.png
[0.655s] -- Up-to-date symlink: /home/robot/jackal_nav2_ws/install/lio_sam/share/lio_sam//config/doc/device-hand.png
[0.655s] -- Up-to-date symlink: /home/robot/jackal_nav2_ws/install/lio_sam/share/lio_sam//config/doc/device-jackal.png
[0.655s] -- Up-to-date symlink: /home/robot/jackal_nav2_ws/install/lio_sam/share/lio_sam//config/doc/gps-demo.gif
[0.655s] -- Up-to-date symlink: /home/robot/jackal_nav2_ws/install/lio_sam/share/lio_sam//config/doc/imu-debug.gif
[0.655s] -- Up-to-date symlink: /home/robot/jackal_nav2_ws/install/lio_sam/share/lio_sam//config/doc/imu-transform.png
[0.655s] -- Up-to-date symlink: /home/robot/jackal_nav2_ws/install/lio_sam/share/lio_sam//config/doc/kitti-demo.gif
[0.655s] -- Up-to-date symlink: /home/robot/jackal_nav2_ws/install/lio_sam/share/lio_sam//config/doc/kitti-map.png
[0.655s] -- Up-to-date symlink: /home/robot/jackal_nav2_ws/install/lio_sam/share/lio_sam//config/doc/kitti2bag/README.md
[0.656s] -- Up-to-date symlink: /home/robot/jackal_nav2_ws/install/lio_sam/share/lio_sam//config/doc/kitti2bag/kitti2bag.py
[0.656s] -- Up-to-date symlink: /home/robot/jackal_nav2_ws/install/lio_sam/share/lio_sam//config/doc/loop-closure-2.gif
[0.656s] -- Up-to-date symlink: /home/robot/jackal_nav2_ws/install/lio_sam/share/lio_sam//config/doc/loop-closure.gif
[0.656s] -- Up-to-date symlink: /home/robot/jackal_nav2_ws/install/lio_sam/share/lio_sam//config/doc/ouster-demo.gif
[0.656s] -- Up-to-date symlink: /home/robot/jackal_nav2_ws/install/lio_sam/share/lio_sam//config/doc/ouster-device.jpg
[0.656s] -- Up-to-date symlink: /home/robot/jackal_nav2_ws/install/lio_sam/share/lio_sam//config/doc/paper.pdf
[0.656s] -- Up-to-date symlink: /home/robot/jackal_nav2_ws/install/lio_sam/share/lio_sam//config/doc/system.png
[0.656s] -- Up-to-date symlink: /home/robot/jackal_nav2_ws/install/lio_sam/share/lio_sam//config/install/.colcon_install_layout
[0.656s] -- Up-to-date symlink: /home/robot/jackal_nav2_ws/install/lio_sam/share/lio_sam//config/install/COLCON_IGNORE
[0.656s] -- Up-to-date symlink: /home/robot/jackal_nav2_ws/install/lio_sam/share/lio_sam//config/install/_local_setup_util_ps1.py
[0.656s] -- Up-to-date symlink: /home/robot/jackal_nav2_ws/install/lio_sam/share/lio_sam//config/install/_local_setup_util_sh.py
[0.657s] -- Up-to-date symlink: /home/robot/jackal_nav2_ws/install/lio_sam/share/lio_sam//config/install/local_setup.bash
[0.657s] -- Up-to-date symlink: /home/robot/jackal_nav2_ws/install/lio_sam/share/lio_sam//config/install/local_setup.ps1
[0.657s] -- Up-to-date symlink: /home/robot/jackal_nav2_ws/install/lio_sam/share/lio_sam//config/install/local_setup.sh
[0.657s] -- Up-to-date symlink: /home/robot/jackal_nav2_ws/install/lio_sam/share/lio_sam//config/install/local_setup.zsh
[0.657s] -- Up-to-date symlink: /home/robot/jackal_nav2_ws/install/lio_sam/share/lio_sam//config/install/setup.bash
[0.657s] -- Up-to-date symlink: /home/robot/jackal_nav2_ws/install/lio_sam/share/lio_sam//config/install/setup.ps1
[0.657s] -- Up-to-date symlink: /home/robot/jackal_nav2_ws/install/lio_sam/share/lio_sam//config/install/setup.sh
[0.657s] -- Up-to-date symlink: /home/robot/jackal_nav2_ws/install/lio_sam/share/lio_sam//config/install/setup.zsh
[0.657s] -- Up-to-date symlink: /home/robot/jackal_nav2_ws/install/lio_sam/share/lio_sam//config/log/COLCON_IGNORE
[0.657s] -- Up-to-date symlink: /home/robot/jackal_nav2_ws/install/lio_sam/share/lio_sam//config/log/build_2025-10-31_17-14-19/events.log
[0.657s] -- Up-to-date symlink: /home/robot/jackal_nav2_ws/install/lio_sam/share/lio_sam//config/log/build_2025-10-31_17-14-19/logger_all.log
[0.658s] -- Up-to-date symlink: /home/robot/jackal_nav2_ws/install/lio_sam/share/lio_sam//config/log/build_2025-10-31_18-34-24/events.log
[0.658s] -- Up-to-date symlink: /home/robot/jackal_nav2_ws/install/lio_sam/share/lio_sam//config/log/build_2025-10-31_18-34-24/logger_all.log
[0.658s] -- Up-to-date symlink: /home/robot/jackal_nav2_ws/install/lio_sam/share/lio_sam//config/log/latest/events.log
[0.658s] -- Up-to-date symlink: /home/robot/jackal_nav2_ws/install/lio_sam/share/lio_sam//config/log/latest/logger_all.log
[0.658s] -- Up-to-date symlink: /home/robot/jackal_nav2_ws/install/lio_sam/share/lio_sam//config/log/latest_build/events.log
[0.658s] -- Up-to-date symlink: /home/robot/jackal_nav2_ws/install/lio_sam/share/lio_sam//config/log/latest_build/logger_all.log
[0.658s] -- Up-to-date symlink: /home/robot/jackal_nav2_ws/install/lio_sam/share/lio_sam//config/params.yaml
[0.658s] -- Up-to-date symlink: /home/robot/jackal_nav2_ws/install/lio_sam/share/lio_sam//config/robot.urdf.xacro
[0.658s] -- Up-to-date symlink: /home/robot/jackal_nav2_ws/install/lio_sam/share/lio_sam//config/rviz2.rviz
[0.658s] -- Up-to-date symlink: /home/robot/jackal_nav2_ws/install/lio_sam/lib/lio_sam/lio_sam_imageProjection
[0.658s] -- Up-to-date symlink: /home/robot/jackal_nav2_ws/install/lio_sam/lib/lio_sam/lio_sam_imuPreintegration
[0.659s] -- Up-to-date symlink: /home/robot/jackal_nav2_ws/install/lio_sam/lib/lio_sam/lio_sam_featureExtraction
[0.659s] -- Up-to-date symlink: /home/robot/jackal_nav2_ws/install/lio_sam/lib/lio_sam/lio_sam_mapOptimization
[0.659s] -- Up-to-date symlink: /home/robot/jackal_nav2_ws/install/lio_sam/include/lio_sam/utility.hpp
[0.660s] -- Up-to-date symlink: /home/robot/jackal_nav2_ws/install/lio_sam/share/ament_index/resource_index/package_run_dependencies/lio_sam
[0.660s] -- Up-to-date symlink: /home/robot/jackal_nav2_ws/install/lio_sam/share/ament_index/resource_index/parent_prefix_path/lio_sam
[0.660s] -- Up-to-date symlink: /home/robot/jackal_nav2_ws/install/lio_sam/share/lio_sam/environment/ament_prefix_path.sh
[0.660s] -- Up-to-date symlink: /home/robot/jackal_nav2_ws/install/lio_sam/share/lio_sam/environment/ament_prefix_path.dsv
[0.660s] -- Up-to-date symlink: /home/robot/jackal_nav2_ws/install/lio_sam/share/lio_sam/environment/path.sh
[0.660s] -- Up-to-date symlink: /home/robot/jackal_nav2_ws/install/lio_sam/share/lio_sam/environment/path.dsv
[0.661s] -- Up-to-date symlink: /home/robot/jackal_nav2_ws/install/lio_sam/share/lio_sam/local_setup.bash
[0.661s] -- Up-to-date symlink: /home/robot/jackal_nav2_ws/install/lio_sam/share/lio_sam/local_setup.sh
[0.661s] -- Up-to-date symlink: /home/robot/jackal_nav2_ws/install/lio_sam/share/lio_sam/local_setup.zsh
[0.662s] -- Up-to-date symlink: /home/robot/jackal_nav2_ws/install/lio_sam/share/lio_sam/local_setup.dsv
[0.662s] -- Symlinking: /home/robot/jackal_nav2_ws/install/lio_sam/share/lio_sam/package.dsv
[0.674s] -- Up-to-date symlink: /home/robot/jackal_nav2_ws/install/lio_sam/share/ament_index/resource_index/packages/lio_sam
[0.675s] -- Up-to-date symlink: /home/robot/jackal_nav2_ws/install/lio_sam/share/lio_sam/cmake/rosidl_cmake-extras.cmake
[0.675s] -- Up-to-date symlink: /home/robot/jackal_nav2_ws/install/lio_sam/share/lio_sam/cmake/ament_cmake_export_dependencies-extras.cmake
[0.675s] -- Up-to-date symlink: /home/robot/jackal_nav2_ws/install/lio_sam/share/lio_sam/cmake/ament_cmake_export_include_directories-extras.cmake
[0.675s] -- Up-to-date symlink: /home/robot/jackal_nav2_ws/install/lio_sam/share/lio_sam/cmake/ament_cmake_export_libraries-extras.cmake
[0.675s] -- Up-to-date symlink: /home/robot/jackal_nav2_ws/install/lio_sam/share/lio_sam/cmake/ament_cmake_export_targets-extras.cmake
[0.675s] -- Up-to-date symlink: /home/robot/jackal_nav2_ws/install/lio_sam/share/lio_sam/cmake/rosidl_cmake_export_typesupport_targets-extras.cmake
[0.675s] -- Up-to-date symlink: /home/robot/jackal_nav2_ws/install/lio_sam/share/lio_sam/cmake/rosidl_cmake_export_typesupport_libraries-extras.cmake
[0.676s] -- Up-to-date symlink: /home/robot/jackal_nav2_ws/install/lio_sam/share/lio_sam/cmake/lio_samConfig.cmake
[0.676s] -- Up-to-date symlink: /home/robot/jackal_nav2_ws/install/lio_sam/share/lio_sam/cmake/lio_samConfig-version.cmake
[0.676s] -- Up-to-date symlink: /home/robot/jackal_nav2_ws/install/lio_sam/share/lio_sam/package.xml
[0.676s] -- Up-to-date: /home/robot/jackal_nav2_ws/install/lio_sam/lib/liblio_sam__rosidl_generator_c.so
[0.676s] -- Up-to-date: /home/robot/jackal_nav2_ws/install/lio_sam/lib/liblio_sam__rosidl_typesupport_fastrtps_c.so
[0.676s] -- Up-to-date: /home/robot/jackal_nav2_ws/install/lio_sam/lib/liblio_sam__rosidl_typesupport_introspection_c.so
[0.677s] -- Up-to-date: /home/robot/jackal_nav2_ws/install/lio_sam/lib/liblio_sam__rosidl_typesupport_c.so
[0.677s] -- Up-to-date: /home/robot/jackal_nav2_ws/install/lio_sam/lib/liblio_sam__rosidl_typesupport_fastrtps_cpp.so
[0.677s] -- Up-to-date: /home/robot/jackal_nav2_ws/install/lio_sam/lib/liblio_sam__rosidl_typesupport_introspection_cpp.so
[0.677s] -- Up-to-date: /home/robot/jackal_nav2_ws/install/lio_sam/lib/liblio_sam__rosidl_typesupport_cpp.so
[0.726s] Listing '/home/robot/jackal_nav2_ws/install/lio_sam/lib/python3.12/site-packages/lio_sam'...
[0.726s] Listing '/home/robot/jackal_nav2_ws/install/lio_sam/lib/python3.12/site-packages/lio_sam/msg'...
[0.726s] Listing '/home/robot/jackal_nav2_ws/install/lio_sam/lib/python3.12/site-packages/lio_sam/srv'...
[0.732s] -- Up-to-date: /home/robot/jackal_nav2_ws/install/lio_sam/lib/liblio_sam__rosidl_generator_py.so
[0.733s] -- Up-to-date: /home/robot/jackal_nav2_ws/install/lio_sam/share/lio_sam/cmake/export_lio_sam__rosidl_generator_cExport.cmake
[0.733s] -- Up-to-date: /home/robot/jackal_nav2_ws/install/lio_sam/share/lio_sam/cmake/export_lio_sam__rosidl_generator_cExport-release.cmake
[0.734s] -- Up-to-date: /home/robot/jackal_nav2_ws/install/lio_sam/share/lio_sam/cmake/export_lio_sam__rosidl_typesupport_fastrtps_cExport.cmake
[0.734s] -- Up-to-date: /home/robot/jackal_nav2_ws/install/lio_sam/share/lio_sam/cmake/export_lio_sam__rosidl_typesupport_fastrtps_cExport-release.cmake
[0.734s] -- Up-to-date: /home/robot/jackal_nav2_ws/install/lio_sam/share/lio_sam/cmake/lio_sam__rosidl_typesupport_introspection_cExport.cmake
[0.734s] -- Up-to-date: /home/robot/jackal_nav2_ws/install/lio_sam/share/lio_sam/cmake/lio_sam__rosidl_typesupport_introspection_cExport-release.cmake
[0.734s] -- Up-to-date: /home/robot/jackal_nav2_ws/install/lio_sam/share/lio_sam/cmake/lio_sam__rosidl_typesupport_cExport.cmake
[0.734s] -- Up-to-date: /home/robot/jackal_nav2_ws/install/lio_sam/share/lio_sam/cmake/lio_sam__rosidl_typesupport_cExport-release.cmake
[0.734s] -- Up-to-date: /home/robot/jackal_nav2_ws/install/lio_sam/share/lio_sam/cmake/export_lio_sam__rosidl_generator_cppExport.cmake
[0.734s] -- Up-to-date: /home/robot/jackal_nav2_ws/install/lio_sam/share/lio_sam/cmake/export_lio_sam__rosidl_typesupport_fastrtps_cppExport.cmake
[0.734s] -- Up-to-date: /home/robot/jackal_nav2_ws/install/lio_sam/share/lio_sam/cmake/export_lio_sam__rosidl_typesupport_fastrtps_cppExport-release.cmake
[0.735s] -- Up-to-date: /home/robot/jackal_nav2_ws/install/lio_sam/share/lio_sam/cmake/lio_sam__rosidl_typesupport_introspection_cppExport.cmake
[0.735s] -- Up-to-date: /home/robot/jackal_nav2_ws/install/lio_sam/share/lio_sam/cmake/lio_sam__rosidl_typesupport_introspection_cppExport-release.cmake
[0.735s] -- Up-to-date: /home/robot/jackal_nav2_ws/install/lio_sam/share/lio_sam/cmake/lio_sam__rosidl_typesupport_cppExport.cmake
[0.735s] -- Up-to-date: /home/robot/jackal_nav2_ws/install/lio_sam/share/lio_sam/cmake/lio_sam__rosidl_typesupport_cppExport-release.cmake
[0.735s] -- Up-to-date: /home/robot/jackal_nav2_ws/install/lio_sam/share/lio_sam/cmake/export_lio_sam__rosidl_generator_pyExport.cmake
[0.735s] -- Up-to-date: /home/robot/jackal_nav2_ws/install/lio_sam/share/lio_sam/cmake/export_lio_sam__rosidl_generator_pyExport-release.cmake
[0.736s] Invoked command in '/home/robot/jackal_nav2_ws/build/lio_sam' returned '0': CMAKE_PREFIX_PATH=${CMAKE_PREFIX_PATH}:/opt/ros/jazzy DEBUGINFOD_URLS=https://debuginfod.ubuntu.com /usr/bin/cmake --install /home/robot/jackal_nav2_ws/build/lio_sam
