[0.154s] DEBUG:colcon:Command line arguments: ['/usr/bin/colcon', 'build', '--packages-select', 'lio_sam']
[0.154s] DEBUG:colcon:Parsed command line arguments: Namespace(log_base=None, log_level=None, verb_name='build', build_base='build', install_base='install', merge_install=False, symlink_install=False, test_result_base=None, continue_on_error=False, executor='parallel', parallel_workers=8, event_handlers=None, ignore_user_meta=False, metas=['./colcon.meta'], base_paths=['.'], packages_ignore=None, packages_ignore_regex=None, paths=None, packages_up_to=None, packages_up_to_regex=None, packages_above=None, packages_above_and_dependencies=None, packages_above_depth=None, packages_select_by_dep=None, packages_skip_by_dep=None, packages_skip_up_to=None, packages_select_build_failed=False, packages_skip_build_finished=False, packages_select_test_failures=False, packages_skip_test_passed=False, packages_select=['lio_sam'], packages_skip=None, packages_select_regex=None, packages_skip_regex=None, packages_start=None, packages_end=None, allow_overriding=[], cmake_args=None, cmake_target=None, cmake_target_skip_unavailable=False, cmake_clean_cache=False, cmake_clean_first=False, cmake_force_configure=False, ament_cmake_args=None, catkin_cmake_args=None, catkin_skip_building_tests=False, mixin_files=None, mixin=None, verb_parser=<colcon_mixin.mixin.mixin_argument.MixinArgumentDecorator object at 0x7ba98feaeff0>, verb_extension=<colcon_core.verb.build.BuildVerb object at 0x7ba98feaed50>, main=<bound method BuildVerb.main of <colcon_core.verb.build.BuildVerb object at 0x7ba98feaed50>>, mixin_verb=('build',))
[0.202s] Level 1:colcon.colcon_core.package_discovery:discover_packages(colcon_meta) check parameters
[0.202s] Level 1:colcon.colcon_core.package_discovery:discover_packages(recursive) check parameters
[0.203s] Level 1:colcon.colcon_core.package_discovery:discover_packages(ignore) check parameters
[0.203s] Level 1:colcon.colcon_core.package_discovery:discover_packages(path) check parameters
[0.203s] Level 1:colcon.colcon_core.package_discovery:discover_packages(colcon_meta) discover
[0.203s] Level 1:colcon.colcon_core.package_discovery:discover_packages(recursive) discover
[0.203s] INFO:colcon.colcon_core.package_discovery:Crawling recursively for packages in '/home/robot/jackal_nav2_ws'
[0.203s] Level 1:colcon.colcon_core.package_identification:_identify(.) by extensions ['ignore', 'ignore_ament_install']
[0.203s] Level 1:colcon.colcon_core.package_identification:_identify(.) by extension 'ignore'
[0.204s] Level 1:colcon.colcon_core.package_identification:_identify(.) by extension 'ignore_ament_install'
[0.204s] Level 1:colcon.colcon_core.package_identification:_identify(.) by extensions ['colcon_pkg']
[0.204s] Level 1:colcon.colcon_core.package_identification:_identify(.) by extension 'colcon_pkg'
[0.204s] Level 1:colcon.colcon_core.package_identification:_identify(.) by extensions ['colcon_meta']
[0.204s] Level 1:colcon.colcon_core.package_identification:_identify(.) by extension 'colcon_meta'
[0.204s] Level 1:colcon.colcon_core.package_identification:_identify(.) by extensions ['ros']
[0.204s] Level 1:colcon.colcon_core.package_identification:_identify(.) by extension 'ros'
[0.240s] Level 1:colcon.colcon_core.package_identification:_identify(.) by extensions ['cmake', 'python']
[0.240s] Level 1:colcon.colcon_core.package_identification:_identify(.) by extension 'cmake'
[0.240s] Level 1:colcon.colcon_core.package_identification:_identify(.) by extension 'python'
[0.240s] Level 1:colcon.colcon_core.package_identification:_identify(.) by extensions ['python_setup_py']
[0.240s] Level 1:colcon.colcon_core.package_identification:_identify(.) by extension 'python_setup_py'
[0.240s] Level 1:colcon.colcon_core.package_identification:_identify(build) by extensions ['ignore', 'ignore_ament_install']
[0.240s] Level 1:colcon.colcon_core.package_identification:_identify(build) by extension 'ignore'
[0.240s] Level 1:colcon.colcon_core.package_identification:_identify(build) ignored
[0.241s] Level 1:colcon.colcon_core.package_identification:_identify(install) by extensions ['ignore', 'ignore_ament_install']
[0.241s] Level 1:colcon.colcon_core.package_identification:_identify(install) by extension 'ignore'
[0.241s] Level 1:colcon.colcon_core.package_identification:_identify(install) ignored
[0.241s] Level 1:colcon.colcon_core.package_identification:_identify(log) by extensions ['ignore', 'ignore_ament_install']
[0.241s] Level 1:colcon.colcon_core.package_identification:_identify(log) by extension 'ignore'
[0.241s] Level 1:colcon.colcon_core.package_identification:_identify(log) ignored
[0.241s] Level 1:colcon.colcon_core.package_identification:_identify(maps) by extensions ['ignore', 'ignore_ament_install']
[0.241s] Level 1:colcon.colcon_core.package_identification:_identify(maps) by extension 'ignore'
[0.241s] Level 1:colcon.colcon_core.package_identification:_identify(maps) by extension 'ignore_ament_install'
[0.241s] Level 1:colcon.colcon_core.package_identification:_identify(maps) by extensions ['colcon_pkg']
[0.241s] Level 1:colcon.colcon_core.package_identification:_identify(maps) by extension 'colcon_pkg'
[0.241s] Level 1:colcon.colcon_core.package_identification:_identify(maps) by extensions ['colcon_meta']
[0.242s] Level 1:colcon.colcon_core.package_identification:_identify(maps) by extension 'colcon_meta'
[0.242s] Level 1:colcon.colcon_core.package_identification:_identify(maps) by extensions ['ros']
[0.242s] Level 1:colcon.colcon_core.package_identification:_identify(maps) by extension 'ros'
[0.242s] Level 1:colcon.colcon_core.package_identification:_identify(maps) by extensions ['cmake', 'python']
[0.242s] Level 1:colcon.colcon_core.package_identification:_identify(maps) by extension 'cmake'
[0.242s] Level 1:colcon.colcon_core.package_identification:_identify(maps) by extension 'python'
[0.242s] Level 1:colcon.colcon_core.package_identification:_identify(maps) by extensions ['python_setup_py']
[0.242s] Level 1:colcon.colcon_core.package_identification:_identify(maps) by extension 'python_setup_py'
[0.242s] Level 1:colcon.colcon_core.package_identification:_identify(maps/lio_sam_3d) by extensions ['ignore', 'ignore_ament_install']
[0.242s] Level 1:colcon.colcon_core.package_identification:_identify(maps/lio_sam_3d) by extension 'ignore'
[0.242s] Level 1:colcon.colcon_core.package_identification:_identify(maps/lio_sam_3d) by extension 'ignore_ament_install'
[0.242s] Level 1:colcon.colcon_core.package_identification:_identify(maps/lio_sam_3d) by extensions ['colcon_pkg']
[0.242s] Level 1:colcon.colcon_core.package_identification:_identify(maps/lio_sam_3d) by extension 'colcon_pkg'
[0.242s] Level 1:colcon.colcon_core.package_identification:_identify(maps/lio_sam_3d) by extensions ['colcon_meta']
[0.242s] Level 1:colcon.colcon_core.package_identification:_identify(maps/lio_sam_3d) by extension 'colcon_meta'
[0.242s] Level 1:colcon.colcon_core.package_identification:_identify(maps/lio_sam_3d) by extensions ['ros']
[0.242s] Level 1:colcon.colcon_core.package_identification:_identify(maps/lio_sam_3d) by extension 'ros'
[0.243s] Level 1:colcon.colcon_core.package_identification:_identify(maps/lio_sam_3d) by extensions ['cmake', 'python']
[0.243s] Level 1:colcon.colcon_core.package_identification:_identify(maps/lio_sam_3d) by extension 'cmake'
[0.243s] Level 1:colcon.colcon_core.package_identification:_identify(maps/lio_sam_3d) by extension 'python'
[0.243s] Level 1:colcon.colcon_core.package_identification:_identify(maps/lio_sam_3d) by extensions ['python_setup_py']
[0.243s] Level 1:colcon.colcon_core.package_identification:_identify(maps/lio_sam_3d) by extension 'python_setup_py'
[0.243s] Level 1:colcon.colcon_core.package_identification:_identify(rosbag2_2025_10_31-20_02_28) by extensions ['ignore', 'ignore_ament_install']
[0.243s] Level 1:colcon.colcon_core.package_identification:_identify(rosbag2_2025_10_31-20_02_28) by extension 'ignore'
[0.243s] Level 1:colcon.colcon_core.package_identification:_identify(rosbag2_2025_10_31-20_02_28) by extension 'ignore_ament_install'
[0.243s] Level 1:colcon.colcon_core.package_identification:_identify(rosbag2_2025_10_31-20_02_28) by extensions ['colcon_pkg']
[0.243s] Level 1:colcon.colcon_core.package_identification:_identify(rosbag2_2025_10_31-20_02_28) by extension 'colcon_pkg'
[0.243s] Level 1:colcon.colcon_core.package_identification:_identify(rosbag2_2025_10_31-20_02_28) by extensions ['colcon_meta']
[0.243s] Level 1:colcon.colcon_core.package_identification:_identify(rosbag2_2025_10_31-20_02_28) by extension 'colcon_meta'
[0.243s] Level 1:colcon.colcon_core.package_identification:_identify(rosbag2_2025_10_31-20_02_28) by extensions ['ros']
[0.243s] Level 1:colcon.colcon_core.package_identification:_identify(rosbag2_2025_10_31-20_02_28) by extension 'ros'
[0.244s] Level 1:colcon.colcon_core.package_identification:_identify(rosbag2_2025_10_31-20_02_28) by extensions ['cmake', 'python']
[0.244s] Level 1:colcon.colcon_core.package_identification:_identify(rosbag2_2025_10_31-20_02_28) by extension 'cmake'
[0.244s] Level 1:colcon.colcon_core.package_identification:_identify(rosbag2_2025_10_31-20_02_28) by extension 'python'
[0.244s] Level 1:colcon.colcon_core.package_identification:_identify(rosbag2_2025_10_31-20_02_28) by extensions ['python_setup_py']
[0.244s] Level 1:colcon.colcon_core.package_identification:_identify(rosbag2_2025_10_31-20_02_28) by extension 'python_setup_py'
[0.244s] Level 1:colcon.colcon_core.package_identification:_identify(src) by extensions ['ignore', 'ignore_ament_install']
[0.244s] Level 1:colcon.colcon_core.package_identification:_identify(src) by extension 'ignore'
[0.244s] Level 1:colcon.colcon_core.package_identification:_identify(src) by extension 'ignore_ament_install'
[0.244s] Level 1:colcon.colcon_core.package_identification:_identify(src) by extensions ['colcon_pkg']
[0.244s] Level 1:colcon.colcon_core.package_identification:_identify(src) by extension 'colcon_pkg'
[0.244s] Level 1:colcon.colcon_core.package_identification:_identify(src) by extensions ['colcon_meta']
[0.244s] Level 1:colcon.colcon_core.package_identification:_identify(src) by extension 'colcon_meta'
[0.244s] Level 1:colcon.colcon_core.package_identification:_identify(src) by extensions ['ros']
[0.244s] Level 1:colcon.colcon_core.package_identification:_identify(src) by extension 'ros'
[0.244s] Level 1:colcon.colcon_core.package_identification:_identify(src) by extensions ['cmake', 'python']
[0.244s] Level 1:colcon.colcon_core.package_identification:_identify(src) by extension 'cmake'
[0.245s] Level 1:colcon.colcon_core.package_identification:_identify(src) by extension 'python'
[0.245s] Level 1:colcon.colcon_core.package_identification:_identify(src) by extensions ['python_setup_py']
[0.245s] Level 1:colcon.colcon_core.package_identification:_identify(src) by extension 'python_setup_py'
[0.245s] Level 1:colcon.colcon_core.package_identification:_identify(src/LIO-SAM) by extensions ['ignore', 'ignore_ament_install']
[0.245s] Level 1:colcon.colcon_core.package_identification:_identify(src/LIO-SAM) by extension 'ignore'
[0.245s] Level 1:colcon.colcon_core.package_identification:_identify(src/LIO-SAM) by extension 'ignore_ament_install'
[0.245s] Level 1:colcon.colcon_core.package_identification:_identify(src/LIO-SAM) by extensions ['colcon_pkg']
[0.245s] Level 1:colcon.colcon_core.package_identification:_identify(src/LIO-SAM) by extension 'colcon_pkg'
[0.245s] Level 1:colcon.colcon_core.package_identification:_identify(src/LIO-SAM) by extensions ['colcon_meta']
[0.245s] Level 1:colcon.colcon_core.package_identification:_identify(src/LIO-SAM) by extension 'colcon_meta'
[0.245s] Level 1:colcon.colcon_core.package_identification:_identify(src/LIO-SAM) by extensions ['ros']
[0.245s] Level 1:colcon.colcon_core.package_identification:_identify(src/LIO-SAM) by extension 'ros'
[0.249s] DEBUG:colcon.colcon_core.package_identification:Package 'src/LIO-SAM' with type 'ros.ament_cmake' and name 'lio_sam'
[0.249s] Level 1:colcon.colcon_core.package_identification:_identify(src/build) by extensions ['ignore', 'ignore_ament_install']
[0.249s] Level 1:colcon.colcon_core.package_identification:_identify(src/build) by extension 'ignore'
[0.249s] Level 1:colcon.colcon_core.package_identification:_identify(src/build) ignored
[0.249s] Level 1:colcon.colcon_core.package_identification:_identify(src/install) by extensions ['ignore', 'ignore_ament_install']
[0.249s] Level 1:colcon.colcon_core.package_identification:_identify(src/install) by extension 'ignore'
[0.249s] Level 1:colcon.colcon_core.package_identification:_identify(src/install) ignored
[0.249s] Level 1:colcon.colcon_core.package_identification:_identify(src/jackal_nav2) by extensions ['ignore', 'ignore_ament_install']
[0.250s] Level 1:colcon.colcon_core.package_identification:_identify(src/jackal_nav2) by extension 'ignore'
[0.250s] Level 1:colcon.colcon_core.package_identification:_identify(src/jackal_nav2) by extension 'ignore_ament_install'
[0.250s] Level 1:colcon.colcon_core.package_identification:_identify(src/jackal_nav2) by extensions ['colcon_pkg']
[0.250s] Level 1:colcon.colcon_core.package_identification:_identify(src/jackal_nav2) by extension 'colcon_pkg'
[0.250s] Level 1:colcon.colcon_core.package_identification:_identify(src/jackal_nav2) by extensions ['colcon_meta']
[0.250s] Level 1:colcon.colcon_core.package_identification:_identify(src/jackal_nav2) by extension 'colcon_meta'
[0.250s] Level 1:colcon.colcon_core.package_identification:_identify(src/jackal_nav2) by extensions ['ros']
[0.250s] Level 1:colcon.colcon_core.package_identification:_identify(src/jackal_nav2) by extension 'ros'
[0.251s] DEBUG:colcon.colcon_core.package_identification:Package 'src/jackal_nav2' with type 'ros.ament_cmake' and name 'jackal_nav2'
[0.251s] Level 1:colcon.colcon_core.package_identification:_identify(src/log) by extensions ['ignore', 'ignore_ament_install']
[0.251s] Level 1:colcon.colcon_core.package_identification:_identify(src/log) by extension 'ignore'
[0.251s] Level 1:colcon.colcon_core.package_identification:_identify(src/log) ignored
[0.251s] Level 1:colcon.colcon_core.package_identification:_identify(tf_debug_old) by extensions ['ignore', 'ignore_ament_install']
[0.251s] Level 1:colcon.colcon_core.package_identification:_identify(tf_debug_old) by extension 'ignore'
[0.252s] Level 1:colcon.colcon_core.package_identification:_identify(tf_debug_old) by extension 'ignore_ament_install'
[0.252s] Level 1:colcon.colcon_core.package_identification:_identify(tf_debug_old) by extensions ['colcon_pkg']
[0.252s] Level 1:colcon.colcon_core.package_identification:_identify(tf_debug_old) by extension 'colcon_pkg'
[0.252s] Level 1:colcon.colcon_core.package_identification:_identify(tf_debug_old) by extensions ['colcon_meta']
[0.252s] Level 1:colcon.colcon_core.package_identification:_identify(tf_debug_old) by extension 'colcon_meta'
[0.252s] Level 1:colcon.colcon_core.package_identification:_identify(tf_debug_old) by extensions ['ros']
[0.252s] Level 1:colcon.colcon_core.package_identification:_identify(tf_debug_old) by extension 'ros'
[0.252s] Level 1:colcon.colcon_core.package_identification:_identify(tf_debug_old) by extensions ['cmake', 'python']
[0.252s] Level 1:colcon.colcon_core.package_identification:_identify(tf_debug_old) by extension 'cmake'
[0.252s] Level 1:colcon.colcon_core.package_identification:_identify(tf_debug_old) by extension 'python'
[0.252s] Level 1:colcon.colcon_core.package_identification:_identify(tf_debug_old) by extensions ['python_setup_py']
[0.252s] Level 1:colcon.colcon_core.package_identification:_identify(tf_debug_old) by extension 'python_setup_py'
[0.252s] Level 1:colcon.colcon_core.package_discovery:discover_packages(recursive) using defaults
[0.252s] Level 1:colcon.colcon_core.package_discovery:discover_packages(ignore) discover
[0.252s] Level 1:colcon.colcon_core.package_discovery:discover_packages(ignore) using defaults
[0.252s] Level 1:colcon.colcon_core.package_discovery:discover_packages(path) discover
[0.252s] Level 1:colcon.colcon_core.package_discovery:discover_packages(path) using defaults
[0.275s] INFO:colcon.colcon_core.package_selection:Skipping not selected package 'jackal_nav2' in 'src/jackal_nav2'
[0.275s] Level 1:colcon.colcon_core.package_discovery:discover_packages(prefix_path) check parameters
[0.276s] Level 1:colcon.colcon_core.package_discovery:discover_packages(prefix_path) discover
[0.278s] DEBUG:colcon.colcon_installed_package_information.package_discovery:Found 2 installed packages in /home/robot/jackal_nav2_ws/install
[0.278s] DEBUG:colcon.colcon_installed_package_information.package_discovery:Found 1 installed packages in /home/robot/jackal_nav2_ws/src/install
[0.281s] DEBUG:colcon.colcon_installed_package_information.package_discovery:Found 523 installed packages in /opt/ros/jazzy
[0.283s] Level 1:colcon.colcon_core.package_discovery:discover_packages(prefix_path) using defaults
[0.393s] Level 5:colcon.colcon_core.verb:set package 'lio_sam' build argument 'cmake_args' from command line to 'None'
[0.393s] Level 5:colcon.colcon_core.verb:set package 'lio_sam' build argument 'cmake_target' from command line to 'None'
[0.393s] Level 5:colcon.colcon_core.verb:set package 'lio_sam' build argument 'cmake_target_skip_unavailable' from command line to 'False'
[0.393s] Level 5:colcon.colcon_core.verb:set package 'lio_sam' build argument 'cmake_clean_cache' from command line to 'False'
[0.393s] Level 5:colcon.colcon_core.verb:set package 'lio_sam' build argument 'cmake_clean_first' from command line to 'False'
[0.393s] Level 5:colcon.colcon_core.verb:set package 'lio_sam' build argument 'cmake_force_configure' from command line to 'False'
[0.393s] Level 5:colcon.colcon_core.verb:set package 'lio_sam' build argument 'ament_cmake_args' from command line to 'None'
[0.393s] Level 5:colcon.colcon_core.verb:set package 'lio_sam' build argument 'catkin_cmake_args' from command line to 'None'
[0.393s] Level 5:colcon.colcon_core.verb:set package 'lio_sam' build argument 'catkin_skip_building_tests' from command line to 'False'
[0.393s] DEBUG:colcon.colcon_core.verb:Building package 'lio_sam' with the following arguments: {'ament_cmake_args': None, 'build_base': '/home/robot/jackal_nav2_ws/build/lio_sam', 'catkin_cmake_args': None, 'catkin_skip_building_tests': False, 'cmake_args': None, 'cmake_clean_cache': False, 'cmake_clean_first': False, 'cmake_force_configure': False, 'cmake_target': None, 'cmake_target_skip_unavailable': False, 'install_base': '/home/robot/jackal_nav2_ws/install/lio_sam', 'merge_install': False, 'path': '/home/robot/jackal_nav2_ws/src/LIO-SAM', 'symlink_install': False, 'test_result_base': None}
[0.393s] INFO:colcon.colcon_core.executor:Executing jobs using 'parallel' executor
[0.394s] DEBUG:colcon.colcon_parallel_executor.executor.parallel:run_until_complete
[0.395s] INFO:colcon.colcon_ros.task.ament_cmake.build:Building ROS package in '/home/robot/jackal_nav2_ws/src/LIO-SAM' with build type 'ament_cmake'
[0.395s] INFO:colcon.colcon_cmake.task.cmake.build:Building CMake package in '/home/robot/jackal_nav2_ws/src/LIO-SAM'
[0.397s] INFO:colcon.colcon_core.plugin_system:Skipping extension 'colcon_core.shell.bat': Not used on non-Windows systems
[0.397s] INFO:colcon.colcon_core.shell:Skip shell extension 'powershell' for command environment: Not usable outside of PowerShell
[0.397s] DEBUG:colcon.colcon_core.shell:Skip shell extension 'dsv' for command environment
[0.411s] DEBUG:colcon.colcon_core.event_handler.log_command:Invoking command in '/home/robot/jackal_nav2_ws/build/lio_sam': CMAKE_PREFIX_PATH=${CMAKE_PREFIX_PATH}:/opt/ros/jazzy DEBUGINFOD_URLS=https://debuginfod.ubuntu.com /usr/bin/cmake --build /home/robot/jackal_nav2_ws/build/lio_sam -- -j8 -l8
[1.645s] DEBUG:colcon.colcon_core.event_handler.log_command:Invoked command in '/home/robot/jackal_nav2_ws/build/lio_sam' returned '0': CMAKE_PREFIX_PATH=${CMAKE_PREFIX_PATH}:/opt/ros/jazzy DEBUGINFOD_URLS=https://debuginfod.ubuntu.com /usr/bin/cmake --build /home/robot/jackal_nav2_ws/build/lio_sam -- -j8 -l8
[1.659s] DEBUG:colcon.colcon_core.event_handler.log_command:Invoking command in '/home/robot/jackal_nav2_ws/build/lio_sam': CMAKE_PREFIX_PATH=${CMAKE_PREFIX_PATH}:/opt/ros/jazzy DEBUGINFOD_URLS=https://debuginfod.ubuntu.com /usr/bin/cmake --install /home/robot/jackal_nav2_ws/build/lio_sam
[1.772s] Level 1:colcon.colcon_core.environment:create_environment_scripts_only(lio_sam)
[1.773s] DEBUG:colcon.colcon_core.event_handler.log_command:Invoked command in '/home/robot/jackal_nav2_ws/build/lio_sam' returned '0': CMAKE_PREFIX_PATH=${CMAKE_PREFIX_PATH}:/opt/ros/jazzy DEBUGINFOD_URLS=https://debuginfod.ubuntu.com /usr/bin/cmake --install /home/robot/jackal_nav2_ws/build/lio_sam
[1.775s] Level 1:colcon.colcon_core.environment:checking '/home/robot/jackal_nav2_ws/install/lio_sam' for CMake module files
[1.776s] Level 1:colcon.colcon_core.environment:checking '/home/robot/jackal_nav2_ws/install/lio_sam' for CMake config files
[1.776s] Level 1:colcon.colcon_core.shell:create_environment_hook('lio_sam', 'cmake_prefix_path')
[1.777s] INFO:colcon.colcon_core.shell:Creating environment hook '/home/robot/jackal_nav2_ws/install/lio_sam/share/lio_sam/hook/cmake_prefix_path.ps1'
[1.777s] INFO:colcon.colcon_core.shell:Creating environment descriptor '/home/robot/jackal_nav2_ws/install/lio_sam/share/lio_sam/hook/cmake_prefix_path.dsv'
[1.778s] INFO:colcon.colcon_core.shell:Creating environment hook '/home/robot/jackal_nav2_ws/install/lio_sam/share/lio_sam/hook/cmake_prefix_path.sh'
[1.779s] Level 1:colcon.colcon_core.environment:checking '/home/robot/jackal_nav2_ws/install/lio_sam/lib'
[1.779s] Level 1:colcon.colcon_core.shell:create_environment_hook('lio_sam', 'ld_library_path_lib')
[1.779s] INFO:colcon.colcon_core.shell:Creating environment hook '/home/robot/jackal_nav2_ws/install/lio_sam/share/lio_sam/hook/ld_library_path_lib.ps1'
[1.780s] INFO:colcon.colcon_core.shell:Creating environment descriptor '/home/robot/jackal_nav2_ws/install/lio_sam/share/lio_sam/hook/ld_library_path_lib.dsv'
[1.780s] INFO:colcon.colcon_core.shell:Creating environment hook '/home/robot/jackal_nav2_ws/install/lio_sam/share/lio_sam/hook/ld_library_path_lib.sh'
[1.780s] Level 1:colcon.colcon_core.environment:checking '/home/robot/jackal_nav2_ws/install/lio_sam/bin'
[1.781s] Level 1:colcon.colcon_core.environment:checking '/home/robot/jackal_nav2_ws/install/lio_sam/lib/pkgconfig/lio_sam.pc'
[1.781s] Level 1:colcon.colcon_core.environment:checking '/home/robot/jackal_nav2_ws/install/lio_sam/lib/python3.12/site-packages'
[1.781s] Level 1:colcon.colcon_core.shell:create_environment_hook('lio_sam', 'pythonpath')
[1.781s] INFO:colcon.colcon_core.shell:Creating environment hook '/home/robot/jackal_nav2_ws/install/lio_sam/share/lio_sam/hook/pythonpath.ps1'
[1.782s] INFO:colcon.colcon_core.shell:Creating environment descriptor '/home/robot/jackal_nav2_ws/install/lio_sam/share/lio_sam/hook/pythonpath.dsv'
[1.782s] INFO:colcon.colcon_core.shell:Creating environment hook '/home/robot/jackal_nav2_ws/install/lio_sam/share/lio_sam/hook/pythonpath.sh'
[1.783s] Level 1:colcon.colcon_core.environment:checking '/home/robot/jackal_nav2_ws/install/lio_sam/bin'
[1.783s] INFO:colcon.colcon_core.shell:Creating package script '/home/robot/jackal_nav2_ws/install/lio_sam/share/lio_sam/package.ps1'
[1.784s] INFO:colcon.colcon_core.shell:Creating package descriptor '/home/robot/jackal_nav2_ws/install/lio_sam/share/lio_sam/package.dsv'
[1.785s] INFO:colcon.colcon_core.shell:Creating package script '/home/robot/jackal_nav2_ws/install/lio_sam/share/lio_sam/package.sh'
[1.786s] INFO:colcon.colcon_core.shell:Creating package script '/home/robot/jackal_nav2_ws/install/lio_sam/share/lio_sam/package.bash'
[1.786s] INFO:colcon.colcon_core.shell:Creating package script '/home/robot/jackal_nav2_ws/install/lio_sam/share/lio_sam/package.zsh'
[1.787s] Level 1:colcon.colcon_core.environment:create_file_with_runtime_dependencies(/home/robot/jackal_nav2_ws/install/lio_sam/share/colcon-core/packages/lio_sam)
[1.788s] Level 1:colcon.colcon_core.environment:create_environment_scripts_only(lio_sam)
[1.788s] Level 1:colcon.colcon_core.environment:checking '/home/robot/jackal_nav2_ws/install/lio_sam' for CMake module files
[1.789s] Level 1:colcon.colcon_core.environment:checking '/home/robot/jackal_nav2_ws/install/lio_sam' for CMake config files
[1.789s] Level 1:colcon.colcon_core.shell:create_environment_hook('lio_sam', 'cmake_prefix_path')
[1.789s] INFO:colcon.colcon_core.shell:Creating environment hook '/home/robot/jackal_nav2_ws/install/lio_sam/share/lio_sam/hook/cmake_prefix_path.ps1'
[1.790s] INFO:colcon.colcon_core.shell:Creating environment descriptor '/home/robot/jackal_nav2_ws/install/lio_sam/share/lio_sam/hook/cmake_prefix_path.dsv'
[1.790s] INFO:colcon.colcon_core.shell:Creating environment hook '/home/robot/jackal_nav2_ws/install/lio_sam/share/lio_sam/hook/cmake_prefix_path.sh'
[1.791s] Level 1:colcon.colcon_core.environment:checking '/home/robot/jackal_nav2_ws/install/lio_sam/lib'
[1.791s] Level 1:colcon.colcon_core.shell:create_environment_hook('lio_sam', 'ld_library_path_lib')
[1.791s] INFO:colcon.colcon_core.shell:Creating environment hook '/home/robot/jackal_nav2_ws/install/lio_sam/share/lio_sam/hook/ld_library_path_lib.ps1'
[1.791s] INFO:colcon.colcon_core.shell:Creating environment descriptor '/home/robot/jackal_nav2_ws/install/lio_sam/share/lio_sam/hook/ld_library_path_lib.dsv'
[1.792s] INFO:colcon.colcon_core.shell:Creating environment hook '/home/robot/jackal_nav2_ws/install/lio_sam/share/lio_sam/hook/ld_library_path_lib.sh'
[1.792s] Level 1:colcon.colcon_core.environment:checking '/home/robot/jackal_nav2_ws/install/lio_sam/bin'
[1.792s] Level 1:colcon.colcon_core.environment:checking '/home/robot/jackal_nav2_ws/install/lio_sam/lib/pkgconfig/lio_sam.pc'
[1.793s] Level 1:colcon.colcon_core.environment:checking '/home/robot/jackal_nav2_ws/install/lio_sam/lib/python3.12/site-packages'
[1.793s] Level 1:colcon.colcon_core.shell:create_environment_hook('lio_sam', 'pythonpath')
[1.793s] INFO:colcon.colcon_core.shell:Creating environment hook '/home/robot/jackal_nav2_ws/install/lio_sam/share/lio_sam/hook/pythonpath.ps1'
[1.793s] INFO:colcon.colcon_core.shell:Creating environment descriptor '/home/robot/jackal_nav2_ws/install/lio_sam/share/lio_sam/hook/pythonpath.dsv'
[1.794s] INFO:colcon.colcon_core.shell:Creating environment hook '/home/robot/jackal_nav2_ws/install/lio_sam/share/lio_sam/hook/pythonpath.sh'
[1.794s] Level 1:colcon.colcon_core.environment:checking '/home/robot/jackal_nav2_ws/install/lio_sam/bin'
[1.795s] INFO:colcon.colcon_core.shell:Creating package script '/home/robot/jackal_nav2_ws/install/lio_sam/share/lio_sam/package.ps1'
[1.795s] INFO:colcon.colcon_core.shell:Creating package descriptor '/home/robot/jackal_nav2_ws/install/lio_sam/share/lio_sam/package.dsv'
[1.796s] INFO:colcon.colcon_core.shell:Creating package script '/home/robot/jackal_nav2_ws/install/lio_sam/share/lio_sam/package.sh'
[1.796s] INFO:colcon.colcon_core.shell:Creating package script '/home/robot/jackal_nav2_ws/install/lio_sam/share/lio_sam/package.bash'
[1.797s] INFO:colcon.colcon_core.shell:Creating package script '/home/robot/jackal_nav2_ws/install/lio_sam/share/lio_sam/package.zsh'
[1.797s] Level 1:colcon.colcon_core.environment:create_file_with_runtime_dependencies(/home/robot/jackal_nav2_ws/install/lio_sam/share/colcon-core/packages/lio_sam)
[1.798s] DEBUG:colcon.colcon_parallel_executor.executor.parallel:closing loop
[1.801s] DEBUG:colcon.colcon_parallel_executor.executor.parallel:loop closed
[1.802s] DEBUG:colcon.colcon_parallel_executor.executor.parallel:run_until_complete finished with '0'
[1.802s] DEBUG:colcon.colcon_core.event_reactor:joining thread
[1.808s] INFO:colcon.colcon_core.plugin_system:Skipping extension 'colcon_notification.desktop_notification.terminal_notifier': Not used on non-Darwin systems
[1.808s] INFO:colcon.colcon_core.plugin_system:Skipping extension 'colcon_notification.desktop_notification.win32': Not used on non-Windows systems
[1.808s] INFO:colcon.colcon_notification.desktop_notification:Sending desktop notification using 'notify2'
[1.809s] DEBUG:colcon.colcon_notification.desktop_notification.notify2:Failed to initialize notify2: org.freedesktop.DBus.Error.ServiceUnknown: The name org.freedesktop.Notifications was not provided by any .service files
[1.809s] DEBUG:colcon.colcon_core.event_reactor:joined thread
[1.809s] INFO:colcon.colcon_core.shell:Creating prefix script '/home/robot/jackal_nav2_ws/install/local_setup.ps1'
[1.810s] INFO:colcon.colcon_core.shell:Creating prefix util module '/home/robot/jackal_nav2_ws/install/_local_setup_util_ps1.py'
[1.812s] INFO:colcon.colcon_core.shell:Creating prefix chain script '/home/robot/jackal_nav2_ws/install/setup.ps1'
[1.813s] INFO:colcon.colcon_core.shell:Creating prefix script '/home/robot/jackal_nav2_ws/install/local_setup.sh'
[1.813s] INFO:colcon.colcon_core.shell:Creating prefix util module '/home/robot/jackal_nav2_ws/install/_local_setup_util_sh.py'
[1.814s] INFO:colcon.colcon_core.shell:Creating prefix chain script '/home/robot/jackal_nav2_ws/install/setup.sh'
[1.815s] INFO:colcon.colcon_core.shell:Creating prefix script '/home/robot/jackal_nav2_ws/install/local_setup.bash'
[1.816s] INFO:colcon.colcon_core.shell:Creating prefix chain script '/home/robot/jackal_nav2_ws/install/setup.bash'
[1.817s] INFO:colcon.colcon_core.shell:Creating prefix script '/home/robot/jackal_nav2_ws/install/local_setup.zsh'
[1.818s] INFO:colcon.colcon_core.shell:Creating prefix chain script '/home/robot/jackal_nav2_ws/install/setup.zsh'
