[0.125s] DEBUG:colcon:Command line arguments: ['/usr/bin/colcon', 'build', '--symlink-install']
[0.125s] DEBUG:colcon:Parsed command line arguments: Namespace(log_base=None, log_level=None, verb_name='build', build_base='build', install_base='install', merge_install=False, symlink_install=True, test_result_base=None, continue_on_error=False, executor='parallel', parallel_workers=8, event_handlers=None, ignore_user_meta=False, metas=['./colcon.meta'], base_paths=['.'], packages_ignore=None, packages_ignore_regex=None, paths=None, packages_up_to=None, packages_up_to_regex=None, packages_above=None, packages_above_and_dependencies=None, packages_above_depth=None, packages_select_by_dep=None, packages_skip_by_dep=None, packages_skip_up_to=None, packages_select_build_failed=False, packages_skip_build_finished=False, packages_select_test_failures=False, packages_skip_test_passed=False, packages_select=None, packages_skip=None, packages_select_regex=None, packages_skip_regex=None, packages_start=None, packages_end=None, allow_overriding=[], cmake_args=None, cmake_target=None, cmake_target_skip_unavailable=False, cmake_clean_cache=False, cmake_clean_first=False, cmake_force_configure=False, ament_cmake_args=None, catkin_cmake_args=None, catkin_skip_building_tests=False, mixin_files=None, mixin=None, verb_parser=<colcon_mixin.mixin.mixin_argument.MixinArgumentDecorator object at 0x7dfedccbf110>, verb_extension=<colcon_core.verb.build.BuildVerb object at 0x7dfedccbede0>, main=<bound method BuildVerb.main of <colcon_core.verb.build.BuildVerb object at 0x7dfedccbede0>>, mixin_verb=('build',))
[0.165s] Level 1:colcon.colcon_core.package_discovery:discover_packages(colcon_meta) check parameters
[0.165s] Level 1:colcon.colcon_core.package_discovery:discover_packages(recursive) check parameters
[0.165s] Level 1:colcon.colcon_core.package_discovery:discover_packages(ignore) check parameters
[0.165s] Level 1:colcon.colcon_core.package_discovery:discover_packages(path) check parameters
[0.165s] Level 1:colcon.colcon_core.package_discovery:discover_packages(colcon_meta) discover
[0.165s] Level 1:colcon.colcon_core.package_discovery:discover_packages(recursive) discover
[0.165s] INFO:colcon.colcon_core.package_discovery:Crawling recursively for packages in '/home/robot/jackal_nav2_ws'
[0.165s] Level 1:colcon.colcon_core.package_identification:_identify(.) by extensions ['ignore', 'ignore_ament_install']
[0.165s] Level 1:colcon.colcon_core.package_identification:_identify(.) by extension 'ignore'
[0.165s] Level 1:colcon.colcon_core.package_identification:_identify(.) by extension 'ignore_ament_install'
[0.165s] Level 1:colcon.colcon_core.package_identification:_identify(.) by extensions ['colcon_pkg']
[0.165s] Level 1:colcon.colcon_core.package_identification:_identify(.) by extension 'colcon_pkg'
[0.165s] Level 1:colcon.colcon_core.package_identification:_identify(.) by extensions ['colcon_meta']
[0.165s] Level 1:colcon.colcon_core.package_identification:_identify(.) by extension 'colcon_meta'
[0.165s] Level 1:colcon.colcon_core.package_identification:_identify(.) by extensions ['ros']
[0.165s] Level 1:colcon.colcon_core.package_identification:_identify(.) by extension 'ros'
[0.193s] Level 1:colcon.colcon_core.package_identification:_identify(.) by extensions ['cmake', 'python']
[0.193s] Level 1:colcon.colcon_core.package_identification:_identify(.) by extension 'cmake'
[0.193s] Level 1:colcon.colcon_core.package_identification:_identify(.) by extension 'python'
[0.193s] Level 1:colcon.colcon_core.package_identification:_identify(.) by extensions ['python_setup_py']
[0.193s] Level 1:colcon.colcon_core.package_identification:_identify(.) by extension 'python_setup_py'
[0.193s] Level 1:colcon.colcon_core.package_identification:_identify(build) by extensions ['ignore', 'ignore_ament_install']
[0.193s] Level 1:colcon.colcon_core.package_identification:_identify(build) by extension 'ignore'
[0.193s] Level 1:colcon.colcon_core.package_identification:_identify(build) ignored
[0.193s] Level 1:colcon.colcon_core.package_identification:_identify(install) by extensions ['ignore', 'ignore_ament_install']
[0.193s] Level 1:colcon.colcon_core.package_identification:_identify(install) by extension 'ignore'
[0.193s] Level 1:colcon.colcon_core.package_identification:_identify(install) ignored
[0.193s] Level 1:colcon.colcon_core.package_identification:_identify(log) by extensions ['ignore', 'ignore_ament_install']
[0.194s] Level 1:colcon.colcon_core.package_identification:_identify(log) by extension 'ignore'
[0.194s] Level 1:colcon.colcon_core.package_identification:_identify(log) ignored
[0.194s] Level 1:colcon.colcon_core.package_identification:_identify(rosbag2_2025_10_31-20_02_28) by extensions ['ignore', 'ignore_ament_install']
[0.194s] Level 1:colcon.colcon_core.package_identification:_identify(rosbag2_2025_10_31-20_02_28) by extension 'ignore'
[0.194s] Level 1:colcon.colcon_core.package_identification:_identify(rosbag2_2025_10_31-20_02_28) by extension 'ignore_ament_install'
[0.194s] Level 1:colcon.colcon_core.package_identification:_identify(rosbag2_2025_10_31-20_02_28) by extensions ['colcon_pkg']
[0.194s] Level 1:colcon.colcon_core.package_identification:_identify(rosbag2_2025_10_31-20_02_28) by extension 'colcon_pkg'
[0.194s] Level 1:colcon.colcon_core.package_identification:_identify(rosbag2_2025_10_31-20_02_28) by extensions ['colcon_meta']
[0.194s] Level 1:colcon.colcon_core.package_identification:_identify(rosbag2_2025_10_31-20_02_28) by extension 'colcon_meta'
[0.194s] Level 1:colcon.colcon_core.package_identification:_identify(rosbag2_2025_10_31-20_02_28) by extensions ['ros']
[0.194s] Level 1:colcon.colcon_core.package_identification:_identify(rosbag2_2025_10_31-20_02_28) by extension 'ros'
[0.194s] Level 1:colcon.colcon_core.package_identification:_identify(rosbag2_2025_10_31-20_02_28) by extensions ['cmake', 'python']
[0.194s] Level 1:colcon.colcon_core.package_identification:_identify(rosbag2_2025_10_31-20_02_28) by extension 'cmake'
[0.194s] Level 1:colcon.colcon_core.package_identification:_identify(rosbag2_2025_10_31-20_02_28) by extension 'python'
[0.194s] Level 1:colcon.colcon_core.package_identification:_identify(rosbag2_2025_10_31-20_02_28) by extensions ['python_setup_py']
[0.194s] Level 1:colcon.colcon_core.package_identification:_identify(rosbag2_2025_10_31-20_02_28) by extension 'python_setup_py'
[0.194s] Level 1:colcon.colcon_core.package_identification:_identify(src) by extensions ['ignore', 'ignore_ament_install']
[0.194s] Level 1:colcon.colcon_core.package_identification:_identify(src) by extension 'ignore'
[0.195s] Level 1:colcon.colcon_core.package_identification:_identify(src) by extension 'ignore_ament_install'
[0.195s] Level 1:colcon.colcon_core.package_identification:_identify(src) by extensions ['colcon_pkg']
[0.195s] Level 1:colcon.colcon_core.package_identification:_identify(src) by extension 'colcon_pkg'
[0.195s] Level 1:colcon.colcon_core.package_identification:_identify(src) by extensions ['colcon_meta']
[0.195s] Level 1:colcon.colcon_core.package_identification:_identify(src) by extension 'colcon_meta'
[0.195s] Level 1:colcon.colcon_core.package_identification:_identify(src) by extensions ['ros']
[0.195s] Level 1:colcon.colcon_core.package_identification:_identify(src) by extension 'ros'
[0.195s] Level 1:colcon.colcon_core.package_identification:_identify(src) by extensions ['cmake', 'python']
[0.195s] Level 1:colcon.colcon_core.package_identification:_identify(src) by extension 'cmake'
[0.195s] Level 1:colcon.colcon_core.package_identification:_identify(src) by extension 'python'
[0.195s] Level 1:colcon.colcon_core.package_identification:_identify(src) by extensions ['python_setup_py']
[0.195s] Level 1:colcon.colcon_core.package_identification:_identify(src) by extension 'python_setup_py'
[0.195s] Level 1:colcon.colcon_core.package_identification:_identify(src/LIO-SAM) by extensions ['ignore', 'ignore_ament_install']
[0.195s] Level 1:colcon.colcon_core.package_identification:_identify(src/LIO-SAM) by extension 'ignore'
[0.195s] Level 1:colcon.colcon_core.package_identification:_identify(src/LIO-SAM) by extension 'ignore_ament_install'
[0.195s] Level 1:colcon.colcon_core.package_identification:_identify(src/LIO-SAM) by extensions ['colcon_pkg']
[0.195s] Level 1:colcon.colcon_core.package_identification:_identify(src/LIO-SAM) by extension 'colcon_pkg'
[0.195s] Level 1:colcon.colcon_core.package_identification:_identify(src/LIO-SAM) by extensions ['colcon_meta']
[0.196s] Level 1:colcon.colcon_core.package_identification:_identify(src/LIO-SAM) by extension 'colcon_meta'
[0.196s] Level 1:colcon.colcon_core.package_identification:_identify(src/LIO-SAM) by extensions ['ros']
[0.196s] Level 1:colcon.colcon_core.package_identification:_identify(src/LIO-SAM) by extension 'ros'
[0.199s] DEBUG:colcon.colcon_core.package_identification:Package 'src/LIO-SAM' with type 'ros.ament_cmake' and name 'lio_sam'
[0.199s] Level 1:colcon.colcon_core.package_identification:_identify(src/build) by extensions ['ignore', 'ignore_ament_install']
[0.199s] Level 1:colcon.colcon_core.package_identification:_identify(src/build) by extension 'ignore'
[0.199s] Level 1:colcon.colcon_core.package_identification:_identify(src/build) ignored
[0.199s] Level 1:colcon.colcon_core.package_identification:_identify(src/install) by extensions ['ignore', 'ignore_ament_install']
[0.199s] Level 1:colcon.colcon_core.package_identification:_identify(src/install) by extension 'ignore'
[0.199s] Level 1:colcon.colcon_core.package_identification:_identify(src/install) ignored
[0.199s] Level 1:colcon.colcon_core.package_identification:_identify(src/jackal_nav2) by extensions ['ignore', 'ignore_ament_install']
[0.199s] Level 1:colcon.colcon_core.package_identification:_identify(src/jackal_nav2) by extension 'ignore'
[0.199s] Level 1:colcon.colcon_core.package_identification:_identify(src/jackal_nav2) by extension 'ignore_ament_install'
[0.200s] Level 1:colcon.colcon_core.package_identification:_identify(src/jackal_nav2) by extensions ['colcon_pkg']
[0.200s] Level 1:colcon.colcon_core.package_identification:_identify(src/jackal_nav2) by extension 'colcon_pkg'
[0.200s] Level 1:colcon.colcon_core.package_identification:_identify(src/jackal_nav2) by extensions ['colcon_meta']
[0.200s] Level 1:colcon.colcon_core.package_identification:_identify(src/jackal_nav2) by extension 'colcon_meta'
[0.200s] Level 1:colcon.colcon_core.package_identification:_identify(src/jackal_nav2) by extensions ['ros']
[0.200s] Level 1:colcon.colcon_core.package_identification:_identify(src/jackal_nav2) by extension 'ros'
[0.201s] DEBUG:colcon.colcon_core.package_identification:Package 'src/jackal_nav2' with type 'ros.ament_cmake' and name 'jackal_nav2'
[0.201s] Level 1:colcon.colcon_core.package_identification:_identify(src/log) by extensions ['ignore', 'ignore_ament_install']
[0.201s] Level 1:colcon.colcon_core.package_identification:_identify(src/log) by extension 'ignore'
[0.201s] Level 1:colcon.colcon_core.package_identification:_identify(src/log) ignored
[0.201s] Level 1:colcon.colcon_core.package_discovery:discover_packages(recursive) using defaults
[0.201s] Level 1:colcon.colcon_core.package_discovery:discover_packages(ignore) discover
[0.201s] Level 1:colcon.colcon_core.package_discovery:discover_packages(ignore) using defaults
[0.201s] Level 1:colcon.colcon_core.package_discovery:discover_packages(path) discover
[0.201s] Level 1:colcon.colcon_core.package_discovery:discover_packages(path) using defaults
[0.220s] Level 1:colcon.colcon_core.package_discovery:discover_packages(prefix_path) check parameters
[0.220s] Level 1:colcon.colcon_core.package_discovery:discover_packages(prefix_path) discover
[0.222s] DEBUG:colcon.colcon_installed_package_information.package_discovery:Found 2 installed packages in /home/robot/jackal_nav2_ws/install
[0.222s] DEBUG:colcon.colcon_installed_package_information.package_discovery:Found 1 installed packages in /home/robot/jackal_nav2_ws/src/install
[0.224s] DEBUG:colcon.colcon_installed_package_information.package_discovery:Found 518 installed packages in /opt/ros/jazzy
[0.226s] Level 1:colcon.colcon_core.package_discovery:discover_packages(prefix_path) using defaults
[0.314s] Level 5:colcon.colcon_core.verb:set package 'jackal_nav2' build argument 'cmake_args' from command line to 'None'
[0.314s] Level 5:colcon.colcon_core.verb:set package 'jackal_nav2' build argument 'cmake_target' from command line to 'None'
[0.314s] Level 5:colcon.colcon_core.verb:set package 'jackal_nav2' build argument 'cmake_target_skip_unavailable' from command line to 'False'
[0.314s] Level 5:colcon.colcon_core.verb:set package 'jackal_nav2' build argument 'cmake_clean_cache' from command line to 'False'
[0.314s] Level 5:colcon.colcon_core.verb:set package 'jackal_nav2' build argument 'cmake_clean_first' from command line to 'False'
[0.314s] Level 5:colcon.colcon_core.verb:set package 'jackal_nav2' build argument 'cmake_force_configure' from command line to 'False'
[0.314s] Level 5:colcon.colcon_core.verb:set package 'jackal_nav2' build argument 'ament_cmake_args' from command line to 'None'
[0.314s] Level 5:colcon.colcon_core.verb:set package 'jackal_nav2' build argument 'catkin_cmake_args' from command line to 'None'
[0.314s] Level 5:colcon.colcon_core.verb:set package 'jackal_nav2' build argument 'catkin_skip_building_tests' from command line to 'False'
[0.314s] DEBUG:colcon.colcon_core.verb:Building package 'jackal_nav2' with the following arguments: {'ament_cmake_args': None, 'build_base': '/home/robot/jackal_nav2_ws/build/jackal_nav2', 'catkin_cmake_args': None, 'catkin_skip_building_tests': False, 'cmake_args': None, 'cmake_clean_cache': False, 'cmake_clean_first': False, 'cmake_force_configure': False, 'cmake_target': None, 'cmake_target_skip_unavailable': False, 'install_base': '/home/robot/jackal_nav2_ws/install/jackal_nav2', 'merge_install': False, 'path': '/home/robot/jackal_nav2_ws/src/jackal_nav2', 'symlink_install': True, 'test_result_base': None}
[0.315s] Level 5:colcon.colcon_core.verb:set package 'lio_sam' build argument 'cmake_args' from command line to 'None'
[0.315s] Level 5:colcon.colcon_core.verb:set package 'lio_sam' build argument 'cmake_target' from command line to 'None'
[0.315s] Level 5:colcon.colcon_core.verb:set package 'lio_sam' build argument 'cmake_target_skip_unavailable' from command line to 'False'
[0.315s] Level 5:colcon.colcon_core.verb:set package 'lio_sam' build argument 'cmake_clean_cache' from command line to 'False'
[0.315s] Level 5:colcon.colcon_core.verb:set package 'lio_sam' build argument 'cmake_clean_first' from command line to 'False'
[0.315s] Level 5:colcon.colcon_core.verb:set package 'lio_sam' build argument 'cmake_force_configure' from command line to 'False'
[0.315s] Level 5:colcon.colcon_core.verb:set package 'lio_sam' build argument 'ament_cmake_args' from command line to 'None'
[0.315s] Level 5:colcon.colcon_core.verb:set package 'lio_sam' build argument 'catkin_cmake_args' from command line to 'None'
[0.315s] Level 5:colcon.colcon_core.verb:set package 'lio_sam' build argument 'catkin_skip_building_tests' from command line to 'False'
[0.315s] DEBUG:colcon.colcon_core.verb:Building package 'lio_sam' with the following arguments: {'ament_cmake_args': None, 'build_base': '/home/robot/jackal_nav2_ws/build/lio_sam', 'catkin_cmake_args': None, 'catkin_skip_building_tests': False, 'cmake_args': None, 'cmake_clean_cache': False, 'cmake_clean_first': False, 'cmake_force_configure': False, 'cmake_target': None, 'cmake_target_skip_unavailable': False, 'install_base': '/home/robot/jackal_nav2_ws/install/lio_sam', 'merge_install': False, 'path': '/home/robot/jackal_nav2_ws/src/LIO-SAM', 'symlink_install': True, 'test_result_base': None}
[0.315s] INFO:colcon.colcon_core.executor:Executing jobs using 'parallel' executor
[0.316s] DEBUG:colcon.colcon_parallel_executor.executor.parallel:run_until_complete
[0.317s] INFO:colcon.colcon_ros.task.ament_cmake.build:Building ROS package in '/home/robot/jackal_nav2_ws/src/jackal_nav2' with build type 'ament_cmake'
[0.317s] INFO:colcon.colcon_cmake.task.cmake.build:Building CMake package in '/home/robot/jackal_nav2_ws/src/jackal_nav2'
[0.319s] INFO:colcon.colcon_core.plugin_system:Skipping extension 'colcon_core.shell.bat': Not used on non-Windows systems
[0.319s] INFO:colcon.colcon_core.shell:Skip shell extension 'powershell' for command environment: Not usable outside of PowerShell
[0.319s] DEBUG:colcon.colcon_core.shell:Skip shell extension 'dsv' for command environment
[0.326s] INFO:colcon.colcon_ros.task.ament_cmake.build:Building ROS package in '/home/robot/jackal_nav2_ws/src/LIO-SAM' with build type 'ament_cmake'
[0.326s] INFO:colcon.colcon_cmake.task.cmake.build:Building CMake package in '/home/robot/jackal_nav2_ws/src/LIO-SAM'
[0.326s] INFO:colcon.colcon_core.shell:Skip shell extension 'powershell' for command environment: Not usable outside of PowerShell
[0.327s] DEBUG:colcon.colcon_core.shell:Skip shell extension 'dsv' for command environment
[0.337s] DEBUG:colcon.colcon_core.event_handler.log_command:Invoking command in '/home/robot/jackal_nav2_ws/build/jackal_nav2': CMAKE_PREFIX_PATH=${CMAKE_PREFIX_PATH}:/opt/ros/jazzy DEBUGINFOD_URLS=https://debuginfod.ubuntu.com NX_CONNECTION=10.147.78.120 34510 10.159.67.249 4000 /usr/bin/cmake --build /home/robot/jackal_nav2_ws/build/jackal_nav2 -- -j8 -l8
[0.343s] DEBUG:colcon.colcon_core.event_handler.log_command:Invoking command in '/home/robot/jackal_nav2_ws/build/lio_sam': CMAKE_PREFIX_PATH=${CMAKE_PREFIX_PATH}:/opt/ros/jazzy DEBUGINFOD_URLS=https://debuginfod.ubuntu.com NX_CONNECTION=10.147.78.120 34510 10.159.67.249 4000 /usr/bin/cmake --build /home/robot/jackal_nav2_ws/build/lio_sam -- -j8 -l8
[0.380s] DEBUG:colcon.colcon_core.event_handler.log_command:Invoked command in '/home/robot/jackal_nav2_ws/build/jackal_nav2' returned '0': CMAKE_PREFIX_PATH=${CMAKE_PREFIX_PATH}:/opt/ros/jazzy DEBUGINFOD_URLS=https://debuginfod.ubuntu.com NX_CONNECTION=10.147.78.120 34510 10.159.67.249 4000 /usr/bin/cmake --build /home/robot/jackal_nav2_ws/build/jackal_nav2 -- -j8 -l8
[0.390s] DEBUG:colcon.colcon_core.event_handler.log_command:Invoking command in '/home/robot/jackal_nav2_ws/build/jackal_nav2': CMAKE_PREFIX_PATH=${CMAKE_PREFIX_PATH}:/opt/ros/jazzy DEBUGINFOD_URLS=https://debuginfod.ubuntu.com NX_CONNECTION=10.147.78.120 34510 10.159.67.249 4000 /usr/bin/cmake --install /home/robot/jackal_nav2_ws/build/jackal_nav2
[0.414s] Level 1:colcon.colcon_core.environment:create_environment_scripts_only(jackal_nav2)
[0.415s] DEBUG:colcon.colcon_core.event_handler.log_command:Invoked command in '/home/robot/jackal_nav2_ws/build/jackal_nav2' returned '0': CMAKE_PREFIX_PATH=${CMAKE_PREFIX_PATH}:/opt/ros/jazzy DEBUGINFOD_URLS=https://debuginfod.ubuntu.com NX_CONNECTION=10.147.78.120 34510 10.159.67.249 4000 /usr/bin/cmake --install /home/robot/jackal_nav2_ws/build/jackal_nav2
[0.418s] Level 1:colcon.colcon_core.environment:checking '/home/robot/jackal_nav2_ws/install/jackal_nav2' for CMake module files
[0.418s] Level 1:colcon.colcon_core.environment:checking '/home/robot/jackal_nav2_ws/install/jackal_nav2' for CMake config files
[0.419s] Level 1:colcon.colcon_core.shell:create_environment_hook('jackal_nav2', 'cmake_prefix_path')
[0.419s] INFO:colcon.colcon_core.shell:Creating environment hook '/home/robot/jackal_nav2_ws/install/jackal_nav2/share/jackal_nav2/hook/cmake_prefix_path.ps1'
[0.420s] INFO:colcon.colcon_core.shell:Creating environment descriptor '/home/robot/jackal_nav2_ws/install/jackal_nav2/share/jackal_nav2/hook/cmake_prefix_path.dsv'
[0.420s] INFO:colcon.colcon_core.shell:Creating environment hook '/home/robot/jackal_nav2_ws/install/jackal_nav2/share/jackal_nav2/hook/cmake_prefix_path.sh'
[0.422s] Level 1:colcon.colcon_core.environment:checking '/home/robot/jackal_nav2_ws/install/jackal_nav2/bin'
[0.422s] Level 1:colcon.colcon_core.environment:checking '/home/robot/jackal_nav2_ws/install/jackal_nav2/lib/pkgconfig/jackal_nav2.pc'
[0.422s] Level 1:colcon.colcon_core.environment:checking '/home/robot/jackal_nav2_ws/install/jackal_nav2/lib/python3.12/site-packages'
[0.423s] Level 1:colcon.colcon_core.environment:checking '/home/robot/jackal_nav2_ws/install/jackal_nav2/bin'
[0.423s] INFO:colcon.colcon_core.shell:Creating package script '/home/robot/jackal_nav2_ws/install/jackal_nav2/share/jackal_nav2/package.ps1'
[0.424s] INFO:colcon.colcon_core.shell:Creating package descriptor '/home/robot/jackal_nav2_ws/install/jackal_nav2/share/jackal_nav2/package.dsv'
[0.425s] INFO:colcon.colcon_core.shell:Creating package script '/home/robot/jackal_nav2_ws/install/jackal_nav2/share/jackal_nav2/package.sh'
[0.426s] INFO:colcon.colcon_core.shell:Creating package script '/home/robot/jackal_nav2_ws/install/jackal_nav2/share/jackal_nav2/package.bash'
[0.427s] INFO:colcon.colcon_core.shell:Creating package script '/home/robot/jackal_nav2_ws/install/jackal_nav2/share/jackal_nav2/package.zsh'
[0.428s] Level 1:colcon.colcon_core.environment:create_file_with_runtime_dependencies(/home/robot/jackal_nav2_ws/install/jackal_nav2/share/colcon-core/packages/jackal_nav2)
[0.429s] Level 1:colcon.colcon_core.environment:create_environment_scripts_only(jackal_nav2)
[0.429s] Level 1:colcon.colcon_core.environment:checking '/home/robot/jackal_nav2_ws/install/jackal_nav2' for CMake module files
[0.430s] Level 1:colcon.colcon_core.environment:checking '/home/robot/jackal_nav2_ws/install/jackal_nav2' for CMake config files
[0.430s] Level 1:colcon.colcon_core.shell:create_environment_hook('jackal_nav2', 'cmake_prefix_path')
[0.431s] INFO:colcon.colcon_core.shell:Creating environment hook '/home/robot/jackal_nav2_ws/install/jackal_nav2/share/jackal_nav2/hook/cmake_prefix_path.ps1'
[0.431s] INFO:colcon.colcon_core.shell:Creating environment descriptor '/home/robot/jackal_nav2_ws/install/jackal_nav2/share/jackal_nav2/hook/cmake_prefix_path.dsv'
[0.432s] INFO:colcon.colcon_core.shell:Creating environment hook '/home/robot/jackal_nav2_ws/install/jackal_nav2/share/jackal_nav2/hook/cmake_prefix_path.sh'
[0.433s] Level 1:colcon.colcon_core.environment:checking '/home/robot/jackal_nav2_ws/install/jackal_nav2/bin'
[0.433s] Level 1:colcon.colcon_core.environment:checking '/home/robot/jackal_nav2_ws/install/jackal_nav2/lib/pkgconfig/jackal_nav2.pc'
[0.433s] Level 1:colcon.colcon_core.environment:checking '/home/robot/jackal_nav2_ws/install/jackal_nav2/lib/python3.12/site-packages'
[0.434s] Level 1:colcon.colcon_core.environment:checking '/home/robot/jackal_nav2_ws/install/jackal_nav2/bin'
[0.434s] INFO:colcon.colcon_core.shell:Creating package script '/home/robot/jackal_nav2_ws/install/jackal_nav2/share/jackal_nav2/package.ps1'
[0.435s] INFO:colcon.colcon_core.shell:Creating package descriptor '/home/robot/jackal_nav2_ws/install/jackal_nav2/share/jackal_nav2/package.dsv'
[0.435s] INFO:colcon.colcon_core.shell:Creating package script '/home/robot/jackal_nav2_ws/install/jackal_nav2/share/jackal_nav2/package.sh'
[0.436s] INFO:colcon.colcon_core.shell:Creating package script '/home/robot/jackal_nav2_ws/install/jackal_nav2/share/jackal_nav2/package.bash'
[0.437s] INFO:colcon.colcon_core.shell:Creating package script '/home/robot/jackal_nav2_ws/install/jackal_nav2/share/jackal_nav2/package.zsh'
[0.437s] Level 1:colcon.colcon_core.environment:create_file_with_runtime_dependencies(/home/robot/jackal_nav2_ws/install/jackal_nav2/share/colcon-core/packages/jackal_nav2)
[0.911s] DEBUG:colcon.colcon_core.event_handler.log_command:Invoked command in '/home/robot/jackal_nav2_ws/build/lio_sam' returned '0': CMAKE_PREFIX_PATH=${CMAKE_PREFIX_PATH}:/opt/ros/jazzy DEBUGINFOD_URLS=https://debuginfod.ubuntu.com NX_CONNECTION=10.147.78.120 34510 10.159.67.249 4000 /usr/bin/cmake --build /home/robot/jackal_nav2_ws/build/lio_sam -- -j8 -l8
[0.913s] DEBUG:colcon.colcon_core.event_handler.log_command:Invoking command in '/home/robot/jackal_nav2_ws/build/lio_sam': CMAKE_PREFIX_PATH=${CMAKE_PREFIX_PATH}:/opt/ros/jazzy DEBUGINFOD_URLS=https://debuginfod.ubuntu.com NX_CONNECTION=10.147.78.120 34510 10.159.67.249 4000 /usr/bin/cmake --install /home/robot/jackal_nav2_ws/build/lio_sam
[1.005s] Level 1:colcon.colcon_core.environment:create_environment_scripts_only(lio_sam)
[1.006s] Level 1:colcon.colcon_core.environment:checking '/home/robot/jackal_nav2_ws/install/lio_sam' for CMake module files
[1.006s] DEBUG:colcon.colcon_core.event_handler.log_command:Invoked command in '/home/robot/jackal_nav2_ws/build/lio_sam' returned '0': CMAKE_PREFIX_PATH=${CMAKE_PREFIX_PATH}:/opt/ros/jazzy DEBUGINFOD_URLS=https://debuginfod.ubuntu.com NX_CONNECTION=10.147.78.120 34510 10.159.67.249 4000 /usr/bin/cmake --install /home/robot/jackal_nav2_ws/build/lio_sam
[1.007s] Level 1:colcon.colcon_core.environment:checking '/home/robot/jackal_nav2_ws/install/lio_sam' for CMake config files
[1.007s] Level 1:colcon.colcon_core.shell:create_environment_hook('lio_sam', 'cmake_prefix_path')
[1.007s] INFO:colcon.colcon_core.shell:Creating environment hook '/home/robot/jackal_nav2_ws/install/lio_sam/share/lio_sam/hook/cmake_prefix_path.ps1'
[1.008s] INFO:colcon.colcon_core.shell:Creating environment descriptor '/home/robot/jackal_nav2_ws/install/lio_sam/share/lio_sam/hook/cmake_prefix_path.dsv'
[1.008s] INFO:colcon.colcon_core.shell:Creating environment hook '/home/robot/jackal_nav2_ws/install/lio_sam/share/lio_sam/hook/cmake_prefix_path.sh'
[1.009s] Level 1:colcon.colcon_core.environment:checking '/home/robot/jackal_nav2_ws/install/lio_sam/lib'
[1.009s] Level 1:colcon.colcon_core.shell:create_environment_hook('lio_sam', 'ld_library_path_lib')
[1.009s] INFO:colcon.colcon_core.shell:Creating environment hook '/home/robot/jackal_nav2_ws/install/lio_sam/share/lio_sam/hook/ld_library_path_lib.ps1'
[1.009s] INFO:colcon.colcon_core.shell:Creating environment descriptor '/home/robot/jackal_nav2_ws/install/lio_sam/share/lio_sam/hook/ld_library_path_lib.dsv'
[1.010s] INFO:colcon.colcon_core.shell:Creating environment hook '/home/robot/jackal_nav2_ws/install/lio_sam/share/lio_sam/hook/ld_library_path_lib.sh'
[1.010s] Level 1:colcon.colcon_core.environment:checking '/home/robot/jackal_nav2_ws/install/lio_sam/bin'
[1.010s] Level 1:colcon.colcon_core.environment:checking '/home/robot/jackal_nav2_ws/install/lio_sam/lib/pkgconfig/lio_sam.pc'
[1.010s] Level 1:colcon.colcon_core.environment:checking '/home/robot/jackal_nav2_ws/install/lio_sam/lib/python3.12/site-packages'
[1.011s] Level 1:colcon.colcon_core.shell:create_environment_hook('lio_sam', 'pythonpath')
[1.011s] INFO:colcon.colcon_core.shell:Creating environment hook '/home/robot/jackal_nav2_ws/install/lio_sam/share/lio_sam/hook/pythonpath.ps1'
[1.011s] INFO:colcon.colcon_core.shell:Creating environment descriptor '/home/robot/jackal_nav2_ws/install/lio_sam/share/lio_sam/hook/pythonpath.dsv'
[1.012s] INFO:colcon.colcon_core.shell:Creating environment hook '/home/robot/jackal_nav2_ws/install/lio_sam/share/lio_sam/hook/pythonpath.sh'
[1.013s] Level 1:colcon.colcon_core.environment:checking '/home/robot/jackal_nav2_ws/install/lio_sam/bin'
[1.013s] INFO:colcon.colcon_core.shell:Creating package script '/home/robot/jackal_nav2_ws/install/lio_sam/share/lio_sam/package.ps1'
[1.013s] INFO:colcon.colcon_core.shell:Creating package descriptor '/home/robot/jackal_nav2_ws/install/lio_sam/share/lio_sam/package.dsv'
[1.014s] INFO:colcon.colcon_core.shell:Creating package script '/home/robot/jackal_nav2_ws/install/lio_sam/share/lio_sam/package.sh'
[1.014s] INFO:colcon.colcon_core.shell:Creating package script '/home/robot/jackal_nav2_ws/install/lio_sam/share/lio_sam/package.bash'
[1.015s] INFO:colcon.colcon_core.shell:Creating package script '/home/robot/jackal_nav2_ws/install/lio_sam/share/lio_sam/package.zsh'
[1.015s] Level 1:colcon.colcon_core.environment:create_file_with_runtime_dependencies(/home/robot/jackal_nav2_ws/install/lio_sam/share/colcon-core/packages/lio_sam)
[1.016s] Level 1:colcon.colcon_core.environment:create_environment_scripts_only(lio_sam)
[1.016s] Level 1:colcon.colcon_core.environment:checking '/home/robot/jackal_nav2_ws/install/lio_sam' for CMake module files
[1.016s] Level 1:colcon.colcon_core.environment:checking '/home/robot/jackal_nav2_ws/install/lio_sam' for CMake config files
[1.017s] Level 1:colcon.colcon_core.shell:create_environment_hook('lio_sam', 'cmake_prefix_path')
[1.017s] INFO:colcon.colcon_core.shell:Creating environment hook '/home/robot/jackal_nav2_ws/install/lio_sam/share/lio_sam/hook/cmake_prefix_path.ps1'
[1.018s] INFO:colcon.colcon_core.shell:Creating environment descriptor '/home/robot/jackal_nav2_ws/install/lio_sam/share/lio_sam/hook/cmake_prefix_path.dsv'
[1.018s] INFO:colcon.colcon_core.shell:Creating environment hook '/home/robot/jackal_nav2_ws/install/lio_sam/share/lio_sam/hook/cmake_prefix_path.sh'
[1.019s] Level 1:colcon.colcon_core.environment:checking '/home/robot/jackal_nav2_ws/install/lio_sam/lib'
[1.019s] Level 1:colcon.colcon_core.shell:create_environment_hook('lio_sam', 'ld_library_path_lib')
[1.019s] INFO:colcon.colcon_core.shell:Creating environment hook '/home/robot/jackal_nav2_ws/install/lio_sam/share/lio_sam/hook/ld_library_path_lib.ps1'
[1.019s] INFO:colcon.colcon_core.shell:Creating environment descriptor '/home/robot/jackal_nav2_ws/install/lio_sam/share/lio_sam/hook/ld_library_path_lib.dsv'
[1.020s] INFO:colcon.colcon_core.shell:Creating environment hook '/home/robot/jackal_nav2_ws/install/lio_sam/share/lio_sam/hook/ld_library_path_lib.sh'
[1.020s] Level 1:colcon.colcon_core.environment:checking '/home/robot/jackal_nav2_ws/install/lio_sam/bin'
[1.020s] Level 1:colcon.colcon_core.environment:checking '/home/robot/jackal_nav2_ws/install/lio_sam/lib/pkgconfig/lio_sam.pc'
[1.020s] Level 1:colcon.colcon_core.environment:checking '/home/robot/jackal_nav2_ws/install/lio_sam/lib/python3.12/site-packages'
[1.021s] Level 1:colcon.colcon_core.shell:create_environment_hook('lio_sam', 'pythonpath')
[1.021s] INFO:colcon.colcon_core.shell:Creating environment hook '/home/robot/jackal_nav2_ws/install/lio_sam/share/lio_sam/hook/pythonpath.ps1'
[1.021s] INFO:colcon.colcon_core.shell:Creating environment descriptor '/home/robot/jackal_nav2_ws/install/lio_sam/share/lio_sam/hook/pythonpath.dsv'
[1.022s] INFO:colcon.colcon_core.shell:Creating environment hook '/home/robot/jackal_nav2_ws/install/lio_sam/share/lio_sam/hook/pythonpath.sh'
[1.022s] Level 1:colcon.colcon_core.environment:checking '/home/robot/jackal_nav2_ws/install/lio_sam/bin'
[1.023s] INFO:colcon.colcon_core.shell:Creating package script '/home/robot/jackal_nav2_ws/install/lio_sam/share/lio_sam/package.ps1'
[1.023s] INFO:colcon.colcon_core.shell:Creating package descriptor '/home/robot/jackal_nav2_ws/install/lio_sam/share/lio_sam/package.dsv'
[1.024s] INFO:colcon.colcon_core.shell:Creating package script '/home/robot/jackal_nav2_ws/install/lio_sam/share/lio_sam/package.sh'
[1.025s] INFO:colcon.colcon_core.shell:Creating package script '/home/robot/jackal_nav2_ws/install/lio_sam/share/lio_sam/package.bash'
[1.025s] INFO:colcon.colcon_core.shell:Creating package script '/home/robot/jackal_nav2_ws/install/lio_sam/share/lio_sam/package.zsh'
[1.026s] Level 1:colcon.colcon_core.environment:create_file_with_runtime_dependencies(/home/robot/jackal_nav2_ws/install/lio_sam/share/colcon-core/packages/lio_sam)
[1.026s] DEBUG:colcon.colcon_parallel_executor.executor.parallel:closing loop
[1.026s] DEBUG:colcon.colcon_parallel_executor.executor.parallel:loop closed
[1.026s] DEBUG:colcon.colcon_parallel_executor.executor.parallel:run_until_complete finished with '0'
[1.027s] DEBUG:colcon.colcon_core.event_reactor:joining thread
[1.032s] INFO:colcon.colcon_core.plugin_system:Skipping extension 'colcon_notification.desktop_notification.terminal_notifier': Not used on non-Darwin systems
[1.032s] INFO:colcon.colcon_core.plugin_system:Skipping extension 'colcon_notification.desktop_notification.win32': Not used on non-Windows systems
[1.032s] INFO:colcon.colcon_notification.desktop_notification:Sending desktop notification using 'notify2'
[1.047s] DEBUG:colcon.colcon_core.event_reactor:joined thread
[1.047s] INFO:colcon.colcon_core.shell:Creating prefix script '/home/robot/jackal_nav2_ws/install/local_setup.ps1'
[1.048s] INFO:colcon.colcon_core.shell:Creating prefix util module '/home/robot/jackal_nav2_ws/install/_local_setup_util_ps1.py'
[1.049s] INFO:colcon.colcon_core.shell:Creating prefix chain script '/home/robot/jackal_nav2_ws/install/setup.ps1'
[1.050s] INFO:colcon.colcon_core.shell:Creating prefix script '/home/robot/jackal_nav2_ws/install/local_setup.sh'
[1.051s] INFO:colcon.colcon_core.shell:Creating prefix util module '/home/robot/jackal_nav2_ws/install/_local_setup_util_sh.py'
[1.051s] INFO:colcon.colcon_core.shell:Creating prefix chain script '/home/robot/jackal_nav2_ws/install/setup.sh'
[1.052s] INFO:colcon.colcon_core.shell:Creating prefix script '/home/robot/jackal_nav2_ws/install/local_setup.bash'
[1.053s] INFO:colcon.colcon_core.shell:Creating prefix chain script '/home/robot/jackal_nav2_ws/install/setup.bash'
[1.054s] INFO:colcon.colcon_core.shell:Creating prefix script '/home/robot/jackal_nav2_ws/install/local_setup.zsh'
[1.054s] INFO:colcon.colcon_core.shell:Creating prefix chain script '/home/robot/jackal_nav2_ws/install/setup.zsh'
