-- Found ament_cmake: 2.5.4 (/opt/ros/jazzy/share/ament_cmake/cmake)
-- Override CMake install command with custom implementation using symlinks instead of copying resources
-- Configuring done (0.5s)
-- Generating done (0.0s)
-- Build files have been written to: /home/robot/jackal_nav2_ws/build/jackal_nav2
-- Install configuration: ""
-- Execute custom install script
-- Up-to-date symlink: /home/robot/jackal_nav2_ws/install/jackal_nav2/share/jackal_nav2/launch/bringup_launch.py
-- Up-to-date symlink: /home/robot/jackal_nav2_ws/install/jackal_nav2/share/jackal_nav2/launch/nav2_with_lio.launch.py
-- Up-to-date symlink: /home/robot/jackal_nav2_ws/install/jackal_nav2/share/jackal_nav2/launch/pointcloud_to_laserscan.launch.py
-- Up-to-date symlink: /home/robot/jackal_nav2_ws/install/jackal_nav2/share/jackal_nav2/config/nav2_params.yaml
-- Up-to-date symlink: /home/robot/jackal_nav2_ws/install/jackal_nav2/share/jackal_nav2/config/nav2_params.yaml.backup
-- Up-to-date symlink: /home/robot/jackal_nav2_ws/install/jackal_nav2/share/ament_index/resource_index/package_run_dependencies/jackal_nav2
-- Up-to-date symlink: /home/robot/jackal_nav2_ws/install/jackal_nav2/share/ament_index/resource_index/parent_prefix_path/jackal_nav2
-- Up-to-date symlink: /home/robot/jackal_nav2_ws/install/jackal_nav2/share/jackal_nav2/environment/ament_prefix_path.sh
-- Up-to-date symlink: /home/robot/jackal_nav2_ws/install/jackal_nav2/share/jackal_nav2/environment/ament_prefix_path.dsv
-- Up-to-date symlink: /home/robot/jackal_nav2_ws/install/jackal_nav2/share/jackal_nav2/environment/path.sh
-- Up-to-date symlink: /home/robot/jackal_nav2_ws/install/jackal_nav2/share/jackal_nav2/environment/path.dsv
-- Up-to-date symlink: /home/robot/jackal_nav2_ws/install/jackal_nav2/share/jackal_nav2/local_setup.bash
-- Up-to-date symlink: /home/robot/jackal_nav2_ws/install/jackal_nav2/share/jackal_nav2/local_setup.sh
-- Up-to-date symlink: /home/robot/jackal_nav2_ws/install/jackal_nav2/share/jackal_nav2/local_setup.zsh
-- Up-to-date symlink: /home/robot/jackal_nav2_ws/install/jackal_nav2/share/jackal_nav2/local_setup.dsv
-- Symlinking: /home/robot/jackal_nav2_ws/install/jackal_nav2/share/jackal_nav2/package.dsv
-- Up-to-date symlink: /home/robot/jackal_nav2_ws/install/jackal_nav2/share/ament_index/resource_index/packages/jackal_nav2
-- Up-to-date symlink: /home/robot/jackal_nav2_ws/install/jackal_nav2/share/jackal_nav2/cmake/jackal_nav2Config.cmake
-- Up-to-date symlink: /home/robot/jackal_nav2_ws/install/jackal_nav2/share/jackal_nav2/cmake/jackal_nav2Config-version.cmake
-- Up-to-date symlink: /home/robot/jackal_nav2_ws/install/jackal_nav2/share/jackal_nav2/package.xml
