[0.021s] Invoking command in '/home/robot/jackal_nav2_ws/build/jackal_nav2': CMAKE_PREFIX_PATH=${CMAKE_PREFIX_PATH}:/opt/ros/jazzy DEBUGINFOD_URLS=https://debuginfod.ubuntu.com /usr/bin/cmake /home/robot/jackal_nav2_ws/src/jackal_nav2 -DCMAKE_INSTALL_PREFIX=/home/robot/jackal_nav2_ws/install/jackal_nav2
[0.105s] -- Found ament_cmake: 2.5.4 (/opt/ros/jazzy/share/ament_cmake/cmake)
[0.417s] -- Override CMake install command with custom implementation using symlinks instead of copying resources
[0.577s] -- Configuring done (0.5s)
[0.588s] -- Generating done (0.0s)
[0.590s] -- Build files have been written to: /home/robot/jackal_nav2_ws/build/jackal_nav2
[0.594s] Invoked command in '/home/robot/jackal_nav2_ws/build/jackal_nav2' returned '0': CMAKE_PREFIX_PATH=${CMAKE_PREFIX_PATH}:/opt/ros/jazzy DEBUGINFOD_URLS=https://debuginfod.ubuntu.com /usr/bin/cmake /home/robot/jackal_nav2_ws/src/jackal_nav2 -DCMAKE_INSTALL_PREFIX=/home/robot/jackal_nav2_ws/install/jackal_nav2
[0.596s] Invoking command in '/home/robot/jackal_nav2_ws/build/jackal_nav2': CMAKE_PREFIX_PATH=${CMAKE_PREFIX_PATH}:/opt/ros/jazzy DEBUGINFOD_URLS=https://debuginfod.ubuntu.com /usr/bin/cmake --build /home/robot/jackal_nav2_ws/build/jackal_nav2 -- -j8 -l8
[0.639s] Invoked command in '/home/robot/jackal_nav2_ws/build/jackal_nav2' returned '0': CMAKE_PREFIX_PATH=${CMAKE_PREFIX_PATH}:/opt/ros/jazzy DEBUGINFOD_URLS=https://debuginfod.ubuntu.com /usr/bin/cmake --build /home/robot/jackal_nav2_ws/build/jackal_nav2 -- -j8 -l8
[0.650s] Invoking command in '/home/robot/jackal_nav2_ws/build/jackal_nav2': CMAKE_PREFIX_PATH=${CMAKE_PREFIX_PATH}:/opt/ros/jazzy DEBUGINFOD_URLS=https://debuginfod.ubuntu.com /usr/bin/cmake --install /home/robot/jackal_nav2_ws/build/jackal_nav2
[0.659s] -- Install configuration: ""
[0.660s] -- Execute custom install script
[0.660s] -- Up-to-date symlink: /home/robot/jackal_nav2_ws/install/jackal_nav2/share/jackal_nav2/launch/bringup_launch.py
[0.661s] -- Up-to-date symlink: /home/robot/jackal_nav2_ws/install/jackal_nav2/share/jackal_nav2/launch/nav2_with_lio.launch.py
[0.661s] -- Up-to-date symlink: /home/robot/jackal_nav2_ws/install/jackal_nav2/share/jackal_nav2/launch/pointcloud_to_laserscan.launch.py
[0.661s] -- Up-to-date symlink: /home/robot/jackal_nav2_ws/install/jackal_nav2/share/jackal_nav2/config/nav2_params.yaml
[0.661s] -- Up-to-date symlink: /home/robot/jackal_nav2_ws/install/jackal_nav2/share/jackal_nav2/config/nav2_params.yaml.backup
[0.661s] -- Up-to-date symlink: /home/robot/jackal_nav2_ws/install/jackal_nav2/share/ament_index/resource_index/package_run_dependencies/jackal_nav2
[0.662s] -- Up-to-date symlink: /home/robot/jackal_nav2_ws/install/jackal_nav2/share/ament_index/resource_index/parent_prefix_path/jackal_nav2
[0.662s] -- Up-to-date symlink: /home/robot/jackal_nav2_ws/install/jackal_nav2/share/jackal_nav2/environment/ament_prefix_path.sh
[0.662s] -- Up-to-date symlink: /home/robot/jackal_nav2_ws/install/jackal_nav2/share/jackal_nav2/environment/ament_prefix_path.dsv
[0.662s] -- Up-to-date symlink: /home/robot/jackal_nav2_ws/install/jackal_nav2/share/jackal_nav2/environment/path.sh
[0.662s] -- Up-to-date symlink: /home/robot/jackal_nav2_ws/install/jackal_nav2/share/jackal_nav2/environment/path.dsv
[0.662s] -- Up-to-date symlink: /home/robot/jackal_nav2_ws/install/jackal_nav2/share/jackal_nav2/local_setup.bash
[0.663s] -- Up-to-date symlink: /home/robot/jackal_nav2_ws/install/jackal_nav2/share/jackal_nav2/local_setup.sh
[0.663s] -- Up-to-date symlink: /home/robot/jackal_nav2_ws/install/jackal_nav2/share/jackal_nav2/local_setup.zsh
[0.663s] -- Up-to-date symlink: /home/robot/jackal_nav2_ws/install/jackal_nav2/share/jackal_nav2/local_setup.dsv
[0.663s] -- Symlinking: /home/robot/jackal_nav2_ws/install/jackal_nav2/share/jackal_nav2/package.dsv
[0.675s] -- Up-to-date symlink: /home/robot/jackal_nav2_ws/install/jackal_nav2/share/ament_index/resource_index/packages/jackal_nav2
[0.675s] -- Up-to-date symlink: /home/robot/jackal_nav2_ws/install/jackal_nav2/share/jackal_nav2/cmake/jackal_nav2Config.cmake
[0.675s] -- Up-to-date symlink: /home/robot/jackal_nav2_ws/install/jackal_nav2/share/jackal_nav2/cmake/jackal_nav2Config-version.cmake
[0.675s] -- Up-to-date symlink: /home/robot/jackal_nav2_ws/install/jackal_nav2/share/jackal_nav2/package.xml
[0.678s] Invoked command in '/home/robot/jackal_nav2_ws/build/jackal_nav2' returned '0': CMAKE_PREFIX_PATH=${CMAKE_PREFIX_PATH}:/opt/ros/jazzy DEBUGINFOD_URLS=https://debuginfod.ubuntu.com /usr/bin/cmake --install /home/robot/jackal_nav2_ws/build/jackal_nav2
