[0.119s] DEBUG:colcon:Command line arguments: ['/usr/bin/colcon', 'build', '--packages-select', 'lio_sam']
[0.119s] DEBUG:colcon:Parsed command line arguments: Namespace(log_base=None, log_level=None, verb_name='build', build_base='build', install_base='install', merge_install=False, symlink_install=False, test_result_base=None, continue_on_error=False, executor='parallel', parallel_workers=8, event_handlers=None, ignore_user_meta=False, metas=['./colcon.meta'], base_paths=['.'], packages_ignore=None, packages_ignore_regex=None, paths=None, packages_up_to=None, packages_up_to_regex=None, packages_above=None, packages_above_and_dependencies=None, packages_above_depth=None, packages_select_by_dep=None, packages_skip_by_dep=None, packages_skip_up_to=None, packages_select_build_failed=False, packages_skip_build_finished=False, packages_select_test_failures=False, packages_skip_test_passed=False, packages_select=['lio_sam'], packages_skip=None, packages_select_regex=None, packages_skip_regex=None, packages_start=None, packages_end=None, allow_overriding=[], cmake_args=None, cmake_target=None, cmake_target_skip_unavailable=False, cmake_clean_cache=False, cmake_clean_first=False, cmake_force_configure=False, ament_cmake_args=None, catkin_cmake_args=None, catkin_skip_building_tests=False, mixin_files=None, mixin=None, verb_parser=<colcon_mixin.mixin.mixin_argument.MixinArgumentDecorator object at 0x7967c53a0f80>, verb_extension=<colcon_core.verb.build.BuildVerb object at 0x7967c53a0c80>, main=<bound method BuildVerb.main of <colcon_core.verb.build.BuildVerb object at 0x7967c53a0c80>>, mixin_verb=('build',))
[0.158s] Level 1:colcon.colcon_core.package_discovery:discover_packages(colcon_meta) check parameters
[0.159s] Level 1:colcon.colcon_core.package_discovery:discover_packages(recursive) check parameters
[0.159s] Level 1:colcon.colcon_core.package_discovery:discover_packages(ignore) check parameters
[0.159s] Level 1:colcon.colcon_core.package_discovery:discover_packages(path) check parameters
[0.159s] Level 1:colcon.colcon_core.package_discovery:discover_packages(colcon_meta) discover
[0.159s] Level 1:colcon.colcon_core.package_discovery:discover_packages(recursive) discover
[0.159s] INFO:colcon.colcon_core.package_discovery:Crawling recursively for packages in '/home/robot/jackal_nav2_ws/src'
[0.159s] Level 1:colcon.colcon_core.package_identification:_identify(.) by extensions ['ignore', 'ignore_ament_install']
[0.159s] Level 1:colcon.colcon_core.package_identification:_identify(.) by extension 'ignore'
[0.159s] Level 1:colcon.colcon_core.package_identification:_identify(.) by extension 'ignore_ament_install'
[0.159s] Level 1:colcon.colcon_core.package_identification:_identify(.) by extensions ['colcon_pkg']
[0.159s] Level 1:colcon.colcon_core.package_identification:_identify(.) by extension 'colcon_pkg'
[0.159s] Level 1:colcon.colcon_core.package_identification:_identify(.) by extensions ['colcon_meta']
[0.159s] Level 1:colcon.colcon_core.package_identification:_identify(.) by extension 'colcon_meta'
[0.159s] Level 1:colcon.colcon_core.package_identification:_identify(.) by extensions ['ros']
[0.159s] Level 1:colcon.colcon_core.package_identification:_identify(.) by extension 'ros'
[0.186s] Level 1:colcon.colcon_core.package_identification:_identify(.) by extensions ['cmake', 'python']
[0.186s] Level 1:colcon.colcon_core.package_identification:_identify(.) by extension 'cmake'
[0.186s] Level 1:colcon.colcon_core.package_identification:_identify(.) by extension 'python'
[0.186s] Level 1:colcon.colcon_core.package_identification:_identify(.) by extensions ['python_setup_py']
[0.186s] Level 1:colcon.colcon_core.package_identification:_identify(.) by extension 'python_setup_py'
[0.186s] Level 1:colcon.colcon_core.package_identification:_identify(LIO-SAM) by extensions ['ignore', 'ignore_ament_install']
[0.186s] Level 1:colcon.colcon_core.package_identification:_identify(LIO-SAM) by extension 'ignore'
[0.186s] Level 1:colcon.colcon_core.package_identification:_identify(LIO-SAM) by extension 'ignore_ament_install'
[0.186s] Level 1:colcon.colcon_core.package_identification:_identify(LIO-SAM) by extensions ['colcon_pkg']
[0.186s] Level 1:colcon.colcon_core.package_identification:_identify(LIO-SAM) by extension 'colcon_pkg'
[0.186s] Level 1:colcon.colcon_core.package_identification:_identify(LIO-SAM) by extensions ['colcon_meta']
[0.186s] Level 1:colcon.colcon_core.package_identification:_identify(LIO-SAM) by extension 'colcon_meta'
[0.187s] Level 1:colcon.colcon_core.package_identification:_identify(LIO-SAM) by extensions ['ros']
[0.187s] Level 1:colcon.colcon_core.package_identification:_identify(LIO-SAM) by extension 'ros'
[0.189s] DEBUG:colcon.colcon_core.package_identification:Package 'LIO-SAM' with type 'ros.ament_cmake' and name 'lio_sam'
[0.189s] Level 1:colcon.colcon_core.package_identification:_identify(build) by extensions ['ignore', 'ignore_ament_install']
[0.189s] Level 1:colcon.colcon_core.package_identification:_identify(build) by extension 'ignore'
[0.190s] Level 1:colcon.colcon_core.package_identification:_identify(build) ignored
[0.190s] Level 1:colcon.colcon_core.package_identification:_identify(install) by extensions ['ignore', 'ignore_ament_install']
[0.190s] Level 1:colcon.colcon_core.package_identification:_identify(install) by extension 'ignore'
[0.190s] Level 1:colcon.colcon_core.package_identification:_identify(install) ignored
[0.190s] Level 1:colcon.colcon_core.package_identification:_identify(jackal_nav2) by extensions ['ignore', 'ignore_ament_install']
[0.190s] Level 1:colcon.colcon_core.package_identification:_identify(jackal_nav2) by extension 'ignore'
[0.190s] Level 1:colcon.colcon_core.package_identification:_identify(jackal_nav2) by extension 'ignore_ament_install'
[0.190s] Level 1:colcon.colcon_core.package_identification:_identify(jackal_nav2) by extensions ['colcon_pkg']
[0.190s] Level 1:colcon.colcon_core.package_identification:_identify(jackal_nav2) by extension 'colcon_pkg'
[0.190s] Level 1:colcon.colcon_core.package_identification:_identify(jackal_nav2) by extensions ['colcon_meta']
[0.190s] Level 1:colcon.colcon_core.package_identification:_identify(jackal_nav2) by extension 'colcon_meta'
[0.190s] Level 1:colcon.colcon_core.package_identification:_identify(jackal_nav2) by extensions ['ros']
[0.190s] Level 1:colcon.colcon_core.package_identification:_identify(jackal_nav2) by extension 'ros'
[0.191s] DEBUG:colcon.colcon_core.package_identification:Package 'jackal_nav2' with type 'ros.ament_cmake' and name 'jackal_nav2'
[0.191s] Level 1:colcon.colcon_core.package_identification:_identify(log) by extensions ['ignore', 'ignore_ament_install']
[0.191s] Level 1:colcon.colcon_core.package_identification:_identify(log) by extension 'ignore'
[0.191s] Level 1:colcon.colcon_core.package_identification:_identify(log) ignored
[0.191s] Level 1:colcon.colcon_core.package_discovery:discover_packages(recursive) using defaults
[0.191s] Level 1:colcon.colcon_core.package_discovery:discover_packages(ignore) discover
[0.192s] Level 1:colcon.colcon_core.package_discovery:discover_packages(ignore) using defaults
[0.192s] Level 1:colcon.colcon_core.package_discovery:discover_packages(path) discover
[0.192s] Level 1:colcon.colcon_core.package_discovery:discover_packages(path) using defaults
[0.210s] INFO:colcon.colcon_core.package_selection:Skipping not selected package 'jackal_nav2' in 'jackal_nav2'
[0.210s] Level 1:colcon.colcon_core.package_discovery:discover_packages(prefix_path) check parameters
[0.210s] Level 1:colcon.colcon_core.package_discovery:discover_packages(prefix_path) discover
[0.212s] DEBUG:colcon.colcon_installed_package_information.package_discovery:Found 2 installed packages in /home/robot/jackal_nav2_ws/install
[0.214s] DEBUG:colcon.colcon_installed_package_information.package_discovery:Found 490 installed packages in /opt/ros/jazzy
[0.216s] Level 1:colcon.colcon_core.package_discovery:discover_packages(prefix_path) using defaults
[0.280s] Level 5:colcon.colcon_core.verb:set package 'lio_sam' build argument 'cmake_args' from command line to 'None'
[0.280s] Level 5:colcon.colcon_core.verb:set package 'lio_sam' build argument 'cmake_target' from command line to 'None'
[0.280s] Level 5:colcon.colcon_core.verb:set package 'lio_sam' build argument 'cmake_target_skip_unavailable' from command line to 'False'
[0.280s] Level 5:colcon.colcon_core.verb:set package 'lio_sam' build argument 'cmake_clean_cache' from command line to 'False'
[0.280s] Level 5:colcon.colcon_core.verb:set package 'lio_sam' build argument 'cmake_clean_first' from command line to 'False'
[0.280s] Level 5:colcon.colcon_core.verb:set package 'lio_sam' build argument 'cmake_force_configure' from command line to 'False'
[0.280s] Level 5:colcon.colcon_core.verb:set package 'lio_sam' build argument 'ament_cmake_args' from command line to 'None'
[0.280s] Level 5:colcon.colcon_core.verb:set package 'lio_sam' build argument 'catkin_cmake_args' from command line to 'None'
[0.280s] Level 5:colcon.colcon_core.verb:set package 'lio_sam' build argument 'catkin_skip_building_tests' from command line to 'False'
[0.280s] DEBUG:colcon.colcon_core.verb:Building package 'lio_sam' with the following arguments: {'ament_cmake_args': None, 'build_base': '/home/robot/jackal_nav2_ws/src/build/lio_sam', 'catkin_cmake_args': None, 'catkin_skip_building_tests': False, 'cmake_args': None, 'cmake_clean_cache': False, 'cmake_clean_first': False, 'cmake_force_configure': False, 'cmake_target': None, 'cmake_target_skip_unavailable': False, 'install_base': '/home/robot/jackal_nav2_ws/src/install/lio_sam', 'merge_install': False, 'path': '/home/robot/jackal_nav2_ws/src/LIO-SAM', 'symlink_install': False, 'test_result_base': None}
[0.281s] INFO:colcon.colcon_core.executor:Executing jobs using 'parallel' executor
[0.281s] DEBUG:colcon.colcon_parallel_executor.executor.parallel:run_until_complete
[0.281s] INFO:colcon.colcon_ros.task.ament_cmake.build:Building ROS package in '/home/robot/jackal_nav2_ws/src/LIO-SAM' with build type 'ament_cmake'
[0.281s] INFO:colcon.colcon_cmake.task.cmake.build:Building CMake package in '/home/robot/jackal_nav2_ws/src/LIO-SAM'
[0.284s] INFO:colcon.colcon_core.plugin_system:Skipping extension 'colcon_core.shell.bat': Not used on non-Windows systems
[0.284s] INFO:colcon.colcon_core.shell:Skip shell extension 'powershell' for command environment: Not usable outside of PowerShell
[0.284s] DEBUG:colcon.colcon_core.shell:Skip shell extension 'dsv' for command environment
[0.291s] DEBUG:colcon.colcon_core.event_handler.log_command:Invoking command in '/home/robot/jackal_nav2_ws/src/build/lio_sam': CMAKE_PREFIX_PATH=${CMAKE_PREFIX_PATH}:/opt/ros/jazzy DEBUGINFOD_URLS=https://debuginfod.ubuntu.com /usr/bin/cmake /home/robot/jackal_nav2_ws/src/LIO-SAM -DCMAKE_INSTALL_PREFIX=/home/robot/jackal_nav2_ws/src/install/lio_sam
[9.932s] DEBUG:colcon.colcon_core.event_handler.log_command:Invoked command in '/home/robot/jackal_nav2_ws/src/build/lio_sam' returned '0': CMAKE_PREFIX_PATH=${CMAKE_PREFIX_PATH}:/opt/ros/jazzy DEBUGINFOD_URLS=https://debuginfod.ubuntu.com /usr/bin/cmake /home/robot/jackal_nav2_ws/src/LIO-SAM -DCMAKE_INSTALL_PREFIX=/home/robot/jackal_nav2_ws/src/install/lio_sam
[9.934s] DEBUG:colcon.colcon_core.event_handler.log_command:Invoking command in '/home/robot/jackal_nav2_ws/src/build/lio_sam': CMAKE_PREFIX_PATH=${CMAKE_PREFIX_PATH}:/opt/ros/jazzy DEBUGINFOD_URLS=https://debuginfod.ubuntu.com /usr/bin/cmake --build /home/robot/jackal_nav2_ws/src/build/lio_sam -- -j8 -l8
[78.401s] DEBUG:colcon.colcon_core.event_handler.log_command:Invoked command in '/home/robot/jackal_nav2_ws/src/build/lio_sam' returned '0': CMAKE_PREFIX_PATH=${CMAKE_PREFIX_PATH}:/opt/ros/jazzy DEBUGINFOD_URLS=https://debuginfod.ubuntu.com /usr/bin/cmake --build /home/robot/jackal_nav2_ws/src/build/lio_sam -- -j8 -l8
[78.412s] DEBUG:colcon.colcon_core.event_handler.log_command:Invoking command in '/home/robot/jackal_nav2_ws/src/build/lio_sam': CMAKE_PREFIX_PATH=${CMAKE_PREFIX_PATH}:/opt/ros/jazzy DEBUGINFOD_URLS=https://debuginfod.ubuntu.com /usr/bin/cmake --install /home/robot/jackal_nav2_ws/src/build/lio_sam
[78.812s] Level 1:colcon.colcon_core.environment:create_environment_scripts_only(lio_sam)
[78.812s] DEBUG:colcon.colcon_core.event_handler.log_command:Invoked command in '/home/robot/jackal_nav2_ws/src/build/lio_sam' returned '0': CMAKE_PREFIX_PATH=${CMAKE_PREFIX_PATH}:/opt/ros/jazzy DEBUGINFOD_URLS=https://debuginfod.ubuntu.com /usr/bin/cmake --install /home/robot/jackal_nav2_ws/src/build/lio_sam
[78.814s] Level 1:colcon.colcon_core.environment:checking '/home/robot/jackal_nav2_ws/src/install/lio_sam' for CMake module files
[78.815s] Level 1:colcon.colcon_core.environment:checking '/home/robot/jackal_nav2_ws/src/install/lio_sam' for CMake config files
[78.815s] Level 1:colcon.colcon_core.shell:create_environment_hook('lio_sam', 'cmake_prefix_path')
[78.815s] INFO:colcon.colcon_core.shell:Creating environment hook '/home/robot/jackal_nav2_ws/src/install/lio_sam/share/lio_sam/hook/cmake_prefix_path.ps1'
[78.816s] INFO:colcon.colcon_core.shell:Creating environment descriptor '/home/robot/jackal_nav2_ws/src/install/lio_sam/share/lio_sam/hook/cmake_prefix_path.dsv'
[78.816s] INFO:colcon.colcon_core.shell:Creating environment hook '/home/robot/jackal_nav2_ws/src/install/lio_sam/share/lio_sam/hook/cmake_prefix_path.sh'
[78.817s] Level 1:colcon.colcon_core.environment:checking '/home/robot/jackal_nav2_ws/src/install/lio_sam/lib'
[78.817s] Level 1:colcon.colcon_core.shell:create_environment_hook('lio_sam', 'ld_library_path_lib')
[78.817s] INFO:colcon.colcon_core.shell:Creating environment hook '/home/robot/jackal_nav2_ws/src/install/lio_sam/share/lio_sam/hook/ld_library_path_lib.ps1'
[78.817s] INFO:colcon.colcon_core.shell:Creating environment descriptor '/home/robot/jackal_nav2_ws/src/install/lio_sam/share/lio_sam/hook/ld_library_path_lib.dsv'
[78.818s] INFO:colcon.colcon_core.shell:Creating environment hook '/home/robot/jackal_nav2_ws/src/install/lio_sam/share/lio_sam/hook/ld_library_path_lib.sh'
[78.818s] Level 1:colcon.colcon_core.environment:checking '/home/robot/jackal_nav2_ws/src/install/lio_sam/bin'
[78.818s] Level 1:colcon.colcon_core.environment:checking '/home/robot/jackal_nav2_ws/src/install/lio_sam/lib/pkgconfig/lio_sam.pc'
[78.818s] Level 1:colcon.colcon_core.environment:checking '/home/robot/jackal_nav2_ws/src/install/lio_sam/lib/python3.12/site-packages'
[78.818s] Level 1:colcon.colcon_core.shell:create_environment_hook('lio_sam', 'pythonpath')
[78.819s] INFO:colcon.colcon_core.shell:Creating environment hook '/home/robot/jackal_nav2_ws/src/install/lio_sam/share/lio_sam/hook/pythonpath.ps1'
[78.819s] INFO:colcon.colcon_core.shell:Creating environment descriptor '/home/robot/jackal_nav2_ws/src/install/lio_sam/share/lio_sam/hook/pythonpath.dsv'
[78.819s] INFO:colcon.colcon_core.shell:Creating environment hook '/home/robot/jackal_nav2_ws/src/install/lio_sam/share/lio_sam/hook/pythonpath.sh'
[78.820s] Level 1:colcon.colcon_core.environment:checking '/home/robot/jackal_nav2_ws/src/install/lio_sam/bin'
[78.820s] INFO:colcon.colcon_core.shell:Creating package script '/home/robot/jackal_nav2_ws/src/install/lio_sam/share/lio_sam/package.ps1'
[78.821s] INFO:colcon.colcon_core.shell:Creating package descriptor '/home/robot/jackal_nav2_ws/src/install/lio_sam/share/lio_sam/package.dsv'
[78.821s] INFO:colcon.colcon_core.shell:Creating package script '/home/robot/jackal_nav2_ws/src/install/lio_sam/share/lio_sam/package.sh'
[78.822s] INFO:colcon.colcon_core.shell:Creating package script '/home/robot/jackal_nav2_ws/src/install/lio_sam/share/lio_sam/package.bash'
[78.823s] INFO:colcon.colcon_core.shell:Creating package script '/home/robot/jackal_nav2_ws/src/install/lio_sam/share/lio_sam/package.zsh'
[78.823s] Level 1:colcon.colcon_core.environment:create_file_with_runtime_dependencies(/home/robot/jackal_nav2_ws/src/install/lio_sam/share/colcon-core/packages/lio_sam)
[78.824s] Level 1:colcon.colcon_core.environment:create_environment_scripts_only(lio_sam)
[78.824s] Level 1:colcon.colcon_core.environment:checking '/home/robot/jackal_nav2_ws/src/install/lio_sam' for CMake module files
[78.824s] Level 1:colcon.colcon_core.environment:checking '/home/robot/jackal_nav2_ws/src/install/lio_sam' for CMake config files
[78.825s] Level 1:colcon.colcon_core.shell:create_environment_hook('lio_sam', 'cmake_prefix_path')
[78.825s] INFO:colcon.colcon_core.shell:Creating environment hook '/home/robot/jackal_nav2_ws/src/install/lio_sam/share/lio_sam/hook/cmake_prefix_path.ps1'
[78.825s] INFO:colcon.colcon_core.shell:Creating environment descriptor '/home/robot/jackal_nav2_ws/src/install/lio_sam/share/lio_sam/hook/cmake_prefix_path.dsv'
[78.825s] INFO:colcon.colcon_core.shell:Creating environment hook '/home/robot/jackal_nav2_ws/src/install/lio_sam/share/lio_sam/hook/cmake_prefix_path.sh'
[78.826s] Level 1:colcon.colcon_core.environment:checking '/home/robot/jackal_nav2_ws/src/install/lio_sam/lib'
[78.826s] Level 1:colcon.colcon_core.shell:create_environment_hook('lio_sam', 'ld_library_path_lib')
[78.826s] INFO:colcon.colcon_core.shell:Creating environment hook '/home/robot/jackal_nav2_ws/src/install/lio_sam/share/lio_sam/hook/ld_library_path_lib.ps1'
[78.838s] INFO:colcon.colcon_core.shell:Creating environment descriptor '/home/robot/jackal_nav2_ws/src/install/lio_sam/share/lio_sam/hook/ld_library_path_lib.dsv'
[78.838s] INFO:colcon.colcon_core.shell:Creating environment hook '/home/robot/jackal_nav2_ws/src/install/lio_sam/share/lio_sam/hook/ld_library_path_lib.sh'
[78.838s] Level 1:colcon.colcon_core.environment:checking '/home/robot/jackal_nav2_ws/src/install/lio_sam/bin'
[78.839s] Level 1:colcon.colcon_core.environment:checking '/home/robot/jackal_nav2_ws/src/install/lio_sam/lib/pkgconfig/lio_sam.pc'
[78.839s] Level 1:colcon.colcon_core.environment:checking '/home/robot/jackal_nav2_ws/src/install/lio_sam/lib/python3.12/site-packages'
[78.839s] Level 1:colcon.colcon_core.shell:create_environment_hook('lio_sam', 'pythonpath')
[78.839s] INFO:colcon.colcon_core.shell:Creating environment hook '/home/robot/jackal_nav2_ws/src/install/lio_sam/share/lio_sam/hook/pythonpath.ps1'
[78.839s] INFO:colcon.colcon_core.shell:Creating environment descriptor '/home/robot/jackal_nav2_ws/src/install/lio_sam/share/lio_sam/hook/pythonpath.dsv'
[78.840s] INFO:colcon.colcon_core.shell:Creating environment hook '/home/robot/jackal_nav2_ws/src/install/lio_sam/share/lio_sam/hook/pythonpath.sh'
[78.840s] Level 1:colcon.colcon_core.environment:checking '/home/robot/jackal_nav2_ws/src/install/lio_sam/bin'
[78.841s] INFO:colcon.colcon_core.shell:Creating package script '/home/robot/jackal_nav2_ws/src/install/lio_sam/share/lio_sam/package.ps1'
[78.841s] INFO:colcon.colcon_core.shell:Creating package descriptor '/home/robot/jackal_nav2_ws/src/install/lio_sam/share/lio_sam/package.dsv'
[78.842s] INFO:colcon.colcon_core.shell:Creating package script '/home/robot/jackal_nav2_ws/src/install/lio_sam/share/lio_sam/package.sh'
[78.842s] INFO:colcon.colcon_core.shell:Creating package script '/home/robot/jackal_nav2_ws/src/install/lio_sam/share/lio_sam/package.bash'
[78.843s] INFO:colcon.colcon_core.shell:Creating package script '/home/robot/jackal_nav2_ws/src/install/lio_sam/share/lio_sam/package.zsh'
[78.843s] Level 1:colcon.colcon_core.environment:create_file_with_runtime_dependencies(/home/robot/jackal_nav2_ws/src/install/lio_sam/share/colcon-core/packages/lio_sam)
[78.843s] DEBUG:colcon.colcon_parallel_executor.executor.parallel:closing loop
[78.843s] DEBUG:colcon.colcon_parallel_executor.executor.parallel:loop closed
[78.843s] DEBUG:colcon.colcon_parallel_executor.executor.parallel:run_until_complete finished with '0'
[78.843s] DEBUG:colcon.colcon_core.event_reactor:joining thread
[78.849s] INFO:colcon.colcon_core.plugin_system:Skipping extension 'colcon_notification.desktop_notification.terminal_notifier': Not used on non-Darwin systems
[78.849s] INFO:colcon.colcon_core.plugin_system:Skipping extension 'colcon_notification.desktop_notification.win32': Not used on non-Windows systems
[78.849s] INFO:colcon.colcon_notification.desktop_notification:Sending desktop notification using 'notify2'
[78.850s] DEBUG:colcon.colcon_notification.desktop_notification.notify2:Failed to initialize notify2: org.freedesktop.DBus.Error.ServiceUnknown: The name org.freedesktop.Notifications was not provided by any .service files
[78.850s] DEBUG:colcon.colcon_core.event_reactor:joined thread
[78.850s] INFO:colcon.colcon_core.shell:Creating prefix script '/home/robot/jackal_nav2_ws/src/install/local_setup.ps1'
[78.851s] INFO:colcon.colcon_core.shell:Creating prefix util module '/home/robot/jackal_nav2_ws/src/install/_local_setup_util_ps1.py'
[78.852s] INFO:colcon.colcon_core.shell:Creating prefix chain script '/home/robot/jackal_nav2_ws/src/install/setup.ps1'
[78.853s] INFO:colcon.colcon_core.shell:Creating prefix script '/home/robot/jackal_nav2_ws/src/install/local_setup.sh'
[78.853s] INFO:colcon.colcon_core.shell:Creating prefix util module '/home/robot/jackal_nav2_ws/src/install/_local_setup_util_sh.py'
[78.854s] INFO:colcon.colcon_core.shell:Creating prefix chain script '/home/robot/jackal_nav2_ws/src/install/setup.sh'
[78.855s] INFO:colcon.colcon_core.shell:Creating prefix script '/home/robot/jackal_nav2_ws/src/install/local_setup.bash'
[78.855s] INFO:colcon.colcon_core.shell:Creating prefix chain script '/home/robot/jackal_nav2_ws/src/install/setup.bash'
[78.856s] INFO:colcon.colcon_core.shell:Creating prefix script '/home/robot/jackal_nav2_ws/src/install/local_setup.zsh'
[78.856s] INFO:colcon.colcon_core.shell:Creating prefix chain script '/home/robot/jackal_nav2_ws/src/install/setup.zsh'
