[0.018s] Invoking command in '/home/robot/jackal_nav2_ws/build/lio_sam': CMAKE_PREFIX_PATH=${CMAKE_PREFIX_PATH}:/opt/ros/jazzy DEBUGINFOD_URLS=https://debuginfod.ubuntu.com NX_CONNECTION=10.147.78.120 34510 10.159.67.249 4000 /usr/bin/cmake /home/robot/jackal_nav2_ws/src/LIO-SAM -DAMENT_CMAKE_SYMLINK_INSTALL=1 -DCMAKE_INSTALL_PREFIX=/home/robot/jackal_nav2_ws/install/lio_sam
[0.036s] -- Found ament_cmake: 2.5.4 (/opt/ros/jazzy/share/ament_cmake/cmake)
[0.065s] -- Found Python3: /usr/bin/python3 (found version "3.12.3") found components: Interpreter 
[0.156s] -- Override CMake install command with custom implementation using symlinks instead of copying resources
[0.163s] -- Found rosidl_default_generators: 1.6.0 (/opt/ros/jazzy/share/rosidl_default_generators/cmake)
[0.166s] -- Using all available rosidl_typesupport_c: rosidl_typesupport_fastrtps_c;rosidl_typesupport_introspection_c
[0.211s] -- Using all available rosidl_typesupport_cpp: rosidl_typesupport_fastrtps_cpp;rosidl_typesupport_introspection_cpp
[0.244s] -- Found rosidl_adapter: 4.6.6 (/opt/ros/jazzy/share/rosidl_adapter/cmake)
[0.246s] -- Found rclcpp: 28.1.12 (/opt/ros/jazzy/share/rclcpp/cmake)
[0.325s] -- Found rmw_implementation_cmake: 7.3.2 (/opt/ros/jazzy/share/rmw_implementation_cmake/cmake)
[0.327s] -- Found rmw_cyclonedds_cpp: 2.2.3 (/opt/ros/jazzy/share/rmw_cyclonedds_cpp/cmake)
[0.354s] -- Using RMW implementation 'rmw_cyclonedds_cpp' as default
[0.430s] -- Found rclpy: 7.1.5 (/opt/ros/jazzy/share/rclpy/cmake)
[0.430s] -- Found cv_bridge: 4.1.0 (/opt/ros/jazzy/share/cv_bridge/cmake)
[0.516s] -- Found nav_msgs: 5.3.6 (/opt/ros/jazzy/share/nav_msgs/cmake)
[0.549s] -- Found visualization_msgs: 5.3.6 (/opt/ros/jazzy/share/visualization_msgs/cmake)
[0.585s] -- Found pcl_conversions: 2.6.2 (/opt/ros/jazzy/share/pcl_conversions/cmake)
[0.647s] [33mCMake Warning (dev) at /usr/lib/x86_64-linux-gnu/cmake/pcl/Modules/FindFLANN.cmake:45 (find_package):
[0.647s]   Policy CMP0144 is not set: find_package uses upper-case <PACKAGENAME>_ROOT
[0.647s]   variables.  Run "cmake --help-policy CMP0144" for policy details.  Use the
[0.647s]   cmake_policy command to set the policy and suppress this warning.
[0.647s] 
[0.647s]   CMake variable FLANN_ROOT is set to:
[0.647s] 
[0.647s]     /usr
[0.647s] 
[0.647s]   For compatibility, find_package is ignoring the variable, but code in a
[0.647s]   .cmake module might still use it.
[0.648s] Call Stack (most recent call first):
[0.648s]   /usr/lib/x86_64-linux-gnu/cmake/pcl/PCLConfig.cmake:261 (find_package)
[0.648s]   /usr/lib/x86_64-linux-gnu/cmake/pcl/PCLConfig.cmake:306 (find_flann)
[0.648s]   /usr/lib/x86_64-linux-gnu/cmake/pcl/PCLConfig.cmake:570 (find_external_library)
[0.648s]   /opt/ros/jazzy/share/pcl_conversions/cmake/ament_cmake_export_dependencies-extras.cmake:21 (find_package)
[0.648s]   /opt/ros/jazzy/share/pcl_conversions/cmake/pcl_conversionsConfig.cmake:41 (include)
[0.648s]   CMakeLists.txt:20 (find_package)
[0.648s] This warning is for project developers.  Use -Wno-dev to suppress it.
[0.648s] [0m
[0.648s] -- Found flann version 1.9.2
[0.650s] -- Found OpenMP: TRUE (found version "4.5") found components: CXX 
[1.180s] -- OpenNI found (version: 1.5.4.0, include: /usr/include/ni, lib: /usr/lib/libOpenNI.so;libusb::libusb)
[1.186s] -- OpenNI2 found (version: 2.2.0.33, include: /usr/include/openni2, lib: /usr/lib/x86_64-linux-gnu/libOpenNI2.so;libusb::libusb)
[1.742s] -- OpenNI found (version: 1.5.4.0, include: /usr/include/ni, lib: /usr/lib/libOpenNI.so;libusb::libusb)
[1.749s] -- OpenNI2 found (version: 2.2.0.33, include: /usr/include/openni2, lib: /usr/lib/x86_64-linux-gnu/libOpenNI2.so;libusb::libusb)
[2.240s] -- Found Qhull version 8.0.2
[2.736s] -- OpenNI found (version: 1.5.4.0, include: /usr/include/ni, lib: /usr/lib/libOpenNI.so;libusb::libusb)
[3.235s] -- Found tf2: 0.36.14 (/opt/ros/jazzy/share/tf2/cmake)
[3.240s] -- Found tf2_geometry_msgs: 0.36.14 (/opt/ros/jazzy/share/tf2_geometry_msgs/cmake)
[3.244s] -- Found eigen3_cmake_module: 0.3.0 (/opt/ros/jazzy/share/eigen3_cmake_module/cmake)
[3.245s] -- Ensuring Eigen3 include directory is part of orocos-kdl CMake target
[3.377s] -- Found tf2_sensor_msgs: 0.36.14 (/opt/ros/jazzy/share/tf2_sensor_msgs/cmake)
[3.382s] -- Found tf2_eigen: 0.36.14 (/opt/ros/jazzy/share/tf2_eigen/cmake)
[3.390s] [33mCMake Warning (dev) at CMakeLists.txt:29 (find_package):
[3.390s]   Policy CMP0074 is not set: find_package uses <PackageName>_ROOT variables.
[3.391s]   Run "cmake --help-policy CMP0074" for policy details.  Use the cmake_policy
[3.391s]   command to set the policy and suppress this warning.
[3.391s] 
[3.391s]   CMake variable PCL_ROOT is set to:
[3.391s] 
[3.391s]     /usr
[3.391s] 
[3.391s]   For compatibility, CMake is ignoring the variable.
[3.391s] This warning is for project developers.  Use -Wno-dev to suppress it.
[3.391s] [0m
[3.418s] -- GTSAM include directory:  /usr/local/lib/cmake/GTSAM/../../../include
[3.423s] -- Found OpenMP: TRUE (found version "4.5")  
[3.777s] -- Found ament_cmake_ros: 0.12.0 (/opt/ros/jazzy/share/ament_cmake_ros/cmake)
[4.022s] -- Using all available rosidl_typesupport_c: rosidl_typesupport_fastrtps_c;rosidl_typesupport_introspection_c
[4.344s] -- Using all available rosidl_typesupport_cpp: rosidl_typesupport_fastrtps_cpp;rosidl_typesupport_introspection_cpp
[4.345s] -- Found python_cmake_module: 0.11.1 (/opt/ros/jazzy/share/python_cmake_module/cmake)
[4.641s] -- Found Python3: /usr/bin/python3 (found version "3.12.3") found components: Interpreter Development NumPy Development.Module Development.Embed 
[4.891s] -- Found ament_lint_auto: 0.17.3 (/opt/ros/jazzy/share/ament_lint_auto/cmake)
[4.904s] -- Added test 'copyright' to check source files copyright and LICENSE
[4.910s] -- Added test 'cppcheck' to perform static code analysis on C / C++ code
[4.913s] -- Configured cppcheck include dirs: /home/robot/jackal_nav2_ws/src/LIO-SAM/include/lio_sam
[4.913s] -- Configured cppcheck exclude dirs and/or files: 
[4.918s] -- Added test 'cpplint' to check C / C++ code against the Google style
[4.918s] -- Configured cpplint exclude dirs and/or files: 
[4.918s] -- Added test 'flake8' to check Python code syntax and style conventions
[4.918s] -- Configured 'flake8' exclude dirs and/or files: 
[4.920s] -- Added test 'lint_cmake' to check CMake code style
[4.921s] -- Added test 'pep257' to check Python code against some of the docstring style conventions in PEP 257
[4.925s] -- Added test 'uncrustify' to check C / C++ code style
[4.925s] -- Configured uncrustify additional arguments: 
[4.926s] -- Added test 'xmllint' to check XML markup files
[4.929s] -- Configuring done (4.9s)
[5.132s] -- Generating done (0.2s)
[5.167s] -- Build files have been written to: /home/robot/jackal_nav2_ws/build/lio_sam
[5.192s] Invoked command in '/home/robot/jackal_nav2_ws/build/lio_sam' returned '0': CMAKE_PREFIX_PATH=${CMAKE_PREFIX_PATH}:/opt/ros/jazzy DEBUGINFOD_URLS=https://debuginfod.ubuntu.com NX_CONNECTION=10.147.78.120 34510 10.159.67.249 4000 /usr/bin/cmake /home/robot/jackal_nav2_ws/src/LIO-SAM -DAMENT_CMAKE_SYMLINK_INSTALL=1 -DCMAKE_INSTALL_PREFIX=/home/robot/jackal_nav2_ws/install/lio_sam
[5.193s] Invoking command in '/home/robot/jackal_nav2_ws/build/lio_sam': CMAKE_PREFIX_PATH=${CMAKE_PREFIX_PATH}:/opt/ros/jazzy DEBUGINFOD_URLS=https://debuginfod.ubuntu.com NX_CONNECTION=10.147.78.120 34510 10.159.67.249 4000 /usr/bin/cmake --build /home/robot/jackal_nav2_ws/build/lio_sam -- -j8 -l8
[5.254s] [  1%] Built target lio_sam__rosidl_generator_type_description
[5.264s] [  1%] Built target ament_cmake_python_symlink_lio_sam
[5.276s] [  3%] Built target lio_sam__cpp
[5.282s] [ 19%] Built target lio_sam__rosidl_generator_c
[5.316s] [ 26%] Built target lio_sam__rosidl_typesupport_introspection_c
[5.319s] [ 51%] Built target lio_sam__rosidl_typesupport_introspection_cpp
[5.320s] [ 53%] Built target lio_sam__rosidl_typesupport_cpp
[5.320s] [ 55%] Built target lio_sam__rosidl_typesupport_fastrtps_cpp
[5.320s] [ 57%] Built target lio_sam__rosidl_typesupport_c
[5.326s] [ 65%] Built target lio_sam__rosidl_typesupport_fastrtps_c
[5.350s] [ 65%] Built target lio_sam
[5.376s] [ 67%] Built target lio_sam__py
[5.377s] [ 71%] Built target lio_sam_imageProjection
[5.377s] [ 75%] Built target lio_sam_featureExtraction
[5.378s] [ 78%] Built target lio_sam_imuPreintegration
[5.379s] [ 82%] Built target lio_sam_mapOptimization
[5.401s] [ 88%] Built target lio_sam__rosidl_generator_py
[5.429s] [100%] Built target lio_sam_s__rosidl_typesupport_c
[5.430s] [100%] Built target lio_sam_s__rosidl_typesupport_fastrtps_c
[5.430s] [100%] Built target lio_sam_s__rosidl_typesupport_introspection_c
[5.576s] running egg_info
[5.610s] writing lio_sam.egg-info/PKG-INFO
[5.610s] writing dependency_links to lio_sam.egg-info/dependency_links.txt
[5.610s] writing top-level names to lio_sam.egg-info/top_level.txt
[5.702s] reading manifest file 'lio_sam.egg-info/SOURCES.txt'
[5.703s] writing manifest file 'lio_sam.egg-info/SOURCES.txt'
[5.737s] [100%] Built target ament_cmake_python_build_lio_sam_egg
[5.749s] Invoked command in '/home/robot/jackal_nav2_ws/build/lio_sam' returned '0': CMAKE_PREFIX_PATH=${CMAKE_PREFIX_PATH}:/opt/ros/jazzy DEBUGINFOD_URLS=https://debuginfod.ubuntu.com NX_CONNECTION=10.147.78.120 34510 10.159.67.249 4000 /usr/bin/cmake --build /home/robot/jackal_nav2_ws/build/lio_sam -- -j8 -l8
[5.750s] Invoking command in '/home/robot/jackal_nav2_ws/build/lio_sam': CMAKE_PREFIX_PATH=${CMAKE_PREFIX_PATH}:/opt/ros/jazzy DEBUGINFOD_URLS=https://debuginfod.ubuntu.com NX_CONNECTION=10.147.78.120 34510 10.159.67.249 4000 /usr/bin/cmake --install /home/robot/jackal_nav2_ws/build/lio_sam
[5.759s] -- Install configuration: "Release"
[5.759s] -- Execute custom install script
[5.760s] -- Up-to-date symlink: /home/robot/jackal_nav2_ws/install/lio_sam/share/ament_index/resource_index/rosidl_interfaces/lio_sam
[5.760s] -- Up-to-date symlink: /home/robot/jackal_nav2_ws/install/lio_sam/share/lio_sam/msg/CloudInfo.json
[5.760s] -- Up-to-date symlink: /home/robot/jackal_nav2_ws/install/lio_sam/share/lio_sam/srv/SaveMap.json
[5.761s] -- Up-to-date symlink: /home/robot/jackal_nav2_ws/install/lio_sam/include/lio_sam/lio_sam/msg/cloud_info.h
[5.761s] -- Up-to-date symlink: /home/robot/jackal_nav2_ws/install/lio_sam/include/lio_sam/lio_sam/msg/detail/cloud_info__functions.h
[5.761s] -- Up-to-date symlink: /home/robot/jackal_nav2_ws/install/lio_sam/include/lio_sam/lio_sam/msg/detail/cloud_info__struct.h
[5.761s] -- Up-to-date symlink: /home/robot/jackal_nav2_ws/install/lio_sam/include/lio_sam/lio_sam/msg/detail/cloud_info__type_support.h
[5.761s] -- Up-to-date symlink: /home/robot/jackal_nav2_ws/install/lio_sam/include/lio_sam/lio_sam/msg/rosidl_generator_c__visibility_control.h
[5.761s] -- Up-to-date symlink: /home/robot/jackal_nav2_ws/install/lio_sam/include/lio_sam/lio_sam/srv/detail/save_map__functions.h
[5.761s] -- Up-to-date symlink: /home/robot/jackal_nav2_ws/install/lio_sam/include/lio_sam/lio_sam/srv/detail/save_map__struct.h
[5.761s] -- Up-to-date symlink: /home/robot/jackal_nav2_ws/install/lio_sam/include/lio_sam/lio_sam/srv/detail/save_map__type_support.h
[5.762s] -- Up-to-date symlink: /home/robot/jackal_nav2_ws/install/lio_sam/include/lio_sam/lio_sam/srv/save_map.h
[5.762s] -- Up-to-date symlink: /home/robot/jackal_nav2_ws/install/lio_sam/share/lio_sam/environment/library_path.sh
[5.762s] -- Up-to-date symlink: /home/robot/jackal_nav2_ws/install/lio_sam/share/lio_sam/environment/library_path.dsv
[5.762s] -- Up-to-date symlink: /home/robot/jackal_nav2_ws/install/lio_sam/include/lio_sam/lio_sam/msg/detail/cloud_info__rosidl_typesupport_fastrtps_c.h
[5.763s] -- Up-to-date symlink: /home/robot/jackal_nav2_ws/install/lio_sam/include/lio_sam/lio_sam/msg/rosidl_typesupport_fastrtps_c__visibility_control.h
[5.763s] -- Up-to-date symlink: /home/robot/jackal_nav2_ws/install/lio_sam/include/lio_sam/lio_sam/srv/detail/save_map__rosidl_typesupport_fastrtps_c.h
[5.763s] -- Up-to-date symlink: /home/robot/jackal_nav2_ws/install/lio_sam/include/lio_sam/lio_sam/msg/detail/cloud_info__rosidl_typesupport_introspection_c.h
[5.763s] -- Up-to-date symlink: /home/robot/jackal_nav2_ws/install/lio_sam/include/lio_sam/lio_sam/msg/rosidl_typesupport_introspection_c__visibility_control.h
[5.763s] -- Up-to-date symlink: /home/robot/jackal_nav2_ws/install/lio_sam/include/lio_sam/lio_sam/srv/detail/save_map__rosidl_typesupport_introspection_c.h
[5.764s] -- Up-to-date symlink: /home/robot/jackal_nav2_ws/install/lio_sam/include/lio_sam/lio_sam/msg/cloud_info.hpp
[5.764s] -- Up-to-date symlink: /home/robot/jackal_nav2_ws/install/lio_sam/include/lio_sam/lio_sam/msg/detail/cloud_info__builder.hpp
[5.764s] -- Up-to-date symlink: /home/robot/jackal_nav2_ws/install/lio_sam/include/lio_sam/lio_sam/msg/detail/cloud_info__struct.hpp
[5.764s] -- Up-to-date symlink: /home/robot/jackal_nav2_ws/install/lio_sam/include/lio_sam/lio_sam/msg/detail/cloud_info__traits.hpp
[5.764s] -- Up-to-date symlink: /home/robot/jackal_nav2_ws/install/lio_sam/include/lio_sam/lio_sam/msg/detail/cloud_info__type_support.hpp
[5.764s] -- Up-to-date symlink: /home/robot/jackal_nav2_ws/install/lio_sam/include/lio_sam/lio_sam/msg/rosidl_generator_cpp__visibility_control.hpp
[5.764s] -- Up-to-date symlink: /home/robot/jackal_nav2_ws/install/lio_sam/include/lio_sam/lio_sam/srv/detail/save_map__builder.hpp
[5.765s] -- Up-to-date symlink: /home/robot/jackal_nav2_ws/install/lio_sam/include/lio_sam/lio_sam/srv/detail/save_map__struct.hpp
[5.765s] -- Up-to-date symlink: /home/robot/jackal_nav2_ws/install/lio_sam/include/lio_sam/lio_sam/srv/detail/save_map__traits.hpp
[5.765s] -- Up-to-date symlink: /home/robot/jackal_nav2_ws/install/lio_sam/include/lio_sam/lio_sam/srv/detail/save_map__type_support.hpp
[5.765s] -- Up-to-date symlink: /home/robot/jackal_nav2_ws/install/lio_sam/include/lio_sam/lio_sam/srv/save_map.hpp
[5.765s] -- Up-to-date symlink: /home/robot/jackal_nav2_ws/install/lio_sam/include/lio_sam/lio_sam/msg/detail/cloud_info__rosidl_typesupport_fastrtps_cpp.hpp
[5.765s] -- Up-to-date symlink: /home/robot/jackal_nav2_ws/install/lio_sam/include/lio_sam/lio_sam/msg/rosidl_typesupport_fastrtps_cpp__visibility_control.h
[5.766s] -- Up-to-date symlink: /home/robot/jackal_nav2_ws/install/lio_sam/include/lio_sam/lio_sam/srv/detail/save_map__rosidl_typesupport_fastrtps_cpp.hpp
[5.766s] -- Up-to-date symlink: /home/robot/jackal_nav2_ws/install/lio_sam/include/lio_sam/lio_sam/msg/detail/cloud_info__rosidl_typesupport_introspection_cpp.hpp
[5.766s] -- Up-to-date symlink: /home/robot/jackal_nav2_ws/install/lio_sam/include/lio_sam/lio_sam/srv/detail/save_map__rosidl_typesupport_introspection_cpp.hpp
[5.766s] -- Up-to-date symlink: /home/robot/jackal_nav2_ws/install/lio_sam/share/lio_sam/environment/pythonpath.sh
[5.766s] -- Up-to-date symlink: /home/robot/jackal_nav2_ws/install/lio_sam/share/lio_sam/environment/pythonpath.dsv
[5.767s] -- Up-to-date symlink: /home/robot/jackal_nav2_ws/install/lio_sam/lib/python3.12/site-packages/lio_sam-1.0.0-py3.12.egg-info/PKG-INFO
[5.767s] -- Up-to-date symlink: /home/robot/jackal_nav2_ws/install/lio_sam/lib/python3.12/site-packages/lio_sam-1.0.0-py3.12.egg-info/SOURCES.txt
[5.767s] -- Up-to-date symlink: /home/robot/jackal_nav2_ws/install/lio_sam/lib/python3.12/site-packages/lio_sam-1.0.0-py3.12.egg-info/dependency_links.txt
[5.767s] -- Up-to-date symlink: /home/robot/jackal_nav2_ws/install/lio_sam/lib/python3.12/site-packages/lio_sam-1.0.0-py3.12.egg-info/top_level.txt
[5.768s] -- Up-to-date symlink: /home/robot/jackal_nav2_ws/install/lio_sam/lib/python3.12/site-packages/lio_sam/__init__.py
[5.768s] -- Up-to-date symlink: /home/robot/jackal_nav2_ws/install/lio_sam/lib/python3.12/site-packages/lio_sam/_lio_sam_s.ep.rosidl_typesupport_c.c
[5.768s] -- Up-to-date symlink: /home/robot/jackal_nav2_ws/install/lio_sam/lib/python3.12/site-packages/lio_sam/_lio_sam_s.ep.rosidl_typesupport_fastrtps_c.c
[5.768s] -- Up-to-date symlink: /home/robot/jackal_nav2_ws/install/lio_sam/lib/python3.12/site-packages/lio_sam/_lio_sam_s.ep.rosidl_typesupport_introspection_c.c
[5.768s] -- Up-to-date symlink: /home/robot/jackal_nav2_ws/install/lio_sam/lib/python3.12/site-packages/lio_sam/lio_sam_s__rosidl_typesupport_c.so
[5.768s] -- Up-to-date symlink: /home/robot/jackal_nav2_ws/install/lio_sam/lib/python3.12/site-packages/lio_sam/lio_sam_s__rosidl_typesupport_fastrtps_c.so
[5.768s] -- Up-to-date symlink: /home/robot/jackal_nav2_ws/install/lio_sam/lib/python3.12/site-packages/lio_sam/lio_sam_s__rosidl_typesupport_introspection_c.so
[5.769s] -- Up-to-date symlink: /home/robot/jackal_nav2_ws/install/lio_sam/lib/python3.12/site-packages/lio_sam/msg/__init__.py
[5.769s] -- Up-to-date symlink: /home/robot/jackal_nav2_ws/install/lio_sam/lib/python3.12/site-packages/lio_sam/msg/_cloud_info.py
[5.769s] -- Up-to-date symlink: /home/robot/jackal_nav2_ws/install/lio_sam/lib/python3.12/site-packages/lio_sam/msg/_cloud_info_s.c
[5.769s] -- Up-to-date symlink: /home/robot/jackal_nav2_ws/install/lio_sam/lib/python3.12/site-packages/lio_sam/srv/__init__.py
[5.769s] -- Up-to-date symlink: /home/robot/jackal_nav2_ws/install/lio_sam/lib/python3.12/site-packages/lio_sam/srv/_save_map.py
[5.769s] -- Up-to-date symlink: /home/robot/jackal_nav2_ws/install/lio_sam/lib/python3.12/site-packages/lio_sam/srv/_save_map_s.c
[5.769s] -- Up-to-date symlink: /home/robot/jackal_nav2_ws/install/lio_sam/lib/python3.12/site-packages/lio_sam/lio_sam_s__rosidl_typesupport_fastrtps_c.so
[5.770s] -- Up-to-date symlink: /home/robot/jackal_nav2_ws/install/lio_sam/lib/python3.12/site-packages/lio_sam/lio_sam_s__rosidl_typesupport_introspection_c.so
[5.770s] -- Up-to-date symlink: /home/robot/jackal_nav2_ws/install/lio_sam/lib/python3.12/site-packages/lio_sam/lio_sam_s__rosidl_typesupport_c.so
[5.770s] -- Up-to-date symlink: /home/robot/jackal_nav2_ws/install/lio_sam/share/lio_sam/msg/CloudInfo.idl
[5.770s] -- Up-to-date symlink: /home/robot/jackal_nav2_ws/install/lio_sam/share/lio_sam/srv/SaveMap.idl
[5.770s] -- Up-to-date symlink: /home/robot/jackal_nav2_ws/install/lio_sam/share/lio_sam/msg/CloudInfo.msg
[5.771s] -- Up-to-date symlink: /home/robot/jackal_nav2_ws/install/lio_sam/share/lio_sam/srv/SaveMap.srv
[5.771s] -- Up-to-date symlink: /home/robot/jackal_nav2_ws/install/lio_sam/share/lio_sam//launch/lio_map_projection.launch.py
[5.771s] -- Up-to-date symlink: /home/robot/jackal_nav2_ws/install/lio_sam/share/lio_sam//launch/run.launch.py
[5.772s] [33mCMake Warning (dev) at ament_cmake_symlink_install/ament_cmake_symlink_install.cmake:62 (file):
[5.772s]   Policy CMP0009 is not set: FILE GLOB_RECURSE calls should not follow
[5.772s]   symlinks by default.  Run "cmake --help-policy CMP0009" for policy details.
[5.772s]   Use the cmake_policy command to set the policy and suppress this warning.
[5.772s] Call Stack (most recent call first):
[5.772s]   ament_cmake_symlink_install/ament_cmake_symlink_install.cmake:383 (ament_cmake_symlink_install_directory)
[5.772s]   cmake_install.cmake:46 (include)
[5.773s] This warning is for project developers.  Use -Wno-dev to suppress it.
[5.773s] [0m
[5.773s] -- Up-to-date symlink: /home/robot/jackal_nav2_ws/install/lio_sam/share/lio_sam//config/build/.built_by
[5.773s] -- Up-to-date symlink: /home/robot/jackal_nav2_ws/install/lio_sam/share/lio_sam//config/build/COLCON_IGNORE
[5.773s] -- Up-to-date symlink: /home/robot/jackal_nav2_ws/install/lio_sam/share/lio_sam//config/doc/demo.gif
[5.773s] -- Up-to-date symlink: /home/robot/jackal_nav2_ws/install/lio_sam/share/lio_sam//config/doc/device-boat.png
[5.773s] -- Up-to-date symlink: /home/robot/jackal_nav2_ws/install/lio_sam/share/lio_sam//config/doc/device-hand-2.png
[5.773s] -- Up-to-date symlink: /home/robot/jackal_nav2_ws/install/lio_sam/share/lio_sam//config/doc/device-hand.png
[5.773s] -- Up-to-date symlink: /home/robot/jackal_nav2_ws/install/lio_sam/share/lio_sam//config/doc/device-jackal.png
[5.773s] -- Up-to-date symlink: /home/robot/jackal_nav2_ws/install/lio_sam/share/lio_sam//config/doc/gps-demo.gif
[5.774s] -- Up-to-date symlink: /home/robot/jackal_nav2_ws/install/lio_sam/share/lio_sam//config/doc/imu-debug.gif
[5.774s] -- Up-to-date symlink: /home/robot/jackal_nav2_ws/install/lio_sam/share/lio_sam//config/doc/imu-transform.png
[5.774s] -- Up-to-date symlink: /home/robot/jackal_nav2_ws/install/lio_sam/share/lio_sam//config/doc/kitti-demo.gif
[5.774s] -- Up-to-date symlink: /home/robot/jackal_nav2_ws/install/lio_sam/share/lio_sam//config/doc/kitti-map.png
[5.774s] -- Up-to-date symlink: /home/robot/jackal_nav2_ws/install/lio_sam/share/lio_sam//config/doc/kitti2bag/README.md
[5.774s] -- Up-to-date symlink: /home/robot/jackal_nav2_ws/install/lio_sam/share/lio_sam//config/doc/kitti2bag/kitti2bag.py
[5.774s] -- Up-to-date symlink: /home/robot/jackal_nav2_ws/install/lio_sam/share/lio_sam//config/doc/loop-closure-2.gif
[5.774s] -- Up-to-date symlink: /home/robot/jackal_nav2_ws/install/lio_sam/share/lio_sam//config/doc/loop-closure.gif
[5.774s] -- Up-to-date symlink: /home/robot/jackal_nav2_ws/install/lio_sam/share/lio_sam//config/doc/ouster-demo.gif
[5.774s] -- Up-to-date symlink: /home/robot/jackal_nav2_ws/install/lio_sam/share/lio_sam//config/doc/ouster-device.jpg
[5.774s] -- Up-to-date symlink: /home/robot/jackal_nav2_ws/install/lio_sam/share/lio_sam//config/doc/paper.pdf
[5.775s] -- Up-to-date symlink: /home/robot/jackal_nav2_ws/install/lio_sam/share/lio_sam//config/doc/system.png
[5.775s] -- Up-to-date symlink: /home/robot/jackal_nav2_ws/install/lio_sam/share/lio_sam//config/install/.colcon_install_layout
[5.775s] -- Up-to-date symlink: /home/robot/jackal_nav2_ws/install/lio_sam/share/lio_sam//config/install/COLCON_IGNORE
[5.775s] -- Up-to-date symlink: /home/robot/jackal_nav2_ws/install/lio_sam/share/lio_sam//config/install/_local_setup_util_ps1.py
[5.775s] -- Up-to-date symlink: /home/robot/jackal_nav2_ws/install/lio_sam/share/lio_sam//config/install/_local_setup_util_sh.py
[5.775s] -- Up-to-date symlink: /home/robot/jackal_nav2_ws/install/lio_sam/share/lio_sam//config/install/local_setup.bash
[5.775s] -- Up-to-date symlink: /home/robot/jackal_nav2_ws/install/lio_sam/share/lio_sam//config/install/local_setup.ps1
[5.775s] -- Up-to-date symlink: /home/robot/jackal_nav2_ws/install/lio_sam/share/lio_sam//config/install/local_setup.sh
[5.776s] -- Up-to-date symlink: /home/robot/jackal_nav2_ws/install/lio_sam/share/lio_sam//config/install/local_setup.zsh
[5.776s] -- Up-to-date symlink: /home/robot/jackal_nav2_ws/install/lio_sam/share/lio_sam//config/install/setup.bash
[5.776s] -- Up-to-date symlink: /home/robot/jackal_nav2_ws/install/lio_sam/share/lio_sam//config/install/setup.ps1
[5.776s] -- Up-to-date symlink: /home/robot/jackal_nav2_ws/install/lio_sam/share/lio_sam//config/install/setup.sh
[5.776s] -- Up-to-date symlink: /home/robot/jackal_nav2_ws/install/lio_sam/share/lio_sam//config/install/setup.zsh
[5.776s] -- Up-to-date symlink: /home/robot/jackal_nav2_ws/install/lio_sam/share/lio_sam//config/log/COLCON_IGNORE
[5.776s] -- Up-to-date symlink: /home/robot/jackal_nav2_ws/install/lio_sam/share/lio_sam//config/log/build_2025-10-31_17-14-19/events.log
[5.777s] -- Up-to-date symlink: /home/robot/jackal_nav2_ws/install/lio_sam/share/lio_sam//config/log/build_2025-10-31_17-14-19/logger_all.log
[5.777s] -- Up-to-date symlink: /home/robot/jackal_nav2_ws/install/lio_sam/share/lio_sam//config/log/build_2025-10-31_18-34-24/events.log
[5.777s] -- Up-to-date symlink: /home/robot/jackal_nav2_ws/install/lio_sam/share/lio_sam//config/log/build_2025-10-31_18-34-24/logger_all.log
[5.777s] -- Up-to-date symlink: /home/robot/jackal_nav2_ws/install/lio_sam/share/lio_sam//config/log/latest/events.log
[5.777s] -- Up-to-date symlink: /home/robot/jackal_nav2_ws/install/lio_sam/share/lio_sam//config/log/latest/logger_all.log
[5.777s] -- Up-to-date symlink: /home/robot/jackal_nav2_ws/install/lio_sam/share/lio_sam//config/log/latest_build/events.log
[5.777s] -- Up-to-date symlink: /home/robot/jackal_nav2_ws/install/lio_sam/share/lio_sam//config/log/latest_build/logger_all.log
[5.777s] -- Up-to-date symlink: /home/robot/jackal_nav2_ws/install/lio_sam/share/lio_sam//config/params.yaml
[5.777s] -- Up-to-date symlink: /home/robot/jackal_nav2_ws/install/lio_sam/share/lio_sam//config/robot.urdf.xacro
[5.777s] -- Up-to-date symlink: /home/robot/jackal_nav2_ws/install/lio_sam/share/lio_sam//config/rviz2.rviz
[5.777s] -- Up-to-date symlink: /home/robot/jackal_nav2_ws/install/lio_sam/lib/lio_sam/lio_sam_imageProjection
[5.778s] -- Up-to-date symlink: /home/robot/jackal_nav2_ws/install/lio_sam/lib/lio_sam/lio_sam_imuPreintegration
[5.778s] -- Up-to-date symlink: /home/robot/jackal_nav2_ws/install/lio_sam/lib/lio_sam/lio_sam_featureExtraction
[5.778s] -- Up-to-date symlink: /home/robot/jackal_nav2_ws/install/lio_sam/lib/lio_sam/lio_sam_mapOptimization
[5.779s] -- Up-to-date symlink: /home/robot/jackal_nav2_ws/install/lio_sam/include/lio_sam/utility.hpp
[5.779s] -- Up-to-date symlink: /home/robot/jackal_nav2_ws/install/lio_sam/share/ament_index/resource_index/package_run_dependencies/lio_sam
[5.779s] -- Up-to-date symlink: /home/robot/jackal_nav2_ws/install/lio_sam/share/ament_index/resource_index/parent_prefix_path/lio_sam
[5.779s] -- Up-to-date symlink: /home/robot/jackal_nav2_ws/install/lio_sam/share/lio_sam/environment/ament_prefix_path.sh
[5.779s] -- Up-to-date symlink: /home/robot/jackal_nav2_ws/install/lio_sam/share/lio_sam/environment/ament_prefix_path.dsv
[5.780s] -- Up-to-date symlink: /home/robot/jackal_nav2_ws/install/lio_sam/share/lio_sam/environment/path.sh
[5.780s] -- Up-to-date symlink: /home/robot/jackal_nav2_ws/install/lio_sam/share/lio_sam/environment/path.dsv
[5.780s] -- Up-to-date symlink: /home/robot/jackal_nav2_ws/install/lio_sam/share/lio_sam/local_setup.bash
[5.780s] -- Up-to-date symlink: /home/robot/jackal_nav2_ws/install/lio_sam/share/lio_sam/local_setup.sh
[5.780s] -- Up-to-date symlink: /home/robot/jackal_nav2_ws/install/lio_sam/share/lio_sam/local_setup.zsh
[5.781s] -- Up-to-date symlink: /home/robot/jackal_nav2_ws/install/lio_sam/share/lio_sam/local_setup.dsv
[5.781s] -- Symlinking: /home/robot/jackal_nav2_ws/install/lio_sam/share/lio_sam/package.dsv
[5.790s] -- Up-to-date symlink: /home/robot/jackal_nav2_ws/install/lio_sam/share/ament_index/resource_index/packages/lio_sam
[5.790s] -- Up-to-date symlink: /home/robot/jackal_nav2_ws/install/lio_sam/share/lio_sam/cmake/rosidl_cmake-extras.cmake
[5.790s] -- Up-to-date symlink: /home/robot/jackal_nav2_ws/install/lio_sam/share/lio_sam/cmake/ament_cmake_export_dependencies-extras.cmake
[5.790s] -- Up-to-date symlink: /home/robot/jackal_nav2_ws/install/lio_sam/share/lio_sam/cmake/ament_cmake_export_include_directories-extras.cmake
[5.791s] -- Up-to-date symlink: /home/robot/jackal_nav2_ws/install/lio_sam/share/lio_sam/cmake/ament_cmake_export_libraries-extras.cmake
[5.791s] -- Up-to-date symlink: /home/robot/jackal_nav2_ws/install/lio_sam/share/lio_sam/cmake/ament_cmake_export_targets-extras.cmake
[5.791s] -- Up-to-date symlink: /home/robot/jackal_nav2_ws/install/lio_sam/share/lio_sam/cmake/rosidl_cmake_export_typesupport_targets-extras.cmake
[5.791s] -- Up-to-date symlink: /home/robot/jackal_nav2_ws/install/lio_sam/share/lio_sam/cmake/rosidl_cmake_export_typesupport_libraries-extras.cmake
[5.791s] -- Up-to-date symlink: /home/robot/jackal_nav2_ws/install/lio_sam/share/lio_sam/cmake/lio_samConfig.cmake
[5.791s] -- Up-to-date symlink: /home/robot/jackal_nav2_ws/install/lio_sam/share/lio_sam/cmake/lio_samConfig-version.cmake
[5.791s] -- Up-to-date symlink: /home/robot/jackal_nav2_ws/install/lio_sam/share/lio_sam/package.xml
[5.792s] -- Up-to-date: /home/robot/jackal_nav2_ws/install/lio_sam/lib/liblio_sam__rosidl_generator_c.so
[5.792s] -- Up-to-date: /home/robot/jackal_nav2_ws/install/lio_sam/lib/liblio_sam__rosidl_typesupport_fastrtps_c.so
[5.793s] -- Up-to-date: /home/robot/jackal_nav2_ws/install/lio_sam/lib/liblio_sam__rosidl_typesupport_introspection_c.so
[5.793s] -- Up-to-date: /home/robot/jackal_nav2_ws/install/lio_sam/lib/liblio_sam__rosidl_typesupport_c.so
[5.793s] -- Up-to-date: /home/robot/jackal_nav2_ws/install/lio_sam/lib/liblio_sam__rosidl_typesupport_fastrtps_cpp.so
[5.793s] -- Up-to-date: /home/robot/jackal_nav2_ws/install/lio_sam/lib/liblio_sam__rosidl_typesupport_introspection_cpp.so
[5.794s] -- Up-to-date: /home/robot/jackal_nav2_ws/install/lio_sam/lib/liblio_sam__rosidl_typesupport_cpp.so
[5.835s] Listing '/home/robot/jackal_nav2_ws/install/lio_sam/lib/python3.12/site-packages/lio_sam'...
[5.836s] Compiling '/home/robot/jackal_nav2_ws/install/lio_sam/lib/python3.12/site-packages/lio_sam/__init__.py'...
[5.836s] Listing '/home/robot/jackal_nav2_ws/install/lio_sam/lib/python3.12/site-packages/lio_sam/msg'...
[5.836s] Listing '/home/robot/jackal_nav2_ws/install/lio_sam/lib/python3.12/site-packages/lio_sam/srv'...
[5.842s] -- Up-to-date: /home/robot/jackal_nav2_ws/install/lio_sam/lib/liblio_sam__rosidl_generator_py.so
[5.842s] -- Up-to-date: /home/robot/jackal_nav2_ws/install/lio_sam/share/lio_sam/cmake/export_lio_sam__rosidl_generator_cExport.cmake
[5.842s] -- Up-to-date: /home/robot/jackal_nav2_ws/install/lio_sam/share/lio_sam/cmake/export_lio_sam__rosidl_generator_cExport-release.cmake
[5.842s] -- Up-to-date: /home/robot/jackal_nav2_ws/install/lio_sam/share/lio_sam/cmake/export_lio_sam__rosidl_typesupport_fastrtps_cExport.cmake
[5.842s] -- Up-to-date: /home/robot/jackal_nav2_ws/install/lio_sam/share/lio_sam/cmake/export_lio_sam__rosidl_typesupport_fastrtps_cExport-release.cmake
[5.843s] -- Up-to-date: /home/robot/jackal_nav2_ws/install/lio_sam/share/lio_sam/cmake/lio_sam__rosidl_typesupport_introspection_cExport.cmake
[5.843s] -- Up-to-date: /home/robot/jackal_nav2_ws/install/lio_sam/share/lio_sam/cmake/lio_sam__rosidl_typesupport_introspection_cExport-release.cmake
[5.843s] -- Up-to-date: /home/robot/jackal_nav2_ws/install/lio_sam/share/lio_sam/cmake/lio_sam__rosidl_typesupport_cExport.cmake
[5.843s] -- Up-to-date: /home/robot/jackal_nav2_ws/install/lio_sam/share/lio_sam/cmake/lio_sam__rosidl_typesupport_cExport-release.cmake
[5.843s] -- Up-to-date: /home/robot/jackal_nav2_ws/install/lio_sam/share/lio_sam/cmake/export_lio_sam__rosidl_generator_cppExport.cmake
[5.843s] -- Up-to-date: /home/robot/jackal_nav2_ws/install/lio_sam/share/lio_sam/cmake/export_lio_sam__rosidl_typesupport_fastrtps_cppExport.cmake
[5.843s] -- Up-to-date: /home/robot/jackal_nav2_ws/install/lio_sam/share/lio_sam/cmake/export_lio_sam__rosidl_typesupport_fastrtps_cppExport-release.cmake
[5.843s] -- Up-to-date: /home/robot/jackal_nav2_ws/install/lio_sam/share/lio_sam/cmake/lio_sam__rosidl_typesupport_introspection_cppExport.cmake
[5.843s] -- Up-to-date: /home/robot/jackal_nav2_ws/install/lio_sam/share/lio_sam/cmake/lio_sam__rosidl_typesupport_introspection_cppExport-release.cmake
[5.844s] -- Up-to-date: /home/robot/jackal_nav2_ws/install/lio_sam/share/lio_sam/cmake/lio_sam__rosidl_typesupport_cppExport.cmake
[5.844s] -- Up-to-date: /home/robot/jackal_nav2_ws/install/lio_sam/share/lio_sam/cmake/lio_sam__rosidl_typesupport_cppExport-release.cmake
[5.844s] -- Up-to-date: /home/robot/jackal_nav2_ws/install/lio_sam/share/lio_sam/cmake/export_lio_sam__rosidl_generator_pyExport.cmake
[5.844s] -- Up-to-date: /home/robot/jackal_nav2_ws/install/lio_sam/share/lio_sam/cmake/export_lio_sam__rosidl_generator_pyExport-release.cmake
[5.845s] Invoked command in '/home/robot/jackal_nav2_ws/build/lio_sam' returned '0': CMAKE_PREFIX_PATH=${CMAKE_PREFIX_PATH}:/opt/ros/jazzy DEBUGINFOD_URLS=https://debuginfod.ubuntu.com NX_CONNECTION=10.147.78.120 34510 10.159.67.249 4000 /usr/bin/cmake --install /home/robot/jackal_nav2_ws/build/lio_sam
