[0.020s] Invoking command in '/home/robot/jackal_nav2_ws/build/jackal_nav2': CMAKE_PREFIX_PATH=${CMAKE_PREFIX_PATH}:/opt/ros/jazzy DEBUGINFOD_URLS=https://debuginfod.ubuntu.com /usr/bin/cmake /home/robot/jackal_nav2_ws/src/jackal_nav2 -DCMAKE_INSTALL_PREFIX=/home/robot/jackal_nav2_ws/install/jackal_nav2
[0.094s] -- Found ament_cmake: 2.5.4 (/opt/ros/jazzy/share/ament_cmake/cmake)
[0.327s] -- Override CMake install command with custom implementation using symlinks instead of copying resources
[0.442s] -- Configuring done (0.4s)
[0.452s] -- Generating done (0.0s)
[0.455s] -- Build files have been written to: /home/robot/jackal_nav2_ws/build/jackal_nav2
[0.459s] Invoked command in '/home/robot/jackal_nav2_ws/build/jackal_nav2' returned '0': CMAKE_PREFIX_PATH=${CMAKE_PREFIX_PATH}:/opt/ros/jazzy DEBUGINFOD_URLS=https://debuginfod.ubuntu.com /usr/bin/cmake /home/robot/jackal_nav2_ws/src/jackal_nav2 -DCMAKE_INSTALL_PREFIX=/home/robot/jackal_nav2_ws/install/jackal_nav2
[0.460s] Invoking command in '/home/robot/jackal_nav2_ws/build/jackal_nav2': CMAKE_PREFIX_PATH=${CMAKE_PREFIX_PATH}:/opt/ros/jazzy DEBUGINFOD_URLS=https://debuginfod.ubuntu.com /usr/bin/cmake --build /home/robot/jackal_nav2_ws/build/jackal_nav2 -- -j8 -l8
[0.502s] Invoked command in '/home/robot/jackal_nav2_ws/build/jackal_nav2' returned '0': CMAKE_PREFIX_PATH=${CMAKE_PREFIX_PATH}:/opt/ros/jazzy DEBUGINFOD_URLS=https://debuginfod.ubuntu.com /usr/bin/cmake --build /home/robot/jackal_nav2_ws/build/jackal_nav2 -- -j8 -l8
[0.512s] Invoking command in '/home/robot/jackal_nav2_ws/build/jackal_nav2': CMAKE_PREFIX_PATH=${CMAKE_PREFIX_PATH}:/opt/ros/jazzy DEBUGINFOD_URLS=https://debuginfod.ubuntu.com /usr/bin/cmake --install /home/robot/jackal_nav2_ws/build/jackal_nav2
[0.520s] -- Install configuration: ""
[0.521s] -- Execute custom install script
[0.521s] -- Up-to-date symlink: /home/robot/jackal_nav2_ws/install/jackal_nav2/share/jackal_nav2/launch/nav2_with_lio.launch.py
[0.521s] -- Symlinking: /home/robot/jackal_nav2_ws/install/jackal_nav2/share/jackal_nav2/launch/pointcloud_to_laserscan.launch.py
[0.531s] -- Up-to-date symlink: /home/robot/jackal_nav2_ws/install/jackal_nav2/share/jackal_nav2/config/nav2_params.yaml
[0.531s] -- Up-to-date symlink: /home/robot/jackal_nav2_ws/install/jackal_nav2/share/jackal_nav2/config/nav2_params.yaml.backup
[0.531s] -- Up-to-date symlink: /home/robot/jackal_nav2_ws/install/jackal_nav2/share/ament_index/resource_index/package_run_dependencies/jackal_nav2
[0.532s] -- Up-to-date symlink: /home/robot/jackal_nav2_ws/install/jackal_nav2/share/ament_index/resource_index/parent_prefix_path/jackal_nav2
[0.532s] -- Up-to-date symlink: /home/robot/jackal_nav2_ws/install/jackal_nav2/share/jackal_nav2/environment/ament_prefix_path.sh
[0.532s] -- Up-to-date symlink: /home/robot/jackal_nav2_ws/install/jackal_nav2/share/jackal_nav2/environment/ament_prefix_path.dsv
[0.532s] -- Up-to-date symlink: /home/robot/jackal_nav2_ws/install/jackal_nav2/share/jackal_nav2/environment/path.sh
[0.532s] -- Up-to-date symlink: /home/robot/jackal_nav2_ws/install/jackal_nav2/share/jackal_nav2/environment/path.dsv
[0.532s] -- Up-to-date symlink: /home/robot/jackal_nav2_ws/install/jackal_nav2/share/jackal_nav2/local_setup.bash
[0.533s] -- Up-to-date symlink: /home/robot/jackal_nav2_ws/install/jackal_nav2/share/jackal_nav2/local_setup.sh
[0.533s] -- Up-to-date symlink: /home/robot/jackal_nav2_ws/install/jackal_nav2/share/jackal_nav2/local_setup.zsh
[0.533s] -- Up-to-date symlink: /home/robot/jackal_nav2_ws/install/jackal_nav2/share/jackal_nav2/local_setup.dsv
[0.533s] -- Symlinking: /home/robot/jackal_nav2_ws/install/jackal_nav2/share/jackal_nav2/package.dsv
[0.542s] -- Up-to-date symlink: /home/robot/jackal_nav2_ws/install/jackal_nav2/share/ament_index/resource_index/packages/jackal_nav2
[0.542s] -- Up-to-date symlink: /home/robot/jackal_nav2_ws/install/jackal_nav2/share/jackal_nav2/cmake/jackal_nav2Config.cmake
[0.543s] -- Up-to-date symlink: /home/robot/jackal_nav2_ws/install/jackal_nav2/share/jackal_nav2/cmake/jackal_nav2Config-version.cmake
[0.543s] -- Up-to-date symlink: /home/robot/jackal_nav2_ws/install/jackal_nav2/share/jackal_nav2/package.xml
[0.544s] Invoked command in '/home/robot/jackal_nav2_ws/build/jackal_nav2' returned '0': CMAKE_PREFIX_PATH=${CMAKE_PREFIX_PATH}:/opt/ros/jazzy DEBUGINFOD_URLS=https://debuginfod.ubuntu.com /usr/bin/cmake --install /home/robot/jackal_nav2_ws/build/jackal_nav2
